INFO     19:51:57     [tensor_storage.py:70] Hugepage enabled for branch-and-bound domains.
Configurations:

general:
  device: cuda
  seed: 100
  conv_mode: patches
  deterministic: false
  double_fp: false
  loss_reduction_func: sum
  sparse_alpha: true
  sparse_interm: true
  save_adv_example: false
  verify_onnxruntime_output: false
  eval_adv_example: false
  onnx_adv_example: false
  show_adv_example: false
  precompile_jit: false
  reset_seed_after_precompile: false
  prepare_only: false
  complete_verifier: auto
  enable_incomplete_verification: true
  csv_name: null
  results_file: out.txt
  root_path: ''
  deterministic_opt: false
  graph_optimizer: 'Customized("custom_graph_optimizer", "default_optimizer")'
  buffer_has_batchdim: false
  save_output: false
  output_file: out.pkl
  return_optimized_model: false
  store_all_specs_on_cpu: false
  adhoc_tuning: null
model:
  name: null
  path: null
  onnx_path: ../saved_models/mnist_fcnn.onnx
  onnx_path_prefix: ''
  cache_onnx_conversion: false
  debug_onnx: false
  onnx_quirks: null
  input_shape: null
  onnx_loader: default_onnx_and_vnnlib_loader
  onnx_optimization_flags: []
  onnx_vnnlib_joint_optimization_flags: none
  check_optimized: false
  flatten_final_output: false
  optimize_graph: null
  with_jacobian: false
  bound_opts: null
data:
  start: 20
  end: 30
  select_instance: null
  num_outputs: 10
  mean: 0.0
  std: 1.0
  pkl_path: null
  dataset: MNIST
  data_filter_path: null
  data_idx_file: null
specification:
  type: lp
  robustness_type: verified-acc
  norm: .inf
  epsilon: 0.05
  epsilon_min: 0.0
  vnnlib_path: null
  vnnlib_path_prefix: ''
  shrink_eps: null
  rhs_offset: null
solver:
  batch_size: 64
  auto_enlarge_batch_size: false
  batched_crown_auto_enlarge_max_vram_ratio: 0.9
  min_batch_size_ratio: 0.1
  use_float64_in_last_iteration: false
  early_stop_patience: 10
  start_save_best: 0.5
  bound_prop_method: alpha-crown
  init_bound_prop_method: same
  prune_after_crown: true
  optimize_disjuncts_separately: false
  build_batch_size: 1000000
  skip_with_refined_bound: true
  forward_before_compute_bounds: false
  crown:
    batch_size: 1000000000
    max_crown_size: 1000000000
    activation_bound_option: adaptive
    compare_crown_with_ibp: false
  alpha-crown:
    alpha: true
    lr_alpha: 0.1
    iteration: 100
    share_alphas: false
    lr_decay: 0.98
    full_conv_alpha: true
    max_coeff_mul: .inf
    matmul_share_alphas: false
    disable_optimization: []
    max_time: 1.0
    alpha_dtype: float16
    input_split_alpha_iteration: 5
    input_split_lr_alpha: 0.05
  invprop:
    apply_output_constraints_to: []
    tighten_input_bounds: false
    best_of_oc_and_no_oc: false
    directly_optimize: []
    oc_lr: 0.1
    share_gammas: false
  beta-crown:
    lr_alpha: 0.01
    lr_beta: 0.05
    lr_decay: 0.98
    optimizer: adam
    iteration: 50
    beta: true
    beta_warmup: true
    enable_opt_interm_bounds: false
    all_node_split_LP: false
  forward:
    refine: false
    max_dim: 10000
    reset_threshold: 1.0
  mip:
    unstable_neuron_threshold: 0
    parallel_solvers: 2
    solver_threads: 1
    refine_neuron_timeout: 5.0
    refine_neuron_time_percentage: 0.8
    early_stop: true
    adv_warmup: true
    mip_solver: gurobi
    skip_unsafe: false
    topk_filter: 1.0
    sliding_window: -1
    extra_constraint: false
    refine_neuron_timeout_increasement: 0
    timeout_neuron_percentage: 0.3
    remaining_timeout_threshold: 1
    remove_unstable_neurons: false
    formulation: mip
    output_cut: false
bab:
  max_domains: .inf
  decision_thresh: 0
  timeout: 12.0
  timeout_scale: 1
  max_iterations: -1
  override_timeout: null
  get_upper_bound: false
  pruning_in_iteration: true
  pruning_in_iteration_ratio: 0.2
  sort_targets: false
  batched_domain_list: true
  optimized_interm: ''
  interm_transfer: true
  recompute_interm: false
  sort_domain_interval: -1
  vanilla_crown: false
  tree_traversal: depth_first
  hugetensor_allocator: true
  cut:
    enabled: false
    cuts_path: null
    bab_cut: false
    lp_cut: false
    lr: 0.01
    lr_decay: 1.0
    iteration: 100
    bab_iteration: -1
    early_stop_patience: -1
    lr_beta: 0.02
    number_cuts: 50
    topk_cuts_in_filter: 1000
    batch_size_primal: 100
    max_num: 1000000000
    patches_cut: false
    cplex_cuts: false
    cplex_cuts_wait: 0
    cplex_cuts_revpickup: true
    cut_reference_bounds: true
    fix_intermediate_bounds: false
    manual_cuts: null
    biccos:
      enabled: false
      auto_param: true
      constraint_strengthening: true
      drop_ratio: 0.5
      max_infer_iter: 20
      max_domain: 10000.0
      heuristic: neuron_influence_score
      save_cuts: false
      multi_tree_branching:
        enabled: false
        restore_best_tree: true
        keep_n_best_domains: 50
        target_batch_size: 200
        iterations: 3
  clip_n_verify:
    rearrange_constraints: false
    alpha_crown: false
    prune: false
    final_layer: false
    clip_input_domain:
      enabled: false
      clip_type: relaxed
      clip_neuron_selection_type: ratio
      clip_neuron_selection_value: -1.0
      clip_iterations: 1
      clip_calculate_volume_metrics: false
    clip_interm_domain:
      enabled: false
      with_input: false
      clip_in_alpha_crown: false
      topk_objective: 20
  branching:
    method: babsr
    candidates: 3
    reduceop: min
    enable_intermediate_bound_opt: false
    branching_input_and_activation: false
    branching_input_and_activation_order: [input, relu]
    branching_input_iterations: 30
    branching_relu_iterations: 50
    nonlinear_split:
      method: bbps
      disable: false
      branching_point_method: uniform
      num_branches: 2
      filter: false
      filter_beta: false
      filter_clamp: false
      filter_batch_size: 10000
      filter_iterations: 25
      relu_only: false
      loose_tanh_threshold: null
      branching_point:
        db_path: branching_points.pt
        num_iterations: 1000
        batch_size: 1000000
        range_l: -5.0
        range_u: 5.0
        log_interval: 100
        step_size_1d: 0.01
        step_size: 0.2
    input_split:
      split_hint: null
      enable: false
      reorder_bab: false
      input_dim_threshold: 20
      adv_check: 0
      split_partitions: 2
      sb_margin_weight: 1.0
      sb_sum: false
      sb_primary_spec: null
      bf_backup_thresh: -1
      bf_rhs_offset: 0
      bf_iters: 1000000000.0
      bf_batch_size: 100000
      bf_zero_crossing_score: false
      touch_zero_score: 0
      ibp_enhancement: true
      compare_with_old_bounds: true
      update_rhs_with_attack: false
      sb_coeff_thresh: 0.001
      sort_index: null
      sort_descending: true
      show_progress: false
      presplit_domains: null
      skip_getting_worst_domain: false
  attack:
    enabled: false
    beam_candidates: 8
    beam_depth: 7
    max_dive_fix_ratio: 0.8
    min_local_free_ratio: 0.2
    mip_start_iteration: 5
    mip_timeout: 30.0
    adv_pool_threshold: null
    refined_mip_attacker: false
    refined_batch_size: null
attack:
  general_attack: true
  pgd_order: skip
  pgd_steps: 100
  pgd_restarts: 30
  pgd_batch_size: 100000000
  pgd_early_stop: true
  pgd_lr_decay: 0.99
  pgd_alpha: auto
  pgd_alpha_scale: false
  pgd_loss_mode: null
  pgd_restart_when_stuck: false
  enable_mip_attack: false
  adv_saver: default_adv_saver
  adv_verifier: default_adv_verifier
  early_stop_condition: default_early_stop_condition
  adv_example_finalizer: default_adv_example_finalizer
  pgd_loss: default_pgd_loss
  cex_path: ./test_cex.txt
  attack_mode: PGD
  attack_tolerance: 0.0
  attack_func: attack_with_general_specs
  gama_lambda: 10.0
  gama_decay: 0.9
  input_split:
    pgd_steps: 100
    pgd_restarts: 30
    pgd_alpha: auto
  input_split_check_adv:
    enabled: auto
    pgd_steps: 5
    pgd_restarts: 5
    pgd_alpha: auto
    max_num_domains: 10
debug:
  view_model: false
  lp_test: null
  rescale_vnnlib_ptb: null
  test_optimized_bounds: false
  test_optimized_bounds_after_n_iterations: 0
  print_verbose_decisions: false
  biccos_mip_sanity_check: false
  sanity_check: 0
  z_split_enabled: false
  save_minimal_config: null
  save_minimal_config_omit_keys: []

/home/han/miniconda3/envs/alpha-beta-crown/lib/python3.10/site-packages/onnx2pytorch/convert/layer.py:29: UserWarning: The given NumPy array is not writable, and PyTorch does not support non-writable tensors. This means writing to this tensor will result in undefined behavior. You may want to copy the array to protect its data or make it writable before converting it to a tensor. This type of warning will be suppressed for the rest of this program. (Triggered internally at ../torch/csrc/utils/tensor_numpy.cpp:206.)
  layer.weight.data = torch.from_numpy(numpy_helper.to_array(weight))
/home/han/miniconda3/envs/alpha-beta-crown/lib/python3.10/site-packages/onnx2pytorch/convert/model.py:151: UserWarning: Using experimental implementation that allows 'batch_size > 1'.Batchnorm layers could potentially produce false outputs.
  warnings.warn(
Experiments at Fri Apr  3 19:51:57 2026 on LAPTOP-RGROMBPB
Loading onnx ../saved_models/mnist_fcnn.onnx with quirks {}
Finished onnx model loading in 0.0278 seconds
ConvertModel(
  (Flatten_/flatten/Flatten_output_0): Flatten()
  (Gemm_/fc1/Gemm_output_0): Linear(in_features=784, out_features=256, bias=True)
  (Relu_/relu1/Relu_output_0): ReLU()
  (Gemm_/fc2/Gemm_output_0): Linear(in_features=256, out_features=128, bias=True)
  (Relu_/relu2/Relu_output_0): ReLU()
  (Gemm_output): Linear(in_features=128, out_features=10, bias=True)
)
Parameters:
  Gemm_/fc1/Gemm_output_0.weight: shape torch.Size([256, 784])
  Gemm_/fc1/Gemm_output_0.bias: shape torch.Size([256])
  Gemm_/fc2/Gemm_output_0.weight: shape torch.Size([128, 256])
  Gemm_/fc2/Gemm_output_0.bias: shape torch.Size([128])
  Gemm_output.weight: shape torch.Size([10, 128])
  Gemm_output.bias: shape torch.Size([10])
Trying generic MNIST/CIFAR data loader.
/home/han/alpha-beta-CROWN/complete_verifier/specifications.py:342: UserWarning: Creating a tensor from a list of numpy.ndarrays is extremely slow. Please consider converting the list to a single numpy.ndarray with numpy.array() before converting to a tensor. (Triggered internally at ../torch/csrc/utils/tensor_new.cpp:278.)
  x_range_list = torch.Tensor(x_range_list).to(dtype=dtype, device=device).view(input_shape + [2])
Internal results will be saved to out.txt.

 %%%%%%%%%%%%%%%%%%%%%%%%%%%%%%%%%%% idx: 0, vnnlib ID: 20 %%%%%%%%%%%%%%%%%%%%%%%%%%%%%%%%%%%
Finished vnnlib processing in 0.817490 seconds
Disabling Clip-and-Verify because it does not support bab-refine!
Model: BoundedModule(
  (/0): BoundInput(name=/0, inputs=[], perturbed=True)
  (/7): BoundParams(name=/7, inputs=[], perturbed=False)
  (/8): BoundParams(name=/8, inputs=[], perturbed=False)
  (/9): BoundParams(name=/9, inputs=[], perturbed=False)
  (/10): BoundParams(name=/10, inputs=[], perturbed=False)
  (/11): BoundParams(name=/11, inputs=[], perturbed=False)
  (/12): BoundParams(name=/12, inputs=[], perturbed=False)
  (/13): BoundFlatten(name=/13, inputs=[/0], perturbed=True)
  (/input): BoundLinear(name=/input, inputs=[/13, /7, /8], perturbed=True)
  (/15): BoundRelu(name=/15, inputs=[/input], perturbed=True)
  (/input-3): BoundLinear(name=/input-3, inputs=[/15, /9, /10], perturbed=True)
  (/17): BoundRelu(name=/17, inputs=[/input-3], perturbed=True)
  (/18): BoundLinear(name=/18, inputs=[/17, /11, /12], perturbed=True)
)
Original output in the first batch: tensor([[ -2.59265566,  -3.87925625,  -7.34583521,  -0.45977631,  -1.26166749,
          -1.79388535, -14.46267414,   0.57448024,  -1.75592721,   5.57524776]],
       device='cuda:0')
Split layers:
Nonlinear functions:
   BoundRelu(name=/15, inputs=[/input], perturbed=True)
   BoundRelu(name=/17, inputs=[/input-3], perturbed=True)
build batch [1/1]
layer /15 using sparse-features alpha with shape [156]; unstable size 156; total size 256 ([1, 256])
layer /15 start_node /input-3 using sparse-spec alpha [2, 105, 1, 156] with unstable size 104 total_size 128 output_shape torch.Size([128])
layer /15 start_node /18 using full alpha [2, 9, 1, 156] with unstable size None total_size 9 output_shape 9
layer /17 using sparse-features alpha with shape [104]; unstable size 104; total size 128 ([1, 128])
layer /17 start_node /18 using full alpha [2, 9, 1, 104] with unstable size None total_size 9 output_shape 9
Optimizable variables initialized.
initial CROWN bounds (first 10 items): [-11.634025573730469, -8.758037567138672, -8.421664237976074, -12.608768463134766, -11.791827201843262, -14.27287483215332, -4.854366302490234, -15.014415740966797, -11.761959075927734]
prune_after_crown optimization in use
  original spec size = torch.Size([1, 9])
  pruned spec size = torch.Size([1, 9])
Using alpha-CROWN to initialize bounds.
best_l after optimization: -89.6551513671875
alpha/beta optimization time: 3.642099618911743
initial alpha-crown bounds (first 10 items): [-10.369720458984375, -7.6804423332214355, -7.514203071594238, -11.430939674377441, -11.011384010314941, -13.241151809692383, -4.025735855102539, -13.543808937072754, -10.837762832641602]
Global lower bound: -13.543808937072754
torch.Size([1, 9])
0 / 9 OR specs are verified.
Verified OR indices (first 10 items): []
Verified OR lbs (first 10 items): []
Unverified OR indices (first 10 items): [0, 1, 2, 3, 4, 5, 6, 7, 8]
Unverified OR lbs (first 10 items): [[-10.369720458984375], [-7.6804423332214355], [-7.514203071594238], [-11.430939674377441], [-11.011384010314941], [-13.241151809692383], [-4.025735855102539], [-13.543808937072754], [-10.837762832641602]]
Start solving intermediate bounds with MIP...
layer /15 using sparse-features alpha with shape [156]; unstable size 156; total size 256 ([1, 256])
layer /15 start_node /input-3 using sparse-spec alpha [2, 105, 1, 156] with unstable size 104 total_size 128 output_shape torch.Size([128])
layer /15 start_node /18 using full alpha [2, 9, 1, 156] with unstable size None total_size 9 output_shape 9
layer /17 using sparse-features alpha with shape [104]; unstable size 104; total size 128 ([1, 128])
layer /17 start_node /18 using full alpha [2, 9, 1, 104] with unstable size None total_size 9 output_shape 9
Optimizable variables initialized.
Restricted license - for non-production use only - expires 2027-11-29
INFO     19:52:05     [solver_module.py:123] Restricted license - for non-production use only - expires 2027-11-29
mip_multi_proc: 2, mip_threads: 1,total threads used: 2, mip_perneuron_refine_timeout: 5.0
[total time budget for MIP: 9.600000000000001]

refine the bounds for layer  /15
maximum relu layer improved by MIP so far 0
refine the bounds for layer  /17
current relu layer: /17, idx: 1
timeout for this layer is 5.0
Removed 0 unstable neurons in MIP based on the coefficient matrix.
PGD done for relu layer 1
Solving MIP for lay/input-3_99,[-2.872793674468994,2.171597719192505]=>[-2.1346481887166826,1.053901684290097] (2,-1; 9,-1), time: 8.9615s, #vars: 1483, #constrs: 852, improved: True
Solving MIP for lay/input-3_110,[-2.7944154739379883,3.114703416824341]=>[-1.8442597220692525,1.926564955178684] (9,-1; 9,-1), time: 10.0118s, #vars: 1483, #constrs: 852, improved: True
Solving MIP for lay/input-3_4,[-2.8976287841796875,1.8115750551223755]=>[-2.2704570218025126,0.8160293967605773] (2,-1; 9,-1), time: 8.2518s, #vars: 1483, #constrs: 852, improved: True
/home/han/alpha-beta-CROWN/auto_LiRPA/auto_LiRPA/beta_crown.py:52: DeprecationWarning: __array__ implementation doesn't accept a copy keyword, so passing copy=False failed. __array__ must implement 'dtype' and 'copy' keyword arguments. To learn more, see the migration guide https://numpy.org/devdocs/numpy_2_0_migration_guide.html#adapting-to-changes-in-the-copy-keyword
  sign_numpy[bi, :split_len] = split_coeffs
MIP improved 3 nodes out of 99 unstable nodes for layer /17, time 18.4542
MIP got 1 timeout nodes out of 99 nodes for layer /17
maximum relu layer improved by MIP so far 1
Refine time 18.6136 exceeds the limit 9.600000000000001, stop refining.
MIP finished with 18.613640785217285s
Run final alpha-CROWN after MIP solving on layer 5 and relu idx 2
0 /input torch.Size([1, 256])
1 /input-3 torch.Size([1, 128])
best_l after optimization: -84.50115966796875
alpha/beta optimization time: 2.860189199447632
alpha-CROWN with intermediate bounds improved by MIP: tensor([[ -9.89500141,  -7.11562252,  -6.75428772, -10.87747765, -10.43794918,
         -12.76914692,  -3.35366726, -12.91385841, -10.38415337]],
       device='cuda:0') None
torch.Size([1, 9])
refined global lb: tensor([[ -9.89500141],
        [ -7.11562252],
        [ -6.75428772],
        [-10.87747765],
        [-10.43794918],
        [-12.76914692],
        [ -3.35366726],
        [-12.91385841],
        [-10.38415337]], device='cuda:0') min: tensor(-12.91385841, device='cuda:0')
0 / 9 OR specs are verified.
Verified OR indices (first 10 items): []
Verified OR lbs (first 10 items): []
Unverified OR indices (first 10 items): [0, 1, 2, 3, 4, 5, 6, 7, 8]
Unverified OR lbs (first 10 items): [[-9.895001411437988], [-7.115622520446777], [-6.7542877197265625], [-10.877477645874023], [-10.437949180603027], [-12.769146919250488], [-3.3536672592163086], [-12.913858413696289], [-10.384153366088867]]
###### Verifying property Instance 0 ######
Batch size: 9
First 10 spec matrices
C: tensor([[[-1.,  0.,  0.,  0.,  0.,  0.,  0.,  0.,  0.,  1.]],

        [[ 0., -1.,  0.,  0.,  0.,  0.,  0.,  0.,  0.,  1.]],

        [[ 0.,  0., -1.,  0.,  0.,  0.,  0.,  0.,  0.,  1.]],

        [[ 0.,  0.,  0., -1.,  0.,  0.,  0.,  0.,  0.,  1.]],

        [[ 0.,  0.,  0.,  0., -1.,  0.,  0.,  0.,  0.,  1.]],

        [[ 0.,  0.,  0.,  0.,  0., -1.,  0.,  0.,  0.,  1.]],

        [[ 0.,  0.,  0.,  0.,  0.,  0., -1.,  0.,  0.,  1.]],

        [[ 0.,  0.,  0.,  0.,  0.,  0.,  0., -1.,  0.,  1.]],

        [[ 0.,  0.,  0.,  0.,  0.,  0.,  0.,  0., -1.,  1.]]], device='cuda:0')
RHS: tensor([[0.],
        [0.],
        [0.],
        [0.],
        [0.],
        [0.],
        [0.],
        [0.],
        [0.]], device='cuda:0')
OR spec sizes: tensor([1, 1, 1, 1, 1, 1, 1, 1, 1], device='cuda:0', dtype=torch.int32)
Remaining timeout: -15.998993158340454
Model prediction is: tensor([ -2.59265566,  -3.87925625,  -7.34583521,  -0.45977631,  -1.26166749,
         -1.79388535, -14.46267414,   0.57448024,  -1.75592721,   5.57524776],
       device='cuda:0')
Activation BaB batch 1/1 
build_with_refined_bounds batch [1/1]
Optimizable variables initialized.
all alpha initialized
directly get lb and ub from refined bounds
c shape: torch.Size([9, 1, 10])
lA shapes: [torch.Size([9, 1, 256]), torch.Size([9, 1, 128])]
torch.Size([9, 1])
(alpha-)CROWN with fixed intermediate bounds: tensor([[ -9.89500141],
        [ -7.11562252],
        [ -6.75428772],
        [-10.87747765],
        [-10.43794918],
        [-12.76914692],
        [ -3.35366726],
        [-12.91385841],
        [-10.38415337]], device='cuda:0') tensor([[inf],
        [inf],
        [inf],
        [inf],
        [inf],
        [inf],
        [inf],
        [inf],
        [inf]], device='cuda:0')
Intermediate layers: /input,/input-3
Keeping alphas for these layers: ['/18']
Node /15 input 0: size torch.Size([256]) unstable 156
Node /17 input 0: size torch.Size([128]) unstable 99
-----------------
# of unstable neurons: 255
-----------------

BaB round 1
batch: 9
splitting decisions: 
split level 0: [/input, 207] [/input, 116] [/input, 239] [/input, 239] [/input, 136] [/input-3, 35] [/input, 7] [/input, 178] [/input, 239] 
best_l after optimization: -157.85983276367188
beta sum per layer: [2.505506992340088, 1.0627983808517456]
alpha/beta optimization time: 1.2057313919067383
pruning_in_iteration open status: False
ratio of positive domain = 0 / 18 = 0.0
pruning-in-iteration extra time: 0.0003559589385986328
torch.Size([18, 1])
Time: prepare 0.0050    bound 1.2074    transfer 0.0013    finalize 0.0065    func 1.2202    
Accumulated time: func 1.2202    prepare 0.0115    bound 1.2074    transfer 0.0013    finalize 0.0065    
max lb tensor(-2.71437073) min lb tensor(-12.48158360)
Number of Verified Splits: 0 of 18
Current worst splitting domains lb-rhs (depth):
-12.48158 (1), -12.43221 (1), -11.89137 (1), -11.50245 (1), -10.47621 (1), -10.32448 (1), -9.89409 (1), -9.89034 (1), -9.87390 (1), -9.63860 (1), -9.62688 (1), -9.47094 (1), -6.54745 (1), -6.38899 (1), -6.13102 (1), -5.77811 (1), -2.79682 (1), -2.71437 (1), 
Length of domains: 18
Current (lb-rhs): -12.481583595275879
18 domains visited
Time: pickout 0.0026    decision 0.2040    set_bounds 0.0026    solve 1.2221    add 0.0082    
Accumulated time: pickout 0.0026    decision 0.2040    set_bounds 0.0026    solve 1.2221    add 0.0082    
Time out!!!!!!!!
Result: unknown in 29.4797 seconds

 %%%%%%%%%%%%%%%%%%%%%%%%%%%%%%%%%%% idx: 1, vnnlib ID: 21 %%%%%%%%%%%%%%%%%%%%%%%%%%%%%%%%%%%
Finished vnnlib processing in 0.009931 seconds
Disabling Clip-and-Verify because it does not support bab-refine!
Model: BoundedModule(
  (/0): BoundInput(name=/0, inputs=[], perturbed=True)
  (/7): BoundParams(name=/7, inputs=[], perturbed=False)
  (/8): BoundParams(name=/8, inputs=[], perturbed=False)
  (/9): BoundParams(name=/9, inputs=[], perturbed=False)
  (/10): BoundParams(name=/10, inputs=[], perturbed=False)
  (/11): BoundParams(name=/11, inputs=[], perturbed=False)
  (/12): BoundParams(name=/12, inputs=[], perturbed=False)
  (/13): BoundFlatten(name=/13, inputs=[/0], perturbed=True)
  (/input): BoundLinear(name=/input, inputs=[/13, /7, /8], perturbed=True)
  (/15): BoundRelu(name=/15, inputs=[/input], perturbed=True)
  (/input-3): BoundLinear(name=/input-3, inputs=[/15, /9, /10], perturbed=True)
  (/17): BoundRelu(name=/17, inputs=[/input-3], perturbed=True)
  (/18): BoundLinear(name=/18, inputs=[/17, /11, /12], perturbed=True)
)
Original output in the first batch: tensor([[-1.23101985, -3.89973187, -4.27151442, -4.08596134, -1.81316257,
          3.20313716,  6.31425667, -7.87913418,  0.15994802, -4.49242306]],
       device='cuda:0')
Split layers:
Nonlinear functions:
   BoundRelu(name=/15, inputs=[/input], perturbed=True)
   BoundRelu(name=/17, inputs=[/input-3], perturbed=True)
build batch [1/1]
layer /15 using sparse-features alpha with shape [186]; unstable size 186; total size 256 ([1, 256])
layer /15 start_node /input-3 using full alpha [2, 128, 1, 186] with unstable size 116 total_size 128 output_shape torch.Size([128])
layer /15 start_node /18 using full alpha [2, 9, 1, 186] with unstable size None total_size 9 output_shape 9
layer /17 using full alpha with shape torch.Size([128]); unstable size 116; total size 128 ([1, 128])
layer /17 start_node /18 using full alpha [2, 9, 1, 128] with unstable size None total_size 9 output_shape 9
Optimizable variables initialized.
initial CROWN bounds (first 10 items): [-10.842273712158203, -10.943599700927734, -15.03770923614502, -18.384456634521484, -17.131240844726562, -20.57343101501465, -15.350773811340332, -15.949568748474121, -17.364402770996094]
prune_after_crown optimization in use
  original spec size = torch.Size([1, 9])
  pruned spec size = torch.Size([1, 9])
Using alpha-CROWN to initialize bounds.
best_l after optimization: -125.89400482177734
alpha/beta optimization time: 3.1595420837402344
initial alpha-crown bounds (first 10 items): [-9.595878601074219, -9.554938316345215, -13.415711402893066, -16.408668518066406, -15.65185260772705, -17.764080047607422, -13.765668869018555, -14.199878692626953, -15.537330627441406]
Global lower bound: -17.764080047607422
torch.Size([1, 9])
0 / 9 OR specs are verified.
Verified OR indices (first 10 items): []
Verified OR lbs (first 10 items): []
Unverified OR indices (first 10 items): [0, 1, 2, 3, 4, 5, 6, 7, 8]
Unverified OR lbs (first 10 items): [[-9.595878601074219], [-9.554938316345215], [-13.415711402893066], [-16.408668518066406], [-15.65185260772705], [-17.764080047607422], [-13.765668869018555], [-14.199878692626953], [-15.537330627441406]]
Start solving intermediate bounds with MIP...
layer /15 using sparse-features alpha with shape [186]; unstable size 186; total size 256 ([1, 256])
layer /15 start_node /input-3 using full alpha [2, 128, 1, 186] with unstable size 116 total_size 128 output_shape torch.Size([128])
layer /15 start_node /18 using full alpha [2, 9, 1, 186] with unstable size None total_size 9 output_shape 9
layer /17 using full alpha with shape torch.Size([128]); unstable size 116; total size 128 ([1, 128])
layer /17 start_node /18 using full alpha [2, 9, 1, 128] with unstable size None total_size 9 output_shape 9
Optimizable variables initialized.
mip_multi_proc: 2, mip_threads: 1,total threads used: 2, mip_perneuron_refine_timeout: 5.0
[total time budget for MIP: 9.600000000000001]

refine the bounds for layer  /15
maximum relu layer improved by MIP so far 0
refine the bounds for layer  /17
current relu layer: /17, idx: 1
timeout for this layer is 5.0
Removed 0 unstable neurons in MIP based on the coefficient matrix.
PGD done for relu layer 1
Solving MIP for lay/input-3_119,[-3.0679121017456055,2.90252423286438]=>[-2.201931762190717,1.6127431186856602] (9,-1; 9,-1), time: 10.0128s, #vars: 1543, #constrs: 942, improved: True
Solving MIP for lay/input-3_36,[-3.0678229331970215,4.458094596862793]=>[-1.669995799492009,3.0765031372965623] (9,-1; 9,-1), time: 10.0171s, #vars: 1543, #constrs: 942, improved: True
MIP improved 2 nodes out of 115 unstable nodes for layer /17, time 11.5022
MIP got 2 timeout nodes out of 115 nodes for layer /17
maximum relu layer improved by MIP so far 1
Refine time 11.7676 exceeds the limit 9.600000000000001, stop refining.
MIP finished with 11.767637968063354s
Run final alpha-CROWN after MIP solving on layer 5 and relu idx 2
0 /input torch.Size([1, 256])
1 /input-3 torch.Size([1, 128])
best_l after optimization: -123.04693603515625
alpha/beta optimization time: 9.122001647949219
alpha-CROWN with intermediate bounds improved by MIP: tensor([[ -9.53875542,  -9.35010147, -13.13729858, -16.11249733, -15.18403053,
         -17.33900261, -13.42764854, -13.90374470, -15.05385017]],
       device='cuda:0') None
torch.Size([1, 9])
refined global lb: tensor([[ -9.53875542],
        [ -9.35010147],
        [-13.13729858],
        [-16.11249733],
        [-15.18403053],
        [-17.33900261],
        [-13.42764854],
        [-13.90374470],
        [-15.05385017]], device='cuda:0') min: tensor(-17.33900261, device='cuda:0')
0 / 9 OR specs are verified.
Verified OR indices (first 10 items): []
Verified OR lbs (first 10 items): []
Unverified OR indices (first 10 items): [0, 1, 2, 3, 4, 5, 6, 7, 8]
Unverified OR lbs (first 10 items): [[-9.538755416870117], [-9.350101470947266], [-13.137298583984375], [-16.112497329711914], [-15.184030532836914], [-17.33900260925293], [-13.427648544311523], [-13.9037446975708], [-15.053850173950195]]
###### Verifying property Instance 1 ######
Batch size: 9
First 10 spec matrices
C: tensor([[[-1.,  0.,  0.,  0.,  0.,  0.,  1.,  0.,  0.,  0.]],

        [[ 0., -1.,  0.,  0.,  0.,  0.,  1.,  0.,  0.,  0.]],

        [[ 0.,  0., -1.,  0.,  0.,  0.,  1.,  0.,  0.,  0.]],

        [[ 0.,  0.,  0., -1.,  0.,  0.,  1.,  0.,  0.,  0.]],

        [[ 0.,  0.,  0.,  0., -1.,  0.,  1.,  0.,  0.,  0.]],

        [[ 0.,  0.,  0.,  0.,  0., -1.,  1.,  0.,  0.,  0.]],

        [[ 0.,  0.,  0.,  0.,  0.,  0.,  1., -1.,  0.,  0.]],

        [[ 0.,  0.,  0.,  0.,  0.,  0.,  1.,  0., -1.,  0.]],

        [[ 0.,  0.,  0.,  0.,  0.,  0.,  1.,  0.,  0., -1.]]], device='cuda:0')
RHS: tensor([[0.],
        [0.],
        [0.],
        [0.],
        [0.],
        [0.],
        [0.],
        [0.],
        [0.]], device='cuda:0')
OR spec sizes: tensor([1, 1, 1, 1, 1, 1, 1, 1, 1], device='cuda:0', dtype=torch.int32)
Remaining timeout: -13.655287742614746
Model prediction is: tensor([-1.23101985, -3.89973187, -4.27151442, -4.08596134, -1.81316257,
         3.20313716,  6.31425667, -7.87913418,  0.15994802, -4.49242306],
       device='cuda:0')
Activation BaB batch 1/1 
build_with_refined_bounds batch [1/1]
Optimizable variables initialized.
all alpha initialized
directly get lb and ub from refined bounds
c shape: torch.Size([9, 1, 10])
lA shapes: [torch.Size([9, 1, 256]), torch.Size([9, 1, 128])]
torch.Size([9, 1])
(alpha-)CROWN with fixed intermediate bounds: tensor([[ -9.53875542],
        [ -9.35010147],
        [-13.13729858],
        [-16.11249733],
        [-15.18403053],
        [-17.33900261],
        [-13.42764854],
        [-13.90374470],
        [-15.05385017]], device='cuda:0') tensor([[inf],
        [inf],
        [inf],
        [inf],
        [inf],
        [inf],
        [inf],
        [inf],
        [inf]], device='cuda:0')
Intermediate layers: /input,/input-3
Keeping alphas for these layers: ['/18']
Node /15 input 0: size torch.Size([256]) unstable 186
Node /17 input 0: size torch.Size([128]) unstable 115
-----------------
# of unstable neurons: 301
-----------------

BaB round 1
batch: 9
splitting decisions: 
split level 0: [/input-3, 42] [/input, 183] [/input, 183] [/input, 160] [/input, 183] [/input-3, 15] [/input-3, 42] [/input, 160] [/input, 201] 
best_l after optimization: -234.87164306640625
beta sum per layer: [0.4738391637802124, 0.6857578158378601]
alpha/beta optimization time: 0.606450080871582
pruning_in_iteration open status: False
ratio of positive domain = 0 / 18 = 0.0
pruning-in-iteration extra time: 0.0014042854309082031
torch.Size([18, 1])
Time: prepare 0.0025    bound 0.6088    transfer 0.0013    finalize 0.0126    func 0.6255    
Accumulated time: func 0.6255    prepare 0.0070    bound 0.6088    transfer 0.0013    finalize 0.0126    
max lb tensor(-8.72978497) min lb tensor(-16.89242935)
Number of Verified Splits: 0 of 18
Current worst splitting domains lb-rhs (depth):
-16.89243 (1), -16.67238 (1), -15.30995 (1), -14.97895 (1), -14.72671 (1), -14.71609 (1), -14.55014 (1), -14.42624 (1), -13.40253 (1), -13.38723 (1), -12.78448 (1), -12.66100 (1), -12.56285 (1), -12.32121 (1), -9.14545 (1), -8.82361 (1), -8.78063 (1), -8.72978 (1), 
Length of domains: 18
Current (lb-rhs): -16.89242935180664
18 domains visited
Time: pickout 0.0032    decision 0.0389    set_bounds 0.0015    solve 0.6279    add 0.0107    
Accumulated time: pickout 0.0032    decision 0.0389    set_bounds 0.0015    solve 0.6279    add 0.0107    
Time out!!!!!!!!
Result: unknown in 26.3827 seconds

 %%%%%%%%%%%%%%%%%%%%%%%%%%%%%%%%%%% idx: 2, vnnlib ID: 22 %%%%%%%%%%%%%%%%%%%%%%%%%%%%%%%%%%%
Finished vnnlib processing in 0.012937 seconds
Disabling Clip-and-Verify because it does not support bab-refine!
Model: BoundedModule(
  (/0): BoundInput(name=/0, inputs=[], perturbed=True)
  (/7): BoundParams(name=/7, inputs=[], perturbed=False)
  (/8): BoundParams(name=/8, inputs=[], perturbed=False)
  (/9): BoundParams(name=/9, inputs=[], perturbed=False)
  (/10): BoundParams(name=/10, inputs=[], perturbed=False)
  (/11): BoundParams(name=/11, inputs=[], perturbed=False)
  (/12): BoundParams(name=/12, inputs=[], perturbed=False)
  (/13): BoundFlatten(name=/13, inputs=[/0], perturbed=True)
  (/input): BoundLinear(name=/input, inputs=[/13, /7, /8], perturbed=True)
  (/15): BoundRelu(name=/15, inputs=[/input], perturbed=True)
  (/input-3): BoundLinear(name=/input-3, inputs=[/15, /9, /10], perturbed=True)
  (/17): BoundRelu(name=/17, inputs=[/input-3], perturbed=True)
  (/18): BoundLinear(name=/18, inputs=[/17, /11, /12], perturbed=True)
)
Original output in the first batch: tensor([[ 0.81986284, -3.43863416, -3.95390916, -5.38909578, -0.33250991,
         -1.72544301,  8.28802872, -3.02475858, -0.40602764, -6.91417122]],
       device='cuda:0')
Split layers:
Nonlinear functions:
   BoundRelu(name=/15, inputs=[/input], perturbed=True)
   BoundRelu(name=/17, inputs=[/input-3], perturbed=True)
build batch [1/1]
layer /15 using sparse-features alpha with shape [164]; unstable size 164; total size 256 ([1, 256])
layer /15 start_node /input-3 using sparse-spec alpha [2, 112, 1, 164] with unstable size 111 total_size 128 output_shape torch.Size([128])
layer /15 start_node /18 using full alpha [2, 9, 1, 164] with unstable size None total_size 9 output_shape 9
layer /17 using sparse-features alpha with shape [111]; unstable size 111; total size 128 ([1, 128])
layer /17 start_node /18 using full alpha [2, 9, 1, 111] with unstable size None total_size 9 output_shape 9
Optimizable variables initialized.
initial CROWN bounds (first 10 items): [-8.37336254119873, -7.4269819259643555, -9.33554458618164, -9.931408882141113, -12.460149765014648, -9.896917343139648, -13.343727111816406, -10.758882522583008, -9.82611083984375]
prune_after_crown optimization in use
  original spec size = torch.Size([1, 9])
  pruned spec size = torch.Size([1, 9])
Using alpha-CROWN to initialize bounds.
best_l after optimization: -80.59989929199219
alpha/beta optimization time: 1.1224534511566162
initial alpha-crown bounds (first 10 items): [-7.447675704956055, -6.594669342041016, -8.374666213989258, -8.730856895446777, -11.165246963500977, -8.36204719543457, -12.035892486572266, -9.323297500610352, -8.565546035766602]
Global lower bound: -12.035892486572266
torch.Size([1, 9])
0 / 9 OR specs are verified.
Verified OR indices (first 10 items): []
Verified OR lbs (first 10 items): []
Unverified OR indices (first 10 items): [0, 1, 2, 3, 4, 5, 6, 7, 8]
Unverified OR lbs (first 10 items): [[-7.447675704956055], [-6.594669342041016], [-8.374666213989258], [-8.730856895446777], [-11.165246963500977], [-8.36204719543457], [-12.035892486572266], [-9.323297500610352], [-8.565546035766602]]
Start solving intermediate bounds with MIP...
layer /15 using sparse-features alpha with shape [164]; unstable size 164; total size 256 ([1, 256])
layer /15 start_node /input-3 using sparse-spec alpha [2, 112, 1, 164] with unstable size 111 total_size 128 output_shape torch.Size([128])
layer /15 start_node /18 using full alpha [2, 9, 1, 164] with unstable size None total_size 9 output_shape 9
layer /17 using sparse-features alpha with shape [111]; unstable size 111; total size 128 ([1, 128])
layer /17 start_node /18 using full alpha [2, 9, 1, 111] with unstable size None total_size 9 output_shape 9
Optimizable variables initialized.
mip_multi_proc: 2, mip_threads: 1,total threads used: 2, mip_perneuron_refine_timeout: 5.0
[total time budget for MIP: 9.600000000000001]

refine the bounds for layer  /15
maximum relu layer improved by MIP so far 0
refine the bounds for layer  /17
current relu layer: /17, idx: 1
timeout for this layer is 5.0
Removed 0 unstable neurons in MIP based on the coefficient matrix.
PGD done for relu layer 1
Solving MIP for lay/input-3_14,[-2.750217914581299,2.055133819580078]=>[-2.0186806847292558,1.1087601859317546] (9,-1; 9,-1), time: 10.0305s, #vars: 1499, #constrs: 876, improved: True
Solving MIP for lay/input-3_36,[-4.563787937164307,2.301236391067505]=>[-3.176477341635665,1.0341697158863379] (9,-1; 9,-1), time: 10.0349s, #vars: 1499, #constrs: 876, improved: True
MIP improved 2 nodes out of 111 unstable nodes for layer /17, time 11.5693
MIP got 2 timeout nodes out of 111 nodes for layer /17
maximum relu layer improved by MIP so far 1
Refine time 11.8634 exceeds the limit 9.600000000000001, stop refining.
MIP finished with 11.863382577896118s
Run final alpha-CROWN after MIP solving on layer 5 and relu idx 2
0 /input torch.Size([1, 256])
1 /input-3 torch.Size([1, 128])
Early stop at 88th iter due to 10 iterations no improvement!
best_l after optimization: -77.62640380859375
alpha/beta optimization time: 6.4601006507873535
alpha-CROWN with intermediate bounds improved by MIP: tensor([[ -7.31524944,  -6.40219688,  -8.05909538,  -8.31717873, -10.80530357,
          -7.85188007, -11.71690369,  -9.12796783,  -8.03063011]],
       device='cuda:0') None
torch.Size([1, 9])
refined global lb: tensor([[ -7.31524944],
        [ -6.40219688],
        [ -8.05909538],
        [ -8.31717873],
        [-10.80530357],
        [ -7.85188007],
        [-11.71690369],
        [ -9.12796783],
        [ -8.03063011]], device='cuda:0') min: tensor(-11.71690369, device='cuda:0')
0 / 9 OR specs are verified.
Verified OR indices (first 10 items): []
Verified OR lbs (first 10 items): []
Unverified OR indices (first 10 items): [0, 1, 2, 3, 4, 5, 6, 7, 8]
Unverified OR lbs (first 10 items): [[-7.315249443054199], [-6.402196884155273], [-8.05909538269043], [-8.317178726196289], [-10.805303573608398], [-7.851880073547363], [-11.716903686523438], [-9.127967834472656], [-8.030630111694336]]
###### Verifying property Instance 2 ######
Batch size: 9
First 10 spec matrices
C: tensor([[[-1.,  0.,  0.,  0.,  0.,  0.,  1.,  0.,  0.,  0.]],

        [[ 0., -1.,  0.,  0.,  0.,  0.,  1.,  0.,  0.,  0.]],

        [[ 0.,  0., -1.,  0.,  0.,  0.,  1.,  0.,  0.,  0.]],

        [[ 0.,  0.,  0., -1.,  0.,  0.,  1.,  0.,  0.,  0.]],

        [[ 0.,  0.,  0.,  0., -1.,  0.,  1.,  0.,  0.,  0.]],

        [[ 0.,  0.,  0.,  0.,  0., -1.,  1.,  0.,  0.,  0.]],

        [[ 0.,  0.,  0.,  0.,  0.,  0.,  1., -1.,  0.,  0.]],

        [[ 0.,  0.,  0.,  0.,  0.,  0.,  1.,  0., -1.,  0.]],

        [[ 0.,  0.,  0.,  0.,  0.,  0.,  1.,  0.,  0., -1.]]], device='cuda:0')
RHS: tensor([[0.],
        [0.],
        [0.],
        [0.],
        [0.],
        [0.],
        [0.],
        [0.],
        [0.]], device='cuda:0')
OR spec sizes: tensor([1, 1, 1, 1, 1, 1, 1, 1, 1], device='cuda:0', dtype=torch.int32)
Remaining timeout: -8.373193264007568
Model prediction is: tensor([ 0.81986284, -3.43863416, -3.95390916, -5.38909578, -0.33250991,
        -1.72544301,  8.28802872, -3.02475858, -0.40602764, -6.91417122],
       device='cuda:0')
Activation BaB batch 1/1 
build_with_refined_bounds batch [1/1]
Optimizable variables initialized.
all alpha initialized
directly get lb and ub from refined bounds
c shape: torch.Size([9, 1, 10])
lA shapes: [torch.Size([9, 1, 256]), torch.Size([9, 1, 128])]
torch.Size([9, 1])
(alpha-)CROWN with fixed intermediate bounds: tensor([[ -7.31524944],
        [ -6.40219688],
        [ -8.05909538],
        [ -8.31717873],
        [-10.80530357],
        [ -7.85188007],
        [-11.71690369],
        [ -9.12796783],
        [ -8.03063011]], device='cuda:0') tensor([[inf],
        [inf],
        [inf],
        [inf],
        [inf],
        [inf],
        [inf],
        [inf],
        [inf]], device='cuda:0')
Intermediate layers: /input,/input-3
Keeping alphas for these layers: ['/18']
Node /15 input 0: size torch.Size([256]) unstable 164
Node /17 input 0: size torch.Size([128]) unstable 111
-----------------
# of unstable neurons: 275
-----------------

BaB round 1
batch: 9
splitting decisions: 
split level 0: [/input-3, 42] [/input-3, 98] [/input, 88] [/input, 120] [/input, 238] [/input, 135] [/input-3, 48] [/input-3, 119] [/input, 88] 
best_l after optimization: -145.38446044921875
beta sum per layer: [1.084655523300171, 1.9503562450408936]
alpha/beta optimization time: 0.8387784957885742
pruning_in_iteration open status: False
ratio of positive domain = 0 / 18 = 0.0
pruning-in-iteration extra time: 0.00033020973205566406
torch.Size([18, 1])
Time: prepare 0.0049    bound 0.8402    transfer 0.0015    finalize 0.0080    func 0.8547    
Accumulated time: func 0.8547    prepare 0.0124    bound 0.8402    transfer 0.0015    finalize 0.0080    
max lb tensor(-5.83829403) min lb tensor(-11.25928879)
Number of Verified Splits: 0 of 18
Current worst splitting domains lb-rhs (depth):
-11.25929 (1), -11.18574 (1), -10.32652 (1), -10.23380 (1), -8.92728 (1), -7.88941 (1), -7.66981 (1), -7.65174 (1), -7.58631 (1), -7.58030 (1), -7.45245 (1), -7.41858 (1), -7.32265 (1), -7.31344 (1), -6.92800 (1), -6.78446 (1), -6.01640 (1), -5.83829 (1), 
Length of domains: 18
Current (lb-rhs): -11.259288787841797
18 domains visited
Time: pickout 0.0023    decision 0.0476    set_bounds 0.0015    solve 0.8556    add 0.0076    
Accumulated time: pickout 0.0023    decision 0.0476    set_bounds 0.0015    solve 0.8556    add 0.0076    
Time out!!!!!!!!
Result: unknown in 21.3404 seconds

 %%%%%%%%%%%%%%%%%%%%%%%%%%%%%%%%%%% idx: 3, vnnlib ID: 23 %%%%%%%%%%%%%%%%%%%%%%%%%%%%%%%%%%%
Finished vnnlib processing in 0.008713 seconds
Disabling Clip-and-Verify because it does not support bab-refine!
Model: BoundedModule(
  (/0): BoundInput(name=/0, inputs=[], perturbed=True)
  (/7): BoundParams(name=/7, inputs=[], perturbed=False)
  (/8): BoundParams(name=/8, inputs=[], perturbed=False)
  (/9): BoundParams(name=/9, inputs=[], perturbed=False)
  (/10): BoundParams(name=/10, inputs=[], perturbed=False)
  (/11): BoundParams(name=/11, inputs=[], perturbed=False)
  (/12): BoundParams(name=/12, inputs=[], perturbed=False)
  (/13): BoundFlatten(name=/13, inputs=[/0], perturbed=True)
  (/input): BoundLinear(name=/input, inputs=[/13, /7, /8], perturbed=True)
  (/15): BoundRelu(name=/15, inputs=[/input], perturbed=True)
  (/input-3): BoundLinear(name=/input-3, inputs=[/15, /9, /10], perturbed=True)
  (/17): BoundRelu(name=/17, inputs=[/input-3], perturbed=True)
  (/18): BoundLinear(name=/18, inputs=[/17, /11, /12], perturbed=True)
)
Original output in the first batch: tensor([[ -8.18969822,  -2.46906781,  -5.25401640,   2.87619233,  -8.00225449,
          13.85605907,  -3.70661807, -10.77020264,  -1.30865991,  -2.01810241]],
       device='cuda:0')
Split layers:
Nonlinear functions:
   BoundRelu(name=/15, inputs=[/input], perturbed=True)
   BoundRelu(name=/17, inputs=[/input-3], perturbed=True)
build batch [1/1]
layer /15 using sparse-features alpha with shape [172]; unstable size 172; total size 256 ([1, 256])
layer /15 start_node /input-3 using sparse-spec alpha [2, 91, 1, 172] with unstable size 90 total_size 128 output_shape torch.Size([128])
layer /15 start_node /18 using full alpha [2, 9, 1, 172] with unstable size None total_size 9 output_shape 9
layer /17 using sparse-features alpha with shape [90]; unstable size 90; total size 128 ([1, 128])
layer /17 start_node /18 using full alpha [2, 9, 1, 90] with unstable size None total_size 9 output_shape 9
Optimizable variables initialized.
initial CROWN bounds (first 10 items): [-1.2321557998657227, -3.3218994140625, -7.048823356628418, -6.613204479217529, -0.6646080017089844, -1.6618719100952148, -0.8669528961181641, -3.2790937423706055, -2.215940475463867]
prune_after_crown optimization in use
  original spec size = torch.Size([1, 9])
  pruned spec size = torch.Size([1, 9])
Using alpha-CROWN to initialize bounds.
best_l after optimization: -17.24077606201172
alpha/beta optimization time: 3.0976524353027344
initial alpha-crown bounds (first 10 items): [-0.3188943862915039, -2.107001304626465, -5.849918365478516, -5.698150634765625, 0.5437393188476562, -0.05830955505371094, 0.09805870056152344, -2.571099281311035, -1.2791996002197266]
Global lower bound: -5.849918365478516
torch.Size([1, 9])
2 / 9 OR specs are verified.
Verified OR indices (first 10 items): [4, 6]
Verified OR lbs (first 10 items): [[0.5437393188476562], [0.09805870056152344]]
Unverified OR indices (first 10 items): [0, 1, 2, 3, 5, 7, 8]
Unverified OR lbs (first 10 items): [[-0.3188943862915039], [-2.107001304626465], [-5.849918365478516], [-5.698150634765625], [-0.05830955505371094], [-2.571099281311035], [-1.2791996002197266]]
Start solving intermediate bounds with MIP...
layer /15 using sparse-features alpha with shape [172]; unstable size 172; total size 256 ([1, 256])
layer /15 start_node /input-3 using sparse-spec alpha [2, 91, 1, 172] with unstable size 90 total_size 128 output_shape torch.Size([128])
layer /15 start_node /18 using full alpha [2, 7, 1, 172] with unstable size None total_size 7 output_shape 7
layer /17 using sparse-features alpha with shape [90]; unstable size 90; total size 128 ([1, 128])
layer /17 start_node /18 using full alpha [2, 7, 1, 90] with unstable size None total_size 7 output_shape 7
Optimizable variables initialized.
mip_multi_proc: 2, mip_threads: 1,total threads used: 2, mip_perneuron_refine_timeout: 5.0
[total time budget for MIP: 9.600000000000001]

refine the bounds for layer  /15
maximum relu layer improved by MIP so far 0
refine the bounds for layer  /17
current relu layer: /17, idx: 1
timeout for this layer is 5.0
Removed 0 unstable neurons in MIP based on the coefficient matrix.
PGD done for relu layer 1
Solving MIP for lay/input-3_9,[-3.378350257873535,2.932779550552368]=>[-2.2758743254954283,1.4528159270106602] (9,-1; 9,-1), time: 10.0071s, #vars: 1515, #constrs: 900, improved: True
Solving MIP for lay/input-3_20,[-4.158479690551758,1.5076404809951782]=>[-3.0209819306140866,0.3792187345356781] (9,-1; 9,-1), time: 10.0103s, #vars: 1515, #constrs: 900, improved: True
MIP improved 2 nodes out of 87 unstable nodes for layer /17, time 11.5275
MIP got 2 timeout nodes out of 87 nodes for layer /17
maximum relu layer improved by MIP so far 1
Refine time 11.8517 exceeds the limit 9.600000000000001, stop refining.
MIP finished with 11.851708173751831s
Run final alpha-CROWN after MIP solving on layer 5 and relu idx 2
0 /input torch.Size([1, 256])
1 /input-3 torch.Size([1, 128])
best_l after optimization: -14.985320091247559
alpha/beta optimization time: 5.374676704406738
alpha-CROWN with intermediate bounds improved by MIP: tensor([[ 0.20792103, -1.54890537, -5.38158798, -5.52499819,  0.23144817,
         -2.18400192, -0.78519630]], device='cuda:0') None
torch.Size([1, 7])
refined global lb: tensor([[ 0.20792103],
        [-1.54890537],
        [-5.38158798],
        [-5.52499819],
        [ 0.23144817],
        [-2.18400192],
        [-0.78519630]], device='cuda:0') min: tensor(-5.52499819, device='cuda:0')
2 / 7 OR specs are verified.
Verified OR indices (first 10 items): [0, 4]
Verified OR lbs (first 10 items): [[0.20792102813720703], [0.23144817352294922]]
Unverified OR indices (first 10 items): [1, 2, 3, 5, 6]
Unverified OR lbs (first 10 items): [[-1.548905372619629], [-5.381587982177734], [-5.524998188018799], [-2.184001922607422], [-0.7851963043212891]]
###### Verifying property Instance 3 ######
Batch size: 5
First 10 spec matrices
C: tensor([[[ 0., -1.,  0.,  0.,  0.,  1.,  0.,  0.,  0.,  0.]],

        [[ 0.,  0., -1.,  0.,  0.,  1.,  0.,  0.,  0.,  0.]],

        [[ 0.,  0.,  0., -1.,  0.,  1.,  0.,  0.,  0.,  0.]],

        [[ 0.,  0.,  0.,  0.,  0.,  1.,  0.,  0., -1.,  0.]],

        [[ 0.,  0.,  0.,  0.,  0.,  1.,  0.,  0.,  0., -1.]]], device='cuda:0')
RHS: tensor([[0.],
        [0.],
        [0.],
        [0.],
        [0.]], device='cuda:0')
OR spec sizes: tensor([1, 1, 1, 1, 1], device='cuda:0', dtype=torch.int32)
Remaining timeout: -9.489896774291992
Model prediction is: tensor([ -8.18969822,  -2.46906781,  -5.25401640,   2.87619233,  -8.00225449,
         13.85605907,  -3.70661807, -10.77020264,  -1.30865991,  -2.01810241],
       device='cuda:0')
Activation BaB batch 1/1 
build_with_refined_bounds batch [1/1]
Optimizable variables initialized.
all alpha initialized
directly get lb and ub from refined bounds
c shape: torch.Size([5, 1, 10])
lA shapes: [torch.Size([5, 1, 256]), torch.Size([5, 1, 128])]
torch.Size([5, 1])
(alpha-)CROWN with fixed intermediate bounds: tensor([[-1.54890537],
        [-5.38158798],
        [-5.52499819],
        [-2.18400192],
        [-0.78519630]], device='cuda:0') tensor([[inf],
        [inf],
        [inf],
        [inf],
        [inf]], device='cuda:0')
Intermediate layers: /input,/input-3
Keeping alphas for these layers: ['/18']
Node /15 input 0: size torch.Size([256]) unstable 172
Node /17 input 0: size torch.Size([128]) unstable 87
-----------------
# of unstable neurons: 259
-----------------

BaB round 1
batch: 5
splitting decisions: 
split level 0: [/input-3, 101] [/input-3, 2] [/input, 183] [/input-3, 59] [/input-3, 21] 
best_l after optimization: -24.078720092773438
beta sum per layer: [1.4161300659179688, 2.6590614318847656]
alpha/beta optimization time: 0.9522185325622559
pruning_in_iteration open status: False
ratio of positive domain = 0 / 10 = 0.0
pruning-in-iteration extra time: 0.0012018680572509766
torch.Size([10, 1])
Time: prepare 0.0034    bound 0.9543    transfer 0.0018    finalize 0.0065    func 0.9661    
Accumulated time: func 0.9661    prepare 0.0108    bound 0.9543    transfer 0.0018    finalize 0.0065    
max lb tensor(-0.30009842) min lb tensor(-5.22560120)
Number of Verified Splits: 0 of 10
Current worst splitting domains lb-rhs (depth):
-5.22560 (1), -5.13434 (1), -3.89732 (1), -3.76465 (1), -1.92189 (1), -1.43083 (1), -1.19990 (1), -0.87587 (1), -0.32823 (1), -0.30010 (1), 
Length of domains: 10
Current (lb-rhs): -5.2256011962890625
10 domains visited
Time: pickout 0.0015    decision 0.0414    set_bounds 0.0023    solve 0.9668    add 0.0070    
Accumulated time: pickout 0.0015    decision 0.0414    set_bounds 0.0023    solve 0.9668    add 0.0070    
Time out!!!!!!!!
Result: unknown in 22.5756 seconds

 %%%%%%%%%%%%%%%%%%%%%%%%%%%%%%%%%%% idx: 4, vnnlib ID: 24 %%%%%%%%%%%%%%%%%%%%%%%%%%%%%%%%%%%
Finished vnnlib processing in 0.013267 seconds
Disabling Clip-and-Verify because it does not support bab-refine!
Model: BoundedModule(
  (/0): BoundInput(name=/0, inputs=[], perturbed=True)
  (/7): BoundParams(name=/7, inputs=[], perturbed=False)
  (/8): BoundParams(name=/8, inputs=[], perturbed=False)
  (/9): BoundParams(name=/9, inputs=[], perturbed=False)
  (/10): BoundParams(name=/10, inputs=[], perturbed=False)
  (/11): BoundParams(name=/11, inputs=[], perturbed=False)
  (/12): BoundParams(name=/12, inputs=[], perturbed=False)
  (/13): BoundFlatten(name=/13, inputs=[/0], perturbed=True)
  (/input): BoundLinear(name=/input, inputs=[/13, /7, /8], perturbed=True)
  (/15): BoundRelu(name=/15, inputs=[/input], perturbed=True)
  (/input-3): BoundLinear(name=/input-3, inputs=[/15, /9, /10], perturbed=True)
  (/17): BoundRelu(name=/17, inputs=[/input-3], perturbed=True)
  (/18): BoundLinear(name=/18, inputs=[/17, /11, /12], perturbed=True)
)
Original output in the first batch: tensor([[-3.62513065, -3.28208256, -4.39839220, -5.78837156,  8.24210262,
         -1.70286572, -4.81408882, -0.29380012, -3.71022630,  2.32635641]],
       device='cuda:0')
Split layers:
Nonlinear functions:
   BoundRelu(name=/15, inputs=[/input], perturbed=True)
   BoundRelu(name=/17, inputs=[/input-3], perturbed=True)
build batch [1/1]
layer /15 using sparse-features alpha with shape [212]; unstable size 212; total size 256 ([1, 256])
layer /15 start_node /input-3 using full alpha [2, 128, 1, 212] with unstable size 125 total_size 128 output_shape torch.Size([128])
layer /15 start_node /18 using full alpha [2, 9, 1, 212] with unstable size None total_size 9 output_shape 9
layer /17 using full alpha with shape torch.Size([128]); unstable size 125; total size 128 ([1, 128])
layer /17 start_node /18 using full alpha [2, 9, 1, 128] with unstable size None total_size 9 output_shape 9
Optimizable variables initialized.
initial CROWN bounds (first 10 items): [-16.543670654296875, -14.207895278930664, -17.32695770263672, -17.500850677490234, -21.507244110107422, -15.487135887145996, -18.7034912109375, -16.794029235839844, -20.466392517089844]
prune_after_crown optimization in use
  original spec size = torch.Size([1, 9])
  pruned spec size = torch.Size([1, 9])
Using alpha-CROWN to initialize bounds.
best_l after optimization: -138.9183349609375
alpha/beta optimization time: 3.2211194038391113
initial alpha-crown bounds (first 10 items): [-14.693235397338867, -12.807548522949219, -15.438721656799316, -15.337812423706055, -18.511741638183594, -13.288820266723633, -16.920724868774414, -14.25688362121582, -17.662851333618164]
Global lower bound: -18.511741638183594
torch.Size([1, 9])
0 / 9 OR specs are verified.
Verified OR indices (first 10 items): []
Verified OR lbs (first 10 items): []
Unverified OR indices (first 10 items): [0, 1, 2, 3, 4, 5, 6, 7, 8]
Unverified OR lbs (first 10 items): [[-14.693235397338867], [-12.807548522949219], [-15.438721656799316], [-15.337812423706055], [-18.511741638183594], [-13.288820266723633], [-16.920724868774414], [-14.25688362121582], [-17.662851333618164]]
Start solving intermediate bounds with MIP...
layer /15 using sparse-features alpha with shape [212]; unstable size 212; total size 256 ([1, 256])
layer /15 start_node /input-3 using full alpha [2, 128, 1, 212] with unstable size 125 total_size 128 output_shape torch.Size([128])
layer /15 start_node /18 using full alpha [2, 9, 1, 212] with unstable size None total_size 9 output_shape 9
layer /17 using full alpha with shape torch.Size([128]); unstable size 125; total size 128 ([1, 128])
layer /17 start_node /18 using full alpha [2, 9, 1, 128] with unstable size None total_size 9 output_shape 9
Optimizable variables initialized.
mip_multi_proc: 2, mip_threads: 1,total threads used: 2, mip_perneuron_refine_timeout: 5.0
[total time budget for MIP: 9.600000000000001]

refine the bounds for layer  /15
maximum relu layer improved by MIP so far 0
refine the bounds for layer  /17
current relu layer: /17, idx: 1
timeout for this layer is 5.0
Removed 0 unstable neurons in MIP based on the coefficient matrix.
PGD done for relu layer 1
Solving MIP for lay/input-3_0,[-3.3439836502075195,4.050604343414307]=>[-2.169237901780515,2.497395661271493] (9,-1; 9,-1), time: 10.0740s, #vars: 1595, #constrs: 1020, improved: True
Solving MIP for lay/input-3_40,[-3.5953259468078613,3.7812142372131348]=>[-2.535684675798401,2.183649407678334] (9,-1; 9,-1), time: 10.0802s, #vars: 1595, #constrs: 1020, improved: True
MIP improved 2 nodes out of 125 unstable nodes for layer /17, time 12.2941
MIP got 2 timeout nodes out of 125 nodes for layer /17
maximum relu layer improved by MIP so far 1
Refine time 12.7203 exceeds the limit 9.600000000000001, stop refining.
MIP finished with 12.720375537872314s
Run final alpha-CROWN after MIP solving on layer 5 and relu idx 2
0 /input torch.Size([1, 256])
1 /input-3 torch.Size([1, 128])
best_l after optimization: -135.89279174804688
alpha/beta optimization time: 7.424717903137207
alpha-CROWN with intermediate bounds improved by MIP: tensor([[-14.24823475, -12.61281395, -15.20974827, -14.81302166, -17.95259857,
         -12.93341351, -16.88007355, -13.92545986, -17.31743622]],
       device='cuda:0') None
torch.Size([1, 9])
refined global lb: tensor([[-14.24823475],
        [-12.61281395],
        [-15.20974827],
        [-14.81302166],
        [-17.95259857],
        [-12.93341351],
        [-16.88007355],
        [-13.92545986],
        [-17.31743622]], device='cuda:0') min: tensor(-17.95259857, device='cuda:0')
0 / 9 OR specs are verified.
Verified OR indices (first 10 items): []
Verified OR lbs (first 10 items): []
Unverified OR indices (first 10 items): [0, 1, 2, 3, 4, 5, 6, 7, 8]
Unverified OR lbs (first 10 items): [[-14.248234748840332], [-12.612813949584961], [-15.209748268127441], [-14.813021659851074], [-17.952598571777344], [-12.9334135055542], [-16.88007354736328], [-13.925459861755371], [-17.31743621826172]]
###### Verifying property Instance 4 ######
Batch size: 9
First 10 spec matrices
C: tensor([[[-1.,  0.,  0.,  0.,  1.,  0.,  0.,  0.,  0.,  0.]],

        [[ 0., -1.,  0.,  0.,  1.,  0.,  0.,  0.,  0.,  0.]],

        [[ 0.,  0., -1.,  0.,  1.,  0.,  0.,  0.,  0.,  0.]],

        [[ 0.,  0.,  0., -1.,  1.,  0.,  0.,  0.,  0.,  0.]],

        [[ 0.,  0.,  0.,  0.,  1., -1.,  0.,  0.,  0.,  0.]],

        [[ 0.,  0.,  0.,  0.,  1.,  0., -1.,  0.,  0.,  0.]],

        [[ 0.,  0.,  0.,  0.,  1.,  0.,  0., -1.,  0.,  0.]],

        [[ 0.,  0.,  0.,  0.,  1.,  0.,  0.,  0., -1.,  0.]],

        [[ 0.,  0.,  0.,  0.,  1.,  0.,  0.,  0.,  0., -1.]]], device='cuda:0')
RHS: tensor([[0.],
        [0.],
        [0.],
        [0.],
        [0.],
        [0.],
        [0.],
        [0.],
        [0.]], device='cuda:0')
OR spec sizes: tensor([1, 1, 1, 1, 1, 1, 1, 1, 1], device='cuda:0', dtype=torch.int32)
Remaining timeout: -12.92395830154419
Model prediction is: tensor([-3.62513065, -3.28208256, -4.39839220, -5.78837156,  8.24210262,
        -1.70286572, -4.81408882, -0.29380012, -3.71022630,  2.32635641],
       device='cuda:0')
Activation BaB batch 1/1 
build_with_refined_bounds batch [1/1]
Optimizable variables initialized.
all alpha initialized
directly get lb and ub from refined bounds
c shape: torch.Size([9, 1, 10])
lA shapes: [torch.Size([9, 1, 256]), torch.Size([9, 1, 128])]
torch.Size([9, 1])
(alpha-)CROWN with fixed intermediate bounds: tensor([[-14.24823475],
        [-12.61281395],
        [-15.20974827],
        [-14.81302166],
        [-17.95259857],
        [-12.93341351],
        [-16.88007355],
        [-13.92545986],
        [-17.31743622]], device='cuda:0') tensor([[inf],
        [inf],
        [inf],
        [inf],
        [inf],
        [inf],
        [inf],
        [inf],
        [inf]], device='cuda:0')
Intermediate layers: /input,/input-3
Keeping alphas for these layers: ['/18']
Node /15 input 0: size torch.Size([256]) unstable 212
Node /17 input 0: size torch.Size([128]) unstable 125
-----------------
# of unstable neurons: 337
-----------------

BaB round 1
batch: 9
splitting decisions: 
split level 0: [/input-3, 44] [/input-3, 19] [/input-3, 25] [/input-3, 74] [/input, 135] [/input-3, 44] [/input-3, 44] [/input, 163] [/input-3, 81] 
best_l after optimization: -258.3676452636719
beta sum per layer: [0.32526829838752747, 3.556696891784668]
alpha/beta optimization time: 1.2970774173736572
pruning_in_iteration open status: False
ratio of positive domain = 0 / 18 = 0.0
pruning-in-iteration extra time: 0.0008752346038818359
torch.Size([18, 1])
Time: prepare 0.0067    bound 1.2988    transfer 0.0012    finalize 0.0087    func 1.3156    
Accumulated time: func 1.3156    prepare 0.0253    bound 1.2988    transfer 0.0012    finalize 0.0087    
max lb tensor(-11.93679523) min lb tensor(-17.43987083)
Number of Verified Splits: 0 of 18
Current worst splitting domains lb-rhs (depth):
-17.43987 (1), -17.17919 (1), -17.10801 (1), -16.41289 (1), -16.31594 (1), -14.85814 (1), -14.52200 (1), -13.97692 (1), -13.95141 (1), -13.70632 (1), -13.69588 (1), -13.55033 (1), -13.47139 (1), -13.45987 (1), -12.37630 (1), -12.28566 (1), -12.12075 (1), -11.93680 (1), 
Length of domains: 18
Current (lb-rhs): -17.439870834350586
18 domains visited
Time: pickout 0.0035    decision 0.1253    set_bounds 0.0034    solve 1.3181    add 0.0079    
Accumulated time: pickout 0.0035    decision 0.1253    set_bounds 0.0034    solve 1.3181    add 0.0079    
Time out!!!!!!!!
Result: unknown in 26.4687 seconds

 %%%%%%%%%%%%%%%%%%%%%%%%%%%%%%%%%%% idx: 5, vnnlib ID: 25 %%%%%%%%%%%%%%%%%%%%%%%%%%%%%%%%%%%
Finished vnnlib processing in 0.013005 seconds
Disabling Clip-and-Verify because it does not support bab-refine!
Model: BoundedModule(
  (/0): BoundInput(name=/0, inputs=[], perturbed=True)
  (/7): BoundParams(name=/7, inputs=[], perturbed=False)
  (/8): BoundParams(name=/8, inputs=[], perturbed=False)
  (/9): BoundParams(name=/9, inputs=[], perturbed=False)
  (/10): BoundParams(name=/10, inputs=[], perturbed=False)
  (/11): BoundParams(name=/11, inputs=[], perturbed=False)
  (/12): BoundParams(name=/12, inputs=[], perturbed=False)
  (/13): BoundFlatten(name=/13, inputs=[/0], perturbed=True)
  (/input): BoundLinear(name=/input, inputs=[/13, /7, /8], perturbed=True)
  (/15): BoundRelu(name=/15, inputs=[/input], perturbed=True)
  (/input-3): BoundLinear(name=/input-3, inputs=[/15, /9, /10], perturbed=True)
  (/17): BoundRelu(name=/17, inputs=[/input-3], perturbed=True)
  (/18): BoundLinear(name=/18, inputs=[/17, /11, /12], perturbed=True)
)
Original output in the first batch: tensor([[ 14.41205597, -10.94727993,  -5.15939903, -11.96157646,   0.44242120,
          -8.30482578,  -1.59069145,  -3.47471976,  -4.68909359,   1.98382866]],
       device='cuda:0')
Split layers:
Nonlinear functions:
   BoundRelu(name=/15, inputs=[/input], perturbed=True)
   BoundRelu(name=/17, inputs=[/input-3], perturbed=True)
build batch [1/1]
layer /15 using sparse-features alpha with shape [87]; unstable size 87; total size 256 ([1, 256])
layer /15 start_node /input-3 using sparse-spec alpha [2, 57, 1, 87] with unstable size 56 total_size 128 output_shape torch.Size([128])
layer /15 start_node /18 using full alpha [2, 9, 1, 87] with unstable size None total_size 9 output_shape 9
layer /17 using sparse-features alpha with shape [56]; unstable size 56; total size 128 ([1, 128])
layer /17 start_node /18 using full alpha [2, 9, 1, 56] with unstable size None total_size 9 output_shape 9
Optimizable variables initialized.
initial CROWN bounds (first 10 items): [17.521556854248047, 10.482877731323242, 18.097612380981445, 3.1984896659851074, 13.129590034484863, 8.97722053527832, 8.089956283569336, 10.524332046508789, 4.26370906829834]
Verified with initial CROWN!
verified with init bound!
Result: safe-incomplete in 0.3692 seconds

 %%%%%%%%%%%%%%%%%%%%%%%%%%%%%%%%%%% idx: 6, vnnlib ID: 26 %%%%%%%%%%%%%%%%%%%%%%%%%%%%%%%%%%%
Finished vnnlib processing in 0.014496 seconds
Disabling Clip-and-Verify because it does not support bab-refine!
Model: BoundedModule(
  (/0): BoundInput(name=/0, inputs=[], perturbed=True)
  (/7): BoundParams(name=/7, inputs=[], perturbed=False)
  (/8): BoundParams(name=/8, inputs=[], perturbed=False)
  (/9): BoundParams(name=/9, inputs=[], perturbed=False)
  (/10): BoundParams(name=/10, inputs=[], perturbed=False)
  (/11): BoundParams(name=/11, inputs=[], perturbed=False)
  (/12): BoundParams(name=/12, inputs=[], perturbed=False)
  (/13): BoundFlatten(name=/13, inputs=[/0], perturbed=True)
  (/input): BoundLinear(name=/input, inputs=[/13, /7, /8], perturbed=True)
  (/15): BoundRelu(name=/15, inputs=[/input], perturbed=True)
  (/input-3): BoundLinear(name=/input-3, inputs=[/15, /9, /10], perturbed=True)
  (/17): BoundRelu(name=/17, inputs=[/input-3], perturbed=True)
  (/18): BoundLinear(name=/18, inputs=[/17, /11, /12], perturbed=True)
)
Original output in the first batch: tensor([[ -1.76137459,  -4.23169327,   0.70348215,   1.71801114,  -7.80378580,
          -2.67572594, -14.14704895,   9.36511135,  -3.47798872,   2.04861164]],
       device='cuda:0')
Split layers:
Nonlinear functions:
   BoundRelu(name=/15, inputs=[/input], perturbed=True)
   BoundRelu(name=/17, inputs=[/input-3], perturbed=True)
build batch [1/1]
layer /15 using sparse-features alpha with shape [158]; unstable size 158; total size 256 ([1, 256])
layer /15 start_node /input-3 using sparse-spec alpha [2, 95, 1, 158] with unstable size 94 total_size 128 output_shape torch.Size([128])
layer /15 start_node /18 using full alpha [2, 9, 1, 158] with unstable size None total_size 9 output_shape 9
layer /17 using sparse-features alpha with shape [94]; unstable size 94; total size 128 ([1, 128])
layer /17 start_node /18 using full alpha [2, 9, 1, 94] with unstable size None total_size 9 output_shape 9
Optimizable variables initialized.
initial CROWN bounds (first 10 items): [-7.914495468139648, -2.431354522705078, -7.791675567626953, -11.256181716918945, -1.745870590209961, -10.581546783447266, -0.7208156585693359, -7.810295104980469, -11.944890975952148]
prune_after_crown optimization in use
  original spec size = torch.Size([1, 9])
  pruned spec size = torch.Size([1, 9])
Using alpha-CROWN to initialize bounds.
best_l after optimization: -50.608428955078125
alpha/beta optimization time: 3.5514273643493652
initial alpha-crown bounds (first 10 items): [-6.97805643081665, -1.1540260314941406, -5.841578483581543, -9.54835319519043, -1.1407833099365234, -8.620355606079102, 0.5587120056152344, -6.703546047210693, -11.180438995361328]
Global lower bound: -11.180438995361328
torch.Size([1, 9])
1 / 9 OR specs are verified.
Verified OR indices (first 10 items): [6]
Verified OR lbs (first 10 items): [[0.5587120056152344]]
Unverified OR indices (first 10 items): [0, 1, 2, 3, 4, 5, 7, 8]
Unverified OR lbs (first 10 items): [[-6.97805643081665], [-1.1540260314941406], [-5.841578483581543], [-9.54835319519043], [-1.1407833099365234], [-8.620355606079102], [-6.703546047210693], [-11.180438995361328]]
Start solving intermediate bounds with MIP...
layer /15 using sparse-features alpha with shape [158]; unstable size 158; total size 256 ([1, 256])
layer /15 start_node /input-3 using sparse-spec alpha [2, 95, 1, 158] with unstable size 94 total_size 128 output_shape torch.Size([128])
layer /15 start_node /18 using full alpha [2, 8, 1, 158] with unstable size None total_size 8 output_shape 8
layer /17 using sparse-features alpha with shape [94]; unstable size 94; total size 128 ([1, 128])
layer /17 start_node /18 using full alpha [2, 8, 1, 94] with unstable size None total_size 8 output_shape 8
Optimizable variables initialized.
mip_multi_proc: 2, mip_threads: 1,total threads used: 2, mip_perneuron_refine_timeout: 5.0
[total time budget for MIP: 9.600000000000001]

refine the bounds for layer  /15
maximum relu layer improved by MIP so far 0
refine the bounds for layer  /17
current relu layer: /17, idx: 1
timeout for this layer is 5.0
Removed 0 unstable neurons in MIP based on the coefficient matrix.
PGD done for relu layer 1
Solving MIP for lay/input-3_27,[-3.073814868927002,2.5567104816436768]=>[-2.109837442174977,1.4185409721793747] (2,-1; 9,-1), time: 8.1546s, #vars: 1487, #constrs: 858, improved: True
Solving MIP for lay/input-3_102,[-4.15363073348999,3.3839058876037598]=>[-2.782575337643852,2.032075608636574] (9,-1; 9,-1), time: 10.0094s, #vars: 1487, #constrs: 858, improved: True
Solving MIP for lay/input-3_70,[-4.124942779541016,1.7834036350250244]=>[-3.2631334946472093,0.5547651501146103] (2,-1; 9,-1), time: 6.1855s, #vars: 1487, #constrs: 858, improved: True
MIP improved 3 nodes out of 92 unstable nodes for layer /17, time 15.7399
MIP got 1 timeout nodes out of 92 nodes for layer /17
maximum relu layer improved by MIP so far 1
Refine time 16.0528 exceeds the limit 9.600000000000001, stop refining.
MIP finished with 16.05285334587097s
Run final alpha-CROWN after MIP solving on layer 5 and relu idx 2
0 /input torch.Size([1, 256])
1 /input-3 torch.Size([1, 128])
best_l after optimization: -47.03377151489258
alpha/beta optimization time: 5.102684736251831
alpha-CROWN with intermediate bounds improved by MIP: tensor([[ -6.42496395,  -0.85363674,  -5.52925968,  -9.07978821,  -0.57444859,
          -7.99601173,  -6.24868345, -10.32697678]], device='cuda:0') None
torch.Size([1, 8])
refined global lb: tensor([[ -6.42496395],
        [ -0.85363674],
        [ -5.52925968],
        [ -9.07978821],
        [ -0.57444859],
        [ -7.99601173],
        [ -6.24868345],
        [-10.32697678]], device='cuda:0') min: tensor(-10.32697678, device='cuda:0')
0 / 8 OR specs are verified.
Verified OR indices (first 10 items): []
Verified OR lbs (first 10 items): []
Unverified OR indices (first 10 items): [0, 1, 2, 3, 4, 5, 6, 7]
Unverified OR lbs (first 10 items): [[-6.42496395111084], [-0.8536367416381836], [-5.52925968170166], [-9.079788208007812], [-0.5744485855102539], [-7.996011734008789], [-6.248683452606201], [-10.326976776123047]]
###### Verifying property Instance 6 ######
Batch size: 8
First 10 spec matrices
C: tensor([[[-1.,  0.,  0.,  0.,  0.,  0.,  0.,  1.,  0.,  0.]],

        [[ 0., -1.,  0.,  0.,  0.,  0.,  0.,  1.,  0.,  0.]],

        [[ 0.,  0., -1.,  0.,  0.,  0.,  0.,  1.,  0.,  0.]],

        [[ 0.,  0.,  0., -1.,  0.,  0.,  0.,  1.,  0.,  0.]],

        [[ 0.,  0.,  0.,  0., -1.,  0.,  0.,  1.,  0.,  0.]],

        [[ 0.,  0.,  0.,  0.,  0., -1.,  0.,  1.,  0.,  0.]],

        [[ 0.,  0.,  0.,  0.,  0.,  0.,  0.,  1., -1.,  0.]],

        [[ 0.,  0.,  0.,  0.,  0.,  0.,  0.,  1.,  0., -1.]]], device='cuda:0')
RHS: tensor([[0.],
        [0.],
        [0.],
        [0.],
        [0.],
        [0.],
        [0.],
        [0.]], device='cuda:0')
OR spec sizes: tensor([1, 1, 1, 1, 1, 1, 1, 1], device='cuda:0', dtype=torch.int32)
Remaining timeout: -13.7341787815094
Model prediction is: tensor([ -1.76137459,  -4.23169327,   0.70348215,   1.71801114,  -7.80378580,
         -2.67572594, -14.14704895,   9.36511135,  -3.47798872,   2.04861164],
       device='cuda:0')
Activation BaB batch 1/1 
build_with_refined_bounds batch [1/1]
Optimizable variables initialized.
all alpha initialized
directly get lb and ub from refined bounds
c shape: torch.Size([8, 1, 10])
lA shapes: [torch.Size([8, 1, 256]), torch.Size([8, 1, 128])]
torch.Size([8, 1])
(alpha-)CROWN with fixed intermediate bounds: tensor([[ -6.42496395],
        [ -0.85363674],
        [ -5.52925968],
        [ -9.07978821],
        [ -0.57444859],
        [ -7.99601173],
        [ -6.24868345],
        [-10.32697678]], device='cuda:0') tensor([[inf],
        [inf],
        [inf],
        [inf],
        [inf],
        [inf],
        [inf],
        [inf]], device='cuda:0')
Intermediate layers: /input,/input-3
Keeping alphas for these layers: ['/18']
Node /15 input 0: size torch.Size([256]) unstable 158
Node /17 input 0: size torch.Size([128]) unstable 92
-----------------
# of unstable neurons: 250
-----------------

BaB round 1
batch: 8
splitting decisions: 
split level 0: [/input-3, 40] [/input-3, 11] [/input-3, 72] [/input-3, 62] [/input-3, 62] [/input, 135] [/input-3, 11] [/input, 21] 
best_l after optimization: -81.49677276611328
beta sum per layer: [0.0, 5.875310897827148]
alpha/beta optimization time: 0.6118955612182617
pruning_in_iteration open status: False
ratio of positive domain = 0 / 16 = 0.0
pruning-in-iteration extra time: 0.0008673667907714844
torch.Size([16, 1])
Time: prepare 0.0022    bound 0.6135    transfer 0.0012    finalize 0.0046    func 0.6217    
Accumulated time: func 0.6217    prepare 0.0069    bound 0.6135    transfer 0.0012    finalize 0.0046    
max lb tensor(-0.02379131) min lb tensor(-9.95602798)
Number of Verified Splits: 0 of 16
Current worst splitting domains lb-rhs (depth):
-9.95603 (1), -9.94087 (1), -8.90262 (1), -7.39754 (1), -7.31551 (1), -6.66421 (1), -6.21978 (1), -5.99521 (1), -5.37877 (1), -5.16744 (1), -4.01170 (1), -3.43838 (1), -0.49169 (1), -0.33090 (1), -0.26233 (1), -0.02379 (1), 
Length of domains: 16
Current (lb-rhs): -9.95602798461914
16 domains visited
Time: pickout 0.0016    decision 0.0343    set_bounds 0.0013    solve 0.6224    add 0.0129    
Accumulated time: pickout 0.0016    decision 0.0343    set_bounds 0.0013    solve 0.6224    add 0.0129    
Time out!!!!!!!!
Result: unknown in 26.4519 seconds

 %%%%%%%%%%%%%%%%%%%%%%%%%%%%%%%%%%% idx: 7, vnnlib ID: 27 %%%%%%%%%%%%%%%%%%%%%%%%%%%%%%%%%%%
Finished vnnlib processing in 0.009605 seconds
Disabling Clip-and-Verify because it does not support bab-refine!
Model: BoundedModule(
  (/0): BoundInput(name=/0, inputs=[], perturbed=True)
  (/7): BoundParams(name=/7, inputs=[], perturbed=False)
  (/8): BoundParams(name=/8, inputs=[], perturbed=False)
  (/9): BoundParams(name=/9, inputs=[], perturbed=False)
  (/10): BoundParams(name=/10, inputs=[], perturbed=False)
  (/11): BoundParams(name=/11, inputs=[], perturbed=False)
  (/12): BoundParams(name=/12, inputs=[], perturbed=False)
  (/13): BoundFlatten(name=/13, inputs=[/0], perturbed=True)
  (/input): BoundLinear(name=/input, inputs=[/13, /7, /8], perturbed=True)
  (/15): BoundRelu(name=/15, inputs=[/input], perturbed=True)
  (/input-3): BoundLinear(name=/input-3, inputs=[/15, /9, /10], perturbed=True)
  (/17): BoundRelu(name=/17, inputs=[/input-3], perturbed=True)
  (/18): BoundLinear(name=/18, inputs=[/17, /11, /12], perturbed=True)
)
Original output in the first batch: tensor([[-7.69170189, -5.80410147, -3.40680552, -7.69510984, 12.92491150,
         -2.40049839, -8.08081722, -3.20192766, -3.44807506,  2.41698194]],
       device='cuda:0')
Split layers:
Nonlinear functions:
   BoundRelu(name=/15, inputs=[/input], perturbed=True)
   BoundRelu(name=/17, inputs=[/input-3], perturbed=True)
build batch [1/1]
layer /15 using sparse-features alpha with shape [163]; unstable size 163; total size 256 ([1, 256])
layer /15 start_node /input-3 using sparse-spec alpha [2, 90, 1, 163] with unstable size 89 total_size 128 output_shape torch.Size([128])
layer /15 start_node /18 using full alpha [2, 9, 1, 163] with unstable size None total_size 9 output_shape 9
layer /17 using sparse-features alpha with shape [89]; unstable size 89; total size 128 ([1, 128])
layer /17 start_node /18 using full alpha [2, 9, 1, 89] with unstable size None total_size 9 output_shape 9
Optimizable variables initialized.
initial CROWN bounds (first 10 items): [-2.8925094604492188, -1.5194616317749023, -7.849237442016602, -4.749131202697754, -10.104500770568848, -3.4410171508789062, -5.08430290222168, -7.533688545227051, -11.14900016784668]
prune_after_crown optimization in use
  original spec size = torch.Size([1, 9])
  pruned spec size = torch.Size([1, 9])
Using alpha-CROWN to initialize bounds.
best_l after optimization: -46.91078567504883
alpha/beta optimization time: 2.8991270065307617
initial alpha-crown bounds (first 10 items): [-2.246384620666504, -0.9502048492431641, -6.706509590148926, -4.086423873901367, -9.053206443786621, -2.4102516174316406, -4.522102355957031, -6.466886520385742, -10.468815803527832]
Global lower bound: -10.468815803527832
torch.Size([1, 9])
0 / 9 OR specs are verified.
Verified OR indices (first 10 items): []
Verified OR lbs (first 10 items): []
Unverified OR indices (first 10 items): [0, 1, 2, 3, 4, 5, 6, 7, 8]
Unverified OR lbs (first 10 items): [[-2.246384620666504], [-0.9502048492431641], [-6.706509590148926], [-4.086423873901367], [-9.053206443786621], [-2.4102516174316406], [-4.522102355957031], [-6.466886520385742], [-10.468815803527832]]
Start solving intermediate bounds with MIP...
layer /15 using sparse-features alpha with shape [163]; unstable size 163; total size 256 ([1, 256])
layer /15 start_node /input-3 using sparse-spec alpha [2, 90, 1, 163] with unstable size 89 total_size 128 output_shape torch.Size([128])
layer /15 start_node /18 using full alpha [2, 9, 1, 163] with unstable size None total_size 9 output_shape 9
layer /17 using sparse-features alpha with shape [89]; unstable size 89; total size 128 ([1, 128])
layer /17 start_node /18 using full alpha [2, 9, 1, 89] with unstable size None total_size 9 output_shape 9
Optimizable variables initialized.
mip_multi_proc: 2, mip_threads: 1,total threads used: 2, mip_perneuron_refine_timeout: 5.0
[total time budget for MIP: 9.600000000000001]

refine the bounds for layer  /15
maximum relu layer improved by MIP so far 0
refine the bounds for layer  /17
current relu layer: /17, idx: 1
timeout for this layer is 5.0
Removed 0 unstable neurons in MIP based on the coefficient matrix.
PGD done for relu layer 1
Solving MIP for lay/input-3_40,[-2.690244197845459,3.6589484214782715]=>[-1.794596828297781,2.222701757496247] (2,-1; 9,-1), time: 7.7006s, #vars: 1497, #constrs: 873, improved: True
Solving MIP for lay/input-3_0,[-2.389251232147217,4.035937309265137]=>[-1.2881792860734989,2.6589727254546967] (2,-1; 9,-1), time: 8.8204s, #vars: 1497, #constrs: 873, improved: True
Solving MIP for lay/input-3_81,[-2.824253559112549,2.9968769550323486]=>[-1.7829098437275466,1.8010146704745107] (2,-1; 9,-1), time: 9.7604s, #vars: 1497, #constrs: 873, improved: True
MIP improved 3 nodes out of 87 unstable nodes for layer /17, time 18.9870
MIP got 0 timeout nodes out of 87 nodes for layer /17
maximum relu layer improved by MIP so far 1
Refine time 19.2290 exceeds the limit 9.600000000000001, stop refining.
MIP finished with 19.229056119918823s
Run final alpha-CROWN after MIP solving on layer 5 and relu idx 2
0 /input torch.Size([1, 256])
1 /input-3 torch.Size([1, 128])
best_l after optimization: -43.31287384033203
alpha/beta optimization time: 3.632000684738159
alpha-CROWN with intermediate bounds improved by MIP: tensor([[ -1.66324139,  -0.70268345,  -6.39375305,  -3.62126732,  -8.45119762,
          -2.07002735,  -4.30173016,  -6.10741806, -10.00155449]],
       device='cuda:0') None
torch.Size([1, 9])
refined global lb: tensor([[ -1.66324139],
        [ -0.70268345],
        [ -6.39375305],
        [ -3.62126732],
        [ -8.45119762],
        [ -2.07002735],
        [ -4.30173016],
        [ -6.10741806],
        [-10.00155449]], device='cuda:0') min: tensor(-10.00155449, device='cuda:0')
0 / 9 OR specs are verified.
Verified OR indices (first 10 items): []
Verified OR lbs (first 10 items): []
Unverified OR indices (first 10 items): [0, 1, 2, 3, 4, 5, 6, 7, 8]
Unverified OR lbs (first 10 items): [[-1.6632413864135742], [-0.7026834487915039], [-6.3937530517578125], [-3.621267318725586], [-8.451197624206543], [-2.0700273513793945], [-4.301730155944824], [-6.107418060302734], [-10.001554489135742]]
###### Verifying property Instance 7 ######
Batch size: 9
First 10 spec matrices
C: tensor([[[-1.,  0.,  0.,  0.,  1.,  0.,  0.,  0.,  0.,  0.]],

        [[ 0., -1.,  0.,  0.,  1.,  0.,  0.,  0.,  0.,  0.]],

        [[ 0.,  0., -1.,  0.,  1.,  0.,  0.,  0.,  0.,  0.]],

        [[ 0.,  0.,  0., -1.,  1.,  0.,  0.,  0.,  0.,  0.]],

        [[ 0.,  0.,  0.,  0.,  1., -1.,  0.,  0.,  0.,  0.]],

        [[ 0.,  0.,  0.,  0.,  1.,  0., -1.,  0.,  0.,  0.]],

        [[ 0.,  0.,  0.,  0.,  1.,  0.,  0., -1.,  0.,  0.]],

        [[ 0.,  0.,  0.,  0.,  1.,  0.,  0.,  0., -1.,  0.]],

        [[ 0.,  0.,  0.,  0.,  1.,  0.,  0.,  0.,  0., -1.]]], device='cuda:0')
RHS: tensor([[0.],
        [0.],
        [0.],
        [0.],
        [0.],
        [0.],
        [0.],
        [0.],
        [0.]], device='cuda:0')
OR spec sizes: tensor([1, 1, 1, 1, 1, 1, 1, 1, 1], device='cuda:0', dtype=torch.int32)
Remaining timeout: -15.30234169960022
Model prediction is: tensor([-7.69170189, -5.80410147, -3.40680552, -7.69510984, 12.92491150,
        -2.40049839, -8.08081722, -3.20192766, -3.44807506,  2.41698194],
       device='cuda:0')
Activation BaB batch 1/1 
build_with_refined_bounds batch [1/1]
Optimizable variables initialized.
all alpha initialized
directly get lb and ub from refined bounds
c shape: torch.Size([9, 1, 10])
lA shapes: [torch.Size([9, 1, 256]), torch.Size([9, 1, 128])]
torch.Size([9, 1])
(alpha-)CROWN with fixed intermediate bounds: tensor([[ -1.66324139],
        [ -0.70268345],
        [ -6.39375305],
        [ -3.62126732],
        [ -8.45119762],
        [ -2.07002735],
        [ -4.30173016],
        [ -6.10741806],
        [-10.00155449]], device='cuda:0') tensor([[inf],
        [inf],
        [inf],
        [inf],
        [inf],
        [inf],
        [inf],
        [inf],
        [inf]], device='cuda:0')
Intermediate layers: /input,/input-3
Keeping alphas for these layers: ['/18']
Node /15 input 0: size torch.Size([256]) unstable 163
Node /17 input 0: size torch.Size([128]) unstable 87
-----------------
# of unstable neurons: 250
-----------------

BaB round 1
batch: 9
splitting decisions: 
split level 0: [/input, 71] [/input, 4] [/input, 71] [/input, 71] [/input, 163] [/input-3, 102] [/input, 231] [/input, 163] [/input, 71] 
best_l after optimization: -76.08901977539062
beta sum per layer: [2.5351991653442383, 0.8430858254432678]
alpha/beta optimization time: 0.7553093433380127
pruning_in_iteration open status: False
ratio of positive domain = 1 / 18 = 0.05555555555555558
pruning-in-iteration extra time: 0.000331878662109375
torch.Size([18, 1])
Time: prepare 0.0053    bound 0.7565    transfer 0.0011    finalize 0.0058    func 0.7689    
Accumulated time: func 0.7689    prepare 0.0139    bound 0.7565    transfer 0.0011    finalize 0.0058    
max lb tensor(0.06296730) min lb tensor(-9.55470085)
Number of Verified Splits: 1 of 18
Current worst splitting domains lb-rhs (depth):
-9.55470 (1), -9.53039 (1), -7.87055 (1), -7.72531 (1), -5.90299 (1), -5.72987 (1), -5.64754 (1), -5.50287 (1), -3.87974 (1), -3.74213 (1), -3.18458 (1), -2.92200 (1), -1.65265 (1), -1.22885 (1), -1.12249 (1), -0.71566 (1), -0.23967 (1), 
Length of domains: 17
Current (lb-rhs): -9.55470085144043
18 domains visited
Time: pickout 0.0041    decision 0.0672    set_bounds 0.0032    solve 0.7715    add 0.0093    
Accumulated time: pickout 0.0041    decision 0.0672    set_bounds 0.0032    solve 0.7715    add 0.0093    
Time out!!!!!!!!
Result: unknown in 28.2193 seconds

 %%%%%%%%%%%%%%%%%%%%%%%%%%%%%%%%%%% idx: 8, vnnlib ID: 28 %%%%%%%%%%%%%%%%%%%%%%%%%%%%%%%%%%%
Finished vnnlib processing in 0.010141 seconds
Disabling Clip-and-Verify because it does not support bab-refine!
Model: BoundedModule(
  (/0): BoundInput(name=/0, inputs=[], perturbed=True)
  (/7): BoundParams(name=/7, inputs=[], perturbed=False)
  (/8): BoundParams(name=/8, inputs=[], perturbed=False)
  (/9): BoundParams(name=/9, inputs=[], perturbed=False)
  (/10): BoundParams(name=/10, inputs=[], perturbed=False)
  (/11): BoundParams(name=/11, inputs=[], perturbed=False)
  (/12): BoundParams(name=/12, inputs=[], perturbed=False)
  (/13): BoundFlatten(name=/13, inputs=[/0], perturbed=True)
  (/input): BoundLinear(name=/input, inputs=[/13, /7, /8], perturbed=True)
  (/15): BoundRelu(name=/15, inputs=[/input], perturbed=True)
  (/input-3): BoundLinear(name=/input-3, inputs=[/15, /9, /10], perturbed=True)
  (/17): BoundRelu(name=/17, inputs=[/input-3], perturbed=True)
  (/18): BoundLinear(name=/18, inputs=[/17, /11, /12], perturbed=True)
)
Original output in the first batch: tensor([[ 14.63065815,  -9.67369080,   0.80711585,  -5.45805407, -11.05399418,
          -3.93348145,  -5.75949287,  -3.41120076,  -2.37214708,  -0.07468328]],
       device='cuda:0')
Split layers:
Nonlinear functions:
   BoundRelu(name=/15, inputs=[/input], perturbed=True)
   BoundRelu(name=/17, inputs=[/input-3], perturbed=True)
build batch [1/1]
layer /15 using sparse-features alpha with shape [122]; unstable size 122; total size 256 ([1, 256])
layer /15 start_node /input-3 using sparse-spec alpha [2, 71, 1, 122] with unstable size 70 total_size 128 output_shape torch.Size([128])
layer /15 start_node /18 using full alpha [2, 9, 1, 122] with unstable size None total_size 9 output_shape 9
layer /17 using sparse-features alpha with shape [70]; unstable size 70; total size 128 ([1, 128])
layer /17 start_node /18 using full alpha [2, 9, 1, 70] with unstable size None total_size 9 output_shape 9
Optimizable variables initialized.
initial CROWN bounds (first 10 items): [9.65966796875, 0.1971139907836914, 3.7828855514526367, 11.558423042297363, 3.433900833129883, 10.034012794494629, 2.892420768737793, 4.115972518920898, 3.029829978942871]
Verified with initial CROWN!
verified with init bound!
Result: safe-incomplete in 0.4191 seconds

 %%%%%%%%%%%%%%%%%%%%%%%%%%%%%%%%%%% idx: 9, vnnlib ID: 29 %%%%%%%%%%%%%%%%%%%%%%%%%%%%%%%%%%%
Finished vnnlib processing in 0.008630 seconds
Disabling Clip-and-Verify because it does not support bab-refine!
Model: BoundedModule(
  (/0): BoundInput(name=/0, inputs=[], perturbed=True)
  (/7): BoundParams(name=/7, inputs=[], perturbed=False)
  (/8): BoundParams(name=/8, inputs=[], perturbed=False)
  (/9): BoundParams(name=/9, inputs=[], perturbed=False)
  (/10): BoundParams(name=/10, inputs=[], perturbed=False)
  (/11): BoundParams(name=/11, inputs=[], perturbed=False)
  (/12): BoundParams(name=/12, inputs=[], perturbed=False)
  (/13): BoundFlatten(name=/13, inputs=[/0], perturbed=True)
  (/input): BoundLinear(name=/input, inputs=[/13, /7, /8], perturbed=True)
  (/15): BoundRelu(name=/15, inputs=[/input], perturbed=True)
  (/input-3): BoundLinear(name=/input-3, inputs=[/15, /9, /10], perturbed=True)
  (/17): BoundRelu(name=/17, inputs=[/input-3], perturbed=True)
  (/18): BoundLinear(name=/18, inputs=[/17, /11, /12], perturbed=True)
)
Original output in the first batch: tensor([[-8.23408413,  5.25948620, -2.30274129,  1.15939569, -2.00009251,
         -1.78491187, -5.33434582, -0.86232954,  0.87535876, -5.99753284]],
       device='cuda:0')
Split layers:
Nonlinear functions:
   BoundRelu(name=/15, inputs=[/input], perturbed=True)
   BoundRelu(name=/17, inputs=[/input-3], perturbed=True)
build batch [1/1]
layer /15 using sparse-features alpha with shape [193]; unstable size 193; total size 256 ([1, 256])
layer /15 start_node /input-3 using full alpha [2, 128, 1, 193] with unstable size 120 total_size 128 output_shape torch.Size([128])
layer /15 start_node /18 using full alpha [2, 9, 1, 193] with unstable size None total_size 9 output_shape 9
layer /17 using full alpha with shape torch.Size([128]); unstable size 120; total size 128 ([1, 128])
layer /17 start_node /18 using full alpha [2, 9, 1, 128] with unstable size None total_size 9 output_shape 9
Optimizable variables initialized.
initial CROWN bounds (first 10 items): [-8.655389785766602, -13.286120414733887, -19.70152473449707, -10.913652420043945, -18.103654861450195, -11.325035095214844, -13.454317092895508, -16.791748046875, -11.985906600952148]
prune_after_crown optimization in use
  original spec size = torch.Size([1, 9])
  pruned spec size = torch.Size([1, 9])
Using alpha-CROWN to initialize bounds.
best_l after optimization: -108.08474731445312
alpha/beta optimization time: 3.250284433364868
initial alpha-crown bounds (first 10 items): [-7.484572410583496, -11.871391296386719, -17.504165649414062, -9.613700866699219, -15.258955001831055, -9.217607498168945, -12.095010757446289, -14.657718658447266, -10.381620407104492]
Global lower bound: -17.504165649414062
torch.Size([1, 9])
0 / 9 OR specs are verified.
Verified OR indices (first 10 items): []
Verified OR lbs (first 10 items): []
Unverified OR indices (first 10 items): [0, 1, 2, 3, 4, 5, 6, 7, 8]
Unverified OR lbs (first 10 items): [[-7.484572410583496], [-11.871391296386719], [-17.504165649414062], [-9.613700866699219], [-15.258955001831055], [-9.217607498168945], [-12.095010757446289], [-14.657718658447266], [-10.381620407104492]]
Start solving intermediate bounds with MIP...
layer /15 using sparse-features alpha with shape [193]; unstable size 193; total size 256 ([1, 256])
layer /15 start_node /input-3 using full alpha [2, 128, 1, 193] with unstable size 120 total_size 128 output_shape torch.Size([128])
layer /15 start_node /18 using full alpha [2, 9, 1, 193] with unstable size None total_size 9 output_shape 9
layer /17 using full alpha with shape torch.Size([128]); unstable size 120; total size 128 ([1, 128])
layer /17 start_node /18 using full alpha [2, 9, 1, 128] with unstable size None total_size 9 output_shape 9
Optimizable variables initialized.
mip_multi_proc: 2, mip_threads: 1,total threads used: 2, mip_perneuron_refine_timeout: 5.0
[total time budget for MIP: 9.600000000000001]

refine the bounds for layer  /15
maximum relu layer improved by MIP so far 0
refine the bounds for layer  /17
current relu layer: /17, idx: 1
timeout for this layer is 5.0
Removed 0 unstable neurons in MIP based on the coefficient matrix.
PGD done for relu layer 1
Solving MIP for lay/input-3_102,[-6.176548004150391,3.4498682022094727]=>[-4.4749777736804255,1.934192521152068] (9,-1; 9,-1), time: 10.0110s, #vars: 1557, #constrs: 963, improved: True
Solving MIP for lay/input-3_35,[-4.434122085571289,2.6346287727355957]=>[-3.083292321965526,1.5640577604833348] (9,-1; 9,-1), time: 10.0110s, #vars: 1557, #constrs: 963, improved: True
MIP improved 2 nodes out of 119 unstable nodes for layer /17, time 11.9754
MIP got 2 timeout nodes out of 119 nodes for layer /17
maximum relu layer improved by MIP so far 1
Refine time 12.2835 exceeds the limit 9.600000000000001, stop refining.
MIP finished with 12.283478736877441s
Run final alpha-CROWN after MIP solving on layer 5 and relu idx 2
0 /input torch.Size([1, 256])
1 /input-3 torch.Size([1, 128])
best_l after optimization: -105.51100158691406
alpha/beta optimization time: 4.238322496414185
alpha-CROWN with intermediate bounds improved by MIP: tensor([[ -7.05328846, -11.75222778, -17.26081085,  -9.45940495, -14.98050499,
          -8.62287140, -11.81563759, -14.37894440, -10.18731308]],
       device='cuda:0') None
torch.Size([1, 9])
refined global lb: tensor([[ -7.05328846],
        [-11.75222778],
        [-17.26081085],
        [ -9.45940495],
        [-14.98050499],
        [ -8.62287140],
        [-11.81563759],
        [-14.37894440],
        [-10.18731308]], device='cuda:0') min: tensor(-17.26081085, device='cuda:0')
0 / 9 OR specs are verified.
Verified OR indices (first 10 items): []
Verified OR lbs (first 10 items): []
Unverified OR indices (first 10 items): [0, 1, 2, 3, 4, 5, 6, 7, 8]
Unverified OR lbs (first 10 items): [[-7.053288459777832], [-11.752227783203125], [-17.26081085205078], [-9.459404945373535], [-14.980504989624023], [-8.622871398925781], [-11.815637588500977], [-14.378944396972656], [-10.187313079833984]]
###### Verifying property Instance 9 ######
Batch size: 9
First 10 spec matrices
C: tensor([[[-1.,  1.,  0.,  0.,  0.,  0.,  0.,  0.,  0.,  0.]],

        [[ 0.,  1., -1.,  0.,  0.,  0.,  0.,  0.,  0.,  0.]],

        [[ 0.,  1.,  0., -1.,  0.,  0.,  0.,  0.,  0.,  0.]],

        [[ 0.,  1.,  0.,  0., -1.,  0.,  0.,  0.,  0.,  0.]],

        [[ 0.,  1.,  0.,  0.,  0., -1.,  0.,  0.,  0.,  0.]],

        [[ 0.,  1.,  0.,  0.,  0.,  0., -1.,  0.,  0.,  0.]],

        [[ 0.,  1.,  0.,  0.,  0.,  0.,  0., -1.,  0.,  0.]],

        [[ 0.,  1.,  0.,  0.,  0.,  0.,  0.,  0., -1.,  0.]],

        [[ 0.,  1.,  0.,  0.,  0.,  0.,  0.,  0.,  0., -1.]]], device='cuda:0')
RHS: tensor([[0.],
        [0.],
        [0.],
        [0.],
        [0.],
        [0.],
        [0.],
        [0.],
        [0.]], device='cuda:0')
OR spec sizes: tensor([1, 1, 1, 1, 1, 1, 1, 1, 1], device='cuda:0', dtype=torch.int32)
Remaining timeout: -8.727173566818237
Model prediction is: tensor([-8.23408413,  5.25948620, -2.30274129,  1.15939569, -2.00009251,
        -1.78491187, -5.33434582, -0.86232954,  0.87535876, -5.99753284],
       device='cuda:0')
Activation BaB batch 1/1 
build_with_refined_bounds batch [1/1]
Optimizable variables initialized.
all alpha initialized
directly get lb and ub from refined bounds
c shape: torch.Size([9, 1, 10])
lA shapes: [torch.Size([9, 1, 256]), torch.Size([9, 1, 128])]
torch.Size([9, 1])
(alpha-)CROWN with fixed intermediate bounds: tensor([[ -7.05328846],
        [-11.75222778],
        [-17.26081085],
        [ -9.45940495],
        [-14.98050499],
        [ -8.62287140],
        [-11.81563759],
        [-14.37894440],
        [-10.18731308]], device='cuda:0') tensor([[inf],
        [inf],
        [inf],
        [inf],
        [inf],
        [inf],
        [inf],
        [inf],
        [inf]], device='cuda:0')
Intermediate layers: /input,/input-3
Keeping alphas for these layers: ['/18']
Node /15 input 0: size torch.Size([256]) unstable 193
Node /17 input 0: size torch.Size([128]) unstable 119
-----------------
# of unstable neurons: 312
-----------------

BaB round 1
batch: 9
splitting decisions: 
split level 0: [/input-3, 102] [/input-3, 73] [/input, 160] [/input-3, 36] [/input-3, 36] [/input-3, 105] [/input-3, 35] [/input-3, 80] [/input-3, 36] 
best_l after optimization: -196.6849365234375
beta sum per layer: [1.3428529500961304, 4.8967084884643555]
alpha/beta optimization time: 0.6794707775115967
pruning_in_iteration open status: False
ratio of positive domain = 0 / 18 = 0.0
pruning-in-iteration extra time: 0.00034046173095703125
torch.Size([18, 1])
Time: prepare 0.0044    bound 0.6808    transfer 0.0008    finalize 0.0048    func 0.6909    
Accumulated time: func 0.6909    prepare 0.0139    bound 0.6808    transfer 0.0008    finalize 0.0048    
max lb tensor(-6.54372787) min lb tensor(-17.02468491)
Number of Verified Splits: 0 of 18
Current worst splitting domains lb-rhs (depth):
-17.02468 (1), -15.45797 (1), -14.40940 (1), -14.38727 (1), -14.20916 (1), -11.73160 (1), -11.41698 (1), -11.39644 (1), -11.25753 (1), -10.49830 (1), -9.85487 (1), -9.08243 (1), -8.80866 (1), -8.66217 (1), -8.37792 (1), -6.88721 (1), -6.67862 (1), -6.54373 (1), 
Length of domains: 18
Current (lb-rhs): -17.02468490600586
18 domains visited
Time: pickout 0.0027    decision 0.0668    set_bounds 0.0019    solve 0.6918    add 0.0068    
Accumulated time: pickout 0.0027    decision 0.0668    set_bounds 0.0019    solve 0.6918    add 0.0068    
Time out!!!!!!!!
Result: unknown in 21.5490 seconds
############# Summary #############
Final verified acc: 20.0% (total 10 examples)
Problem instances count: 10 , total verified (safe/unsat): 2 , total falsified (unsafe/sat): 0 , timeout: 8
mean time for ALL instances (total 10):20.325544774171412, max time: 29.479679584503174
mean time for verified SAFE instances(total 2): 0.39418137073516846, max time: 0.4191439151763916
mean time for verified SAFE + TIMEOUT instances (total 10): 20.325565099716187, max time: 29.479679584503174 
unknown (total 8), index: [0, 1, 2, 3, 4, 6, 7, 9]
safe-incomplete (total 2), index: [5, 8]
