INFO     18:01:57     [tensor_storage.py:70] Hugepage enabled for branch-and-bound domains.
Configurations:

general:
  device: cuda
  seed: 100
  conv_mode: patches
  deterministic: false
  double_fp: false
  loss_reduction_func: sum
  sparse_alpha: true
  sparse_interm: true
  save_adv_example: false
  verify_onnxruntime_output: false
  eval_adv_example: false
  onnx_adv_example: false
  show_adv_example: false
  precompile_jit: false
  reset_seed_after_precompile: false
  prepare_only: false
  complete_verifier: bab
  enable_incomplete_verification: true
  csv_name: null
  results_file: out.txt
  root_path: ''
  deterministic_opt: false
  graph_optimizer: 'Customized("custom_graph_optimizer", "default_optimizer")'
  buffer_has_batchdim: false
  save_output: false
  output_file: out.pkl
  return_optimized_model: false
  store_all_specs_on_cpu: false
  adhoc_tuning: null
model:
  name: null
  path: null
  onnx_path: ../saved_models/mnist_fcnn.onnx
  onnx_path_prefix: ''
  cache_onnx_conversion: false
  debug_onnx: false
  onnx_quirks: null
  input_shape: null
  onnx_loader: default_onnx_and_vnnlib_loader
  onnx_optimization_flags: []
  onnx_vnnlib_joint_optimization_flags: none
  check_optimized: false
  flatten_final_output: false
  optimize_graph: null
  with_jacobian: false
  bound_opts: null
data:
  start: 80
  end: 90
  select_instance: null
  num_outputs: 10
  mean: 0.0
  std: 1.0
  pkl_path: null
  dataset: MNIST
  data_filter_path: null
  data_idx_file: null
specification:
  type: lp
  robustness_type: verified-acc
  norm: .inf
  epsilon: 0.05
  epsilon_min: 0.0
  vnnlib_path: null
  vnnlib_path_prefix: ''
  shrink_eps: null
  rhs_offset: null
solver:
  batch_size: 64
  auto_enlarge_batch_size: false
  batched_crown_auto_enlarge_max_vram_ratio: 0.9
  min_batch_size_ratio: 0.1
  use_float64_in_last_iteration: false
  early_stop_patience: 10
  start_save_best: 0.5
  bound_prop_method: alpha-crown
  init_bound_prop_method: same
  prune_after_crown: true
  optimize_disjuncts_separately: false
  build_batch_size: 1000000
  skip_with_refined_bound: true
  forward_before_compute_bounds: false
  crown:
    batch_size: 1000000000
    max_crown_size: 1000000000
    activation_bound_option: adaptive
    compare_crown_with_ibp: false
  alpha-crown:
    alpha: true
    lr_alpha: 0.1
    iteration: 100
    share_alphas: false
    lr_decay: 0.98
    full_conv_alpha: true
    max_coeff_mul: .inf
    matmul_share_alphas: false
    disable_optimization: []
    max_time: 1.0
    alpha_dtype: float16
    input_split_alpha_iteration: 5
    input_split_lr_alpha: 0.05
  invprop:
    apply_output_constraints_to: []
    tighten_input_bounds: false
    best_of_oc_and_no_oc: false
    directly_optimize: []
    oc_lr: 0.1
    share_gammas: false
  beta-crown:
    lr_alpha: 0.01
    lr_beta: 0.05
    lr_decay: 0.98
    optimizer: adam
    iteration: 50
    beta: true
    beta_warmup: true
    enable_opt_interm_bounds: false
    all_node_split_LP: false
  forward:
    refine: false
    max_dim: 10000
    reset_threshold: 1.0
  mip:
    unstable_neuron_threshold: 0
    parallel_solvers: 2
    solver_threads: 1
    refine_neuron_timeout: 5.0
    refine_neuron_time_percentage: 0.8
    early_stop: true
    adv_warmup: true
    mip_solver: gurobi
    skip_unsafe: false
    topk_filter: 1.0
    sliding_window: -1
    extra_constraint: false
    refine_neuron_timeout_increasement: 0
    timeout_neuron_percentage: 0.3
    remaining_timeout_threshold: 1
    remove_unstable_neurons: false
    formulation: mip
    output_cut: false
bab:
  max_domains: .inf
  decision_thresh: 0
  timeout: 12.0
  timeout_scale: 1
  max_iterations: -1
  override_timeout: null
  get_upper_bound: false
  pruning_in_iteration: true
  pruning_in_iteration_ratio: 0.2
  sort_targets: false
  batched_domain_list: true
  optimized_interm: ''
  interm_transfer: true
  recompute_interm: false
  sort_domain_interval: -1
  vanilla_crown: false
  tree_traversal: depth_first
  hugetensor_allocator: true
  cut:
    enabled: false
    cuts_path: null
    bab_cut: false
    lp_cut: false
    lr: 0.01
    lr_decay: 1.0
    iteration: 100
    bab_iteration: -1
    early_stop_patience: -1
    lr_beta: 0.02
    number_cuts: 50
    topk_cuts_in_filter: 1000
    batch_size_primal: 100
    max_num: 1000000000
    patches_cut: false
    cplex_cuts: false
    cplex_cuts_wait: 0
    cplex_cuts_revpickup: true
    cut_reference_bounds: true
    fix_intermediate_bounds: false
    manual_cuts: null
    biccos:
      enabled: false
      auto_param: true
      constraint_strengthening: true
      drop_ratio: 0.5
      max_infer_iter: 20
      max_domain: 10000.0
      heuristic: neuron_influence_score
      save_cuts: false
      multi_tree_branching:
        enabled: false
        restore_best_tree: true
        keep_n_best_domains: 50
        target_batch_size: 200
        iterations: 3
  clip_n_verify:
    rearrange_constraints: false
    alpha_crown: false
    prune: false
    final_layer: false
    clip_input_domain:
      enabled: false
      clip_type: relaxed
      clip_neuron_selection_type: ratio
      clip_neuron_selection_value: -1.0
      clip_iterations: 1
      clip_calculate_volume_metrics: false
    clip_interm_domain:
      enabled: false
      with_input: false
      clip_in_alpha_crown: false
      topk_objective: 20
  branching:
    method: kfsb
    candidates: 5
    reduceop: min
    enable_intermediate_bound_opt: false
    branching_input_and_activation: false
    branching_input_and_activation_order: [input, relu]
    branching_input_iterations: 30
    branching_relu_iterations: 50
    nonlinear_split:
      method: bbps
      disable: false
      branching_point_method: uniform
      num_branches: 2
      filter: false
      filter_beta: false
      filter_clamp: false
      filter_batch_size: 10000
      filter_iterations: 25
      relu_only: false
      loose_tanh_threshold: null
      branching_point:
        db_path: branching_points.pt
        num_iterations: 1000
        batch_size: 1000000
        range_l: -5.0
        range_u: 5.0
        log_interval: 100
        step_size_1d: 0.01
        step_size: 0.2
    input_split:
      split_hint: null
      enable: false
      reorder_bab: false
      input_dim_threshold: 20
      adv_check: 0
      split_partitions: 2
      sb_margin_weight: 1.0
      sb_sum: false
      sb_primary_spec: null
      bf_backup_thresh: -1
      bf_rhs_offset: 0
      bf_iters: 1000000000.0
      bf_batch_size: 100000
      bf_zero_crossing_score: false
      touch_zero_score: 0
      ibp_enhancement: true
      compare_with_old_bounds: true
      update_rhs_with_attack: false
      sb_coeff_thresh: 0.001
      sort_index: null
      sort_descending: true
      show_progress: false
      presplit_domains: null
      skip_getting_worst_domain: false
  attack:
    enabled: false
    beam_candidates: 8
    beam_depth: 7
    max_dive_fix_ratio: 0.8
    min_local_free_ratio: 0.2
    mip_start_iteration: 5
    mip_timeout: 30.0
    adv_pool_threshold: null
    refined_mip_attacker: false
    refined_batch_size: null
attack:
  general_attack: true
  pgd_order: before
  pgd_steps: 100
  pgd_restarts: 30
  pgd_batch_size: 100000000
  pgd_early_stop: true
  pgd_lr_decay: 0.99
  pgd_alpha: auto
  pgd_alpha_scale: false
  pgd_loss_mode: null
  pgd_restart_when_stuck: false
  enable_mip_attack: false
  adv_saver: default_adv_saver
  adv_verifier: default_adv_verifier
  early_stop_condition: default_early_stop_condition
  adv_example_finalizer: default_adv_example_finalizer
  pgd_loss: default_pgd_loss
  cex_path: ./test_cex.txt
  attack_mode: PGD
  attack_tolerance: 0.0
  attack_func: attack_with_general_specs
  gama_lambda: 10.0
  gama_decay: 0.9
  input_split:
    pgd_steps: 100
    pgd_restarts: 30
    pgd_alpha: auto
  input_split_check_adv:
    enabled: auto
    pgd_steps: 5
    pgd_restarts: 5
    pgd_alpha: auto
    max_num_domains: 10
debug:
  view_model: false
  lp_test: null
  rescale_vnnlib_ptb: null
  test_optimized_bounds: false
  test_optimized_bounds_after_n_iterations: 0
  print_verbose_decisions: false
  biccos_mip_sanity_check: false
  sanity_check: 0
  z_split_enabled: false
  save_minimal_config: null
  save_minimal_config_omit_keys: []

/home/han/miniconda3/envs/alpha-beta-crown/lib/python3.10/site-packages/onnx2pytorch/convert/layer.py:29: UserWarning: The given NumPy array is not writable, and PyTorch does not support non-writable tensors. This means writing to this tensor will result in undefined behavior. You may want to copy the array to protect its data or make it writable before converting it to a tensor. This type of warning will be suppressed for the rest of this program. (Triggered internally at ../torch/csrc/utils/tensor_numpy.cpp:206.)
  layer.weight.data = torch.from_numpy(numpy_helper.to_array(weight))
/home/han/miniconda3/envs/alpha-beta-crown/lib/python3.10/site-packages/onnx2pytorch/convert/model.py:151: UserWarning: Using experimental implementation that allows 'batch_size > 1'.Batchnorm layers could potentially produce false outputs.
  warnings.warn(
Experiments at Mon May  4 18:01:57 2026 on LAPTOP-RGROMBPB
Loading onnx ../saved_models/mnist_fcnn.onnx with quirks {}
Finished onnx model loading in 0.0119 seconds
ConvertModel(
  (Flatten_/flatten/Flatten_output_0): Flatten()
  (Gemm_/fc1/Gemm_output_0): Linear(in_features=784, out_features=256, bias=True)
  (Relu_/relu1/Relu_output_0): ReLU()
  (Gemm_/fc2/Gemm_output_0): Linear(in_features=256, out_features=128, bias=True)
  (Relu_/relu2/Relu_output_0): ReLU()
  (Gemm_output): Linear(in_features=128, out_features=10, bias=True)
)
Parameters:
  Gemm_/fc1/Gemm_output_0.weight: shape torch.Size([256, 784])
  Gemm_/fc1/Gemm_output_0.bias: shape torch.Size([256])
  Gemm_/fc2/Gemm_output_0.weight: shape torch.Size([128, 256])
  Gemm_/fc2/Gemm_output_0.bias: shape torch.Size([128])
  Gemm_output.weight: shape torch.Size([10, 128])
  Gemm_output.bias: shape torch.Size([10])
Trying generic MNIST/CIFAR data loader.
/home/han/alpha-beta-CROWN/complete_verifier/specifications.py:342: UserWarning: Creating a tensor from a list of numpy.ndarrays is extremely slow. Please consider converting the list to a single numpy.ndarray with numpy.array() before converting to a tensor. (Triggered internally at ../torch/csrc/utils/tensor_new.cpp:278.)
  x_range_list = torch.Tensor(x_range_list).to(dtype=dtype, device=device).view(input_shape + [2])
Internal results will be saved to out.txt.

 %%%%%%%%%%%%%%%%%%%%%%%%%%%%%%%%%%% idx: 0, vnnlib ID: 80 %%%%%%%%%%%%%%%%%%%%%%%%%%%%%%%%%%%
Finished vnnlib processing in 0.493705 seconds
Attack parameters: initialization=uniform, steps=100, restarts=30, alpha=0.012500002980232239, GAMA=False
PGD attack margin (first 2 examples and 10 specs):
 tensor([[ 9.67794132, 10.83339119, 12.87777138, 12.64255714,  8.41902161,
         10.11505032, 19.56169701, 14.21662617,  5.57094383]], device='cuda:0')
Total number of violation:  0
Processing batch 1/1...
  0%|          | 0/100 [00:00<?, ?it/s]  1%|          | 1/100 [00:00<00:10,  9.70it/s]  1%|          | 1/100 [00:00<00:11,  8.99it/s]
pgd early stop
PGD attack margin (first 2 examples and 10 specs):
 tensor([[ 2.33136797,  5.35078335,  5.13229656,  3.73134041,  0.55707240,
         -1.39814878,  9.13242722,  3.87405944, -1.61135602]], device='cuda:0')
Total number of violation:  2
Attack finished in 0.2933 seconds.
PGD attack succeeded!

Checking and Saving Counterexample in check_and_save_cex

verified_status unsafe-pgd
verified_success True
Result: unsafe-pgd in 0.7889 seconds

 %%%%%%%%%%%%%%%%%%%%%%%%%%%%%%%%%%% idx: 1, vnnlib ID: 81 %%%%%%%%%%%%%%%%%%%%%%%%%%%%%%%%%%%
Finished vnnlib processing in 0.002385 seconds
Attack parameters: initialization=uniform, steps=100, restarts=30, alpha=0.012500002980232239, GAMA=False
PGD attack margin (first 2 examples and 10 specs):
 tensor([[ 4.77916813,  7.56266832,  6.63437319, 12.83449650,  7.90479183,
          6.53129625,  9.93827629,  7.78272724,  5.83568048]], device='cuda:0')
Total number of violation:  0
Processing batch 1/1...
  0%|          | 0/100 [00:00<?, ?it/s]  1%|          | 1/100 [00:00<00:01, 68.73it/s]
pgd early stop
PGD attack margin (first 2 examples and 10 specs):
 tensor([[-2.24832320, -0.13314655, -2.78591418,  2.84346151,  0.15611458,
         -1.38483500, -1.38377833,  0.07474023, -4.22395515]], device='cuda:0')
Total number of violation:  6
Attack finished in 0.0259 seconds.
PGD attack succeeded!

Checking and Saving Counterexample in check_and_save_cex

verified_status unsafe-pgd
verified_success True
Result: unsafe-pgd in 0.0291 seconds

 %%%%%%%%%%%%%%%%%%%%%%%%%%%%%%%%%%% idx: 2, vnnlib ID: 82 %%%%%%%%%%%%%%%%%%%%%%%%%%%%%%%%%%%
Finished vnnlib processing in 0.003952 seconds
Attack parameters: initialization=uniform, steps=100, restarts=30, alpha=0.012500002980232239, GAMA=False
PGD attack margin (first 2 examples and 10 specs):
 tensor([[15.89419174, 13.29808903, 12.79927254, 17.10877037, 21.46905136,
         21.25386047, 13.03217316, 13.13681412, 21.25269699]], device='cuda:0')
Total number of violation:  0
Processing batch 1/1...
  0%|          | 0/100 [00:00<?, ?it/s] 18%|█▊        | 18/100 [00:00<00:00, 171.83it/s] 37%|███▋      | 37/100 [00:00<00:00, 179.23it/s] 55%|█████▌    | 55/100 [00:00<00:00, 176.28it/s] 75%|███████▌  | 75/100 [00:00<00:00, 183.74it/s] 94%|█████████▍| 94/100 [00:00<00:00, 181.50it/s]100%|██████████| 100/100 [00:00<00:00, 180.08it/s]
PGD attack margin (first 2 examples and 10 specs):
 tensor([[ 9.57891655,  9.44124603,  7.89665937,  9.74941254, 14.46466637,
         15.12411690,  7.43307590,  7.22366190, 12.43402767]], device='cuda:0')
Total number of violation:  0
Attack finished in 0.5678 seconds.
PGD attack failed
verified_status unknown
verified_success False
Model: BoundedModule(
  (/0): BoundInput(name=/0, inputs=[], perturbed=True)
  (/7): BoundParams(name=/7, inputs=[], perturbed=False)
  (/8): BoundParams(name=/8, inputs=[], perturbed=False)
  (/9): BoundParams(name=/9, inputs=[], perturbed=False)
  (/10): BoundParams(name=/10, inputs=[], perturbed=False)
  (/11): BoundParams(name=/11, inputs=[], perturbed=False)
  (/12): BoundParams(name=/12, inputs=[], perturbed=False)
  (/13): BoundFlatten(name=/13, inputs=[/0], perturbed=True)
  (/input): BoundLinear(name=/input, inputs=[/13, /7, /8], perturbed=True)
  (/15): BoundRelu(name=/15, inputs=[/input], perturbed=True)
  (/input-3): BoundLinear(name=/input-3, inputs=[/15, /9, /10], perturbed=True)
  (/17): BoundRelu(name=/17, inputs=[/input-3], perturbed=True)
  (/18): BoundLinear(name=/18, inputs=[/17, /11, /12], perturbed=True)
)
Original output in the first batch: tensor([[-3.19302535, -0.54143214, 12.64589119,  0.29230168, -4.64993286,
         -8.41447639, -8.83906460, -0.12203042, -0.02665433, -7.93005085]],
       device='cuda:0')
Split layers:
Nonlinear functions:
   BoundRelu(name=/15, inputs=[/input], perturbed=True)
   BoundRelu(name=/17, inputs=[/input-3], perturbed=True)
build batch [1/1]
layer /15 using sparse-features alpha with shape [118]; unstable size 118; total size 256 ([1, 256])
layer /15 start_node /input-3 using sparse-spec alpha [2, 70, 1, 118] with unstable size 69 total_size 128 output_shape torch.Size([128])
layer /15 start_node /18 using full alpha [2, 9, 1, 118] with unstable size None total_size 9 output_shape 9
layer /17 using sparse-features alpha with shape [69]; unstable size 69; total size 128 ([1, 128])
layer /17 start_node /18 using full alpha [2, 9, 1, 69] with unstable size None total_size 9 output_shape 9
Optimizable variables initialized.
initial CROWN bounds (first 10 items): [3.013029098510742, 4.252823352813721, 1.4347000122070312, 2.5663795471191406, 6.5624189376831055, 7.735725402832031, 1.5438365936279297, -0.16950511932373047, 4.505022048950195]
prune_after_crown optimization in use
  original spec size = torch.Size([1, 9])
  pruned spec size = torch.Size([1, 1])
Using alpha-CROWN to initialize bounds.

all verified at 2th iter
best_l after optimization: 0.03407764434814453
alpha/beta optimization time: 1.5189754962921143
initial alpha-crown bounds (first 10 items): [0.03407764434814453]
Global lower bound: 0.03407764434814453
torch.Size([1, 1])
verified with init bound!
Result: safe-incomplete in 2.5247 seconds

 %%%%%%%%%%%%%%%%%%%%%%%%%%%%%%%%%%% idx: 3, vnnlib ID: 83 %%%%%%%%%%%%%%%%%%%%%%%%%%%%%%%%%%%
Finished vnnlib processing in 0.002610 seconds
Attack parameters: initialization=uniform, steps=100, restarts=30, alpha=0.012500002980232239, GAMA=False
PGD attack margin (first 2 examples and 10 specs):
 tensor([[11.81797695, 13.43346405, 13.18598175, 13.42555618, 12.92662811,
         13.35510826, 23.29980087, 15.55950546,  8.52601051]], device='cuda:0')
Total number of violation:  0
Processing batch 1/1...
  0%|          | 0/100 [00:00<?, ?it/s] 18%|█▊        | 18/100 [00:00<00:00, 174.31it/s] 37%|███▋      | 37/100 [00:00<00:00, 179.87it/s] 55%|█████▌    | 55/100 [00:00<00:00, 176.49it/s] 73%|███████▎  | 73/100 [00:00<00:00, 172.39it/s] 91%|█████████ | 91/100 [00:00<00:00, 174.46it/s]100%|██████████| 100/100 [00:00<00:00, 177.43it/s]
/home/han/alpha-beta-CROWN/auto_LiRPA/auto_LiRPA/beta_crown.py:52: DeprecationWarning: __array__ implementation doesn't accept a copy keyword, so passing copy=False failed. __array__ must implement 'dtype' and 'copy' keyword arguments. To learn more, see the migration guide https://numpy.org/devdocs/numpy_2_0_migration_guide.html#adapting-to-changes-in-the-copy-keyword
  sign_numpy[bi, :split_len] = split_coeffs
PGD attack margin (first 2 examples and 10 specs):
 tensor([[ 3.11280322,  6.64102793,  4.47007465,  3.97805786,  4.10207891,
          1.44439507, 10.47825623,  4.73383141,  1.16552973]], device='cuda:0')
Total number of violation:  0
Attack finished in 0.5734 seconds.
PGD attack failed
verified_status unknown
verified_success False
Model: BoundedModule(
  (/0): BoundInput(name=/0, inputs=[], perturbed=True)
  (/7): BoundParams(name=/7, inputs=[], perturbed=False)
  (/8): BoundParams(name=/8, inputs=[], perturbed=False)
  (/9): BoundParams(name=/9, inputs=[], perturbed=False)
  (/10): BoundParams(name=/10, inputs=[], perturbed=False)
  (/11): BoundParams(name=/11, inputs=[], perturbed=False)
  (/12): BoundParams(name=/12, inputs=[], perturbed=False)
  (/13): BoundFlatten(name=/13, inputs=[/0], perturbed=True)
  (/input): BoundLinear(name=/input, inputs=[/13, /7, /8], perturbed=True)
  (/15): BoundRelu(name=/15, inputs=[/input], perturbed=True)
  (/input-3): BoundLinear(name=/input-3, inputs=[/15, /9, /10], perturbed=True)
  (/17): BoundRelu(name=/17, inputs=[/input-3], perturbed=True)
  (/18): BoundLinear(name=/18, inputs=[/17, /11, /12], perturbed=True)
)
Original output in the first batch: tensor([[ -1.28139293,  -3.44535446,  -1.97962749,  -2.27037072,  -3.77349997,
          -2.01970267, -12.32525539,  10.20007324,  -4.53296280,   1.26635039]],
       device='cuda:0')
Split layers:
Nonlinear functions:
   BoundRelu(name=/15, inputs=[/input], perturbed=True)
   BoundRelu(name=/17, inputs=[/input-3], perturbed=True)
build batch [1/1]
layer /15 using sparse-features alpha with shape [161]; unstable size 161; total size 256 ([1, 256])
layer /15 start_node /input-3 using sparse-spec alpha [2, 95, 1, 161] with unstable size 94 total_size 128 output_shape torch.Size([128])
layer /15 start_node /18 using full alpha [2, 9, 1, 161] with unstable size None total_size 9 output_shape 9
layer /17 using sparse-features alpha with shape [94]; unstable size 94; total size 128 ([1, 128])
layer /17 start_node /18 using full alpha [2, 9, 1, 94] with unstable size None total_size 9 output_shape 9
Optimizable variables initialized.
initial CROWN bounds (first 10 items): [-7.139986991882324, -3.930980682373047, -5.815563201904297, -6.754054069519043, -6.989825248718262, -11.656219482421875, -3.4106979370117188, -7.5670318603515625, -10.080204010009766]
prune_after_crown optimization in use
  original spec size = torch.Size([1, 9])
  pruned spec size = torch.Size([1, 9])
Using alpha-CROWN to initialize bounds.
best_l after optimization: -53.69380187988281
alpha/beta optimization time: 1.6693694591522217
initial alpha-crown bounds (first 10 items): [-6.2807488441467285, -3.1360702514648438, -4.479830741882324, -5.664546966552734, -5.720993518829346, -10.458356857299805, -1.9452018737792969, -6.603599548339844, -9.40445613861084]
Global lower bound: -10.458356857299805
torch.Size([1, 9])
0 / 9 OR specs are verified.
Verified OR indices (first 10 items): []
Verified OR lbs (first 10 items): []
Unverified OR indices (first 10 items): [0, 1, 2, 3, 4, 5, 6, 7, 8]
Unverified OR lbs (first 10 items): [[-6.2807488441467285], [-3.1360702514648438], [-4.479830741882324], [-5.664546966552734], [-5.720993518829346], [-10.458356857299805], [-1.9452018737792969], [-6.603599548339844], [-9.40445613861084]]
###### Verifying property Instance 3 ######
Batch size: 9
First 10 spec matrices
C: tensor([[[-1.,  0.,  0.,  0.,  0.,  0.,  0.,  1.,  0.,  0.]],

        [[ 0., -1.,  0.,  0.,  0.,  0.,  0.,  1.,  0.,  0.]],

        [[ 0.,  0., -1.,  0.,  0.,  0.,  0.,  1.,  0.,  0.]],

        [[ 0.,  0.,  0., -1.,  0.,  0.,  0.,  1.,  0.,  0.]],

        [[ 0.,  0.,  0.,  0., -1.,  0.,  0.,  1.,  0.,  0.]],

        [[ 0.,  0.,  0.,  0.,  0., -1.,  0.,  1.,  0.,  0.]],

        [[ 0.,  0.,  0.,  0.,  0.,  0., -1.,  1.,  0.,  0.]],

        [[ 0.,  0.,  0.,  0.,  0.,  0.,  0.,  1., -1.,  0.]],

        [[ 0.,  0.,  0.,  0.,  0.,  0.,  0.,  1.,  0., -1.]]], device='cuda:0')
RHS: tensor([[0.],
        [0.],
        [0.],
        [0.],
        [0.],
        [0.],
        [0.],
        [0.],
        [0.]], device='cuda:0')
OR spec sizes: tensor([1, 1, 1, 1, 1, 1, 1, 1, 1], device='cuda:0', dtype=torch.int32)
Remaining timeout: 9.558966398239136
Model prediction is: tensor([ -1.28139293,  -3.44535446,  -1.97962749,  -2.27037072,  -3.77349997,
         -2.01970267, -12.32525539,  10.20007324,  -4.53296280,   1.26635039],
       device='cuda:0')
Activation BaB batch 1/1 
build_with_refined_bounds batch [1/1]
Optimizable variables initialized.
all alpha initialized
directly get lb and ub from refined bounds
c shape: torch.Size([9, 1, 10])
lA shapes: [torch.Size([9, 1, 256]), torch.Size([9, 1, 128])]
torch.Size([9, 1])
(alpha-)CROWN with fixed intermediate bounds: tensor([[ -6.28074884],
        [ -3.13607025],
        [ -4.47983074],
        [ -5.66454697],
        [ -5.72099352],
        [-10.45835686],
        [ -1.94520187],
        [ -6.60359955],
        [ -9.40445614]], device='cuda:0') tensor([[inf],
        [inf],
        [inf],
        [inf],
        [inf],
        [inf],
        [inf],
        [inf],
        [inf]], device='cuda:0')
Intermediate layers: /input,/input-3
Keeping alphas for these layers: ['/18']
Node /15 input 0: size torch.Size([256]) unstable 161
Node /17 input 0: size torch.Size([128]) unstable 93
-----------------
# of unstable neurons: 254
-----------------

BaB round 1
batch: 9
splitting decisions: 
split level 0: [/input-3, 102] [/input-3, 101] [/input-3, 70] [/input-3, 102] [/input-3, 62] [/input-3, 70] [/input-3, 102] [/input-3, 27] [/input-3, 102] 
best_l after optimization: -97.11866760253906
beta sum per layer: [0.0, 2.5621581077575684]
alpha/beta optimization time: 0.4250345230102539
pruning_in_iteration open status: False
ratio of positive domain = 0 / 18 = 0.0
pruning-in-iteration extra time: 0.0001246929168701172
torch.Size([18, 1])
Time: prepare 0.0012    bound 0.4259    transfer 0.0002    finalize 0.0010    func 0.4284    
Accumulated time: func 0.4284    prepare 0.0034    bound 0.4259    transfer 0.0002    finalize 0.0010    
max lb tensor(-0.80686283) min lb tensor(-9.97881413)
Number of Verified Splits: 0 of 18
Current worst splitting domains lb-rhs (depth):
-9.97881 (1), -9.79034 (1), -8.92914 (1), -8.89355 (1), -6.26927 (1), -6.00595 (1), -5.73778 (1), -5.34241 (1), -5.34043 (1), -5.32258 (1), -5.25752 (1), -4.85272 (1), -4.09168 (1), -3.91935 (1), -2.74231 (1), -2.72790 (1), -1.11007 (1), -0.80686 (1), 
Length of domains: 18
Current (lb-rhs): -9.978814125061035
18 domains visited
Time: pickout 0.0020    decision 0.0658    set_bounds 0.0007    solve 0.4289    add 0.0053    
Accumulated time: pickout 0.0020    decision 0.0658    set_bounds 0.0007    solve 0.4289    add 0.0053    
Cumulative time: 0.5295436382293701

BaB round 2
batch: 18
splitting decisions: 
split level 0: [/input-3, 40] [/input-3, 11] [/input-3, 34] [/input-3, 62] [/input-3, 70] [/input-3, 27] [/input-3, 70] [/input-3, 6] [/input-3, 70] [/input-3, 40] 
best_l after optimization: -171.52847290039062
beta sum per layer: [0.0, 19.939584732055664]
alpha/beta optimization time: 0.41713595390319824
pruning_in_iteration open status: False
ratio of positive domain = 0 / 36 = 0.0
pruning-in-iteration extra time: 0.00017070770263671875
torch.Size([36, 1])
Time: prepare 0.0014    bound 0.4182    transfer 0.0003    finalize 0.0011    func 0.4211    
Accumulated time: func 0.8495    prepare 0.0079    bound 0.8441    transfer 0.0005    finalize 0.0021    
max lb tensor(-0.34384727) min lb tensor(-9.60084248)
Number of Verified Splits: 0 of 36
Current worst splitting domains lb-rhs (depth):
-9.60084 (2), -9.36417 (2), -9.34429 (2), -9.29148 (2), -8.57807 (2), -8.53354 (2), -7.91069 (2), -7.83651 (2), -6.01838 (2), -5.71907 (2), -5.45727 (2), -5.18218 (2), -5.10623 (2), -5.09875 (2), -5.08997 (2), -5.05645 (2), -5.01785 (2), -4.51812 (2), -4.42603 (2), -3.89565 (2), 
Length of domains: 36
Current (lb-rhs): -9.600842475891113
54 domains visited
Time: pickout 0.0065    decision 0.0391    set_bounds 0.0015    solve 0.4216    add 0.0011    
Accumulated time: pickout 0.0085    decision 0.1049    set_bounds 0.0023    solve 0.8505    add 0.0064    
Cumulative time: 0.9996466636657715

BaB round 3
batch: 36
splitting decisions: 
split level 0: [/input-3, 103] [/input, 4] [/input, 76] [/input-3, 0] [/input, 76] [/input, 172] [/input, 7] [/input-3, 102] [/input, 21] [/input-3, 103] 
best_l after optimization: -306.5870666503906
beta sum per layer: [8.226449966430664, 55.10302734375]
alpha/beta optimization time: 0.5082452297210693
pruning_in_iteration open status: False
ratio of positive domain = 2 / 72 = 0.02777777777777779
pruning-in-iteration extra time: 0.0004429817199707031
torch.Size([72, 1])
Time: prepare 0.0030    bound 0.5097    transfer 0.0009    finalize 0.0045    func 0.5183    
Accumulated time: func 1.3678    prepare 0.0143    bound 1.3538    transfer 0.0014    finalize 0.0067    
max lb tensor(0.01517296) min lb tensor(-9.22824669)
Number of Verified Splits: 2 of 72
Current worst splitting domains lb-rhs (depth):
-9.22825 (3), -8.96217 (3), -8.91772 (3), -8.90833 (3), -8.90491 (3), -8.87915 (3), -8.68524 (3), -8.66130 (3), -8.24059 (3), -8.17727 (3), -8.08157 (3), -8.04838 (3), -7.60239 (3), -7.49225 (3), -7.28427 (3), -7.24510 (3), -5.69632 (3), -5.64553 (3), -5.39712 (3), -5.33155 (3), 
Length of domains: 70
Current (lb-rhs): -9.228246688842773
126 domains visited
Time: pickout 0.0081    decision 0.0421    set_bounds 0.0027    solve 0.5188    add 0.0044    
Accumulated time: pickout 0.0165    decision 0.1470    set_bounds 0.0050    solve 1.3693    add 0.0108    
Cumulative time: 1.5760047435760498

BaB round 4
batch: 64
splitting decisions: 
split level 0: [/input, 207] [/input-3, 11] [/input-3, 62] [/input-3, 0] [/input, 4] [/input, 76] [/input-3, 114] [/input-3, 73] [/input, 172] [/input-3, 11] 
best_l after optimization: -472.810302734375
beta sum per layer: [20.29026222229004, 150.86341857910156]
alpha/beta optimization time: 0.5947854518890381
pruning_in_iteration open status: False
ratio of positive domain = 11 / 128 = 0.0859375
pruning-in-iteration extra time: 0.00015234947204589844
torch.Size([128, 1])
Time: prepare 0.0039    bound 0.5958    transfer 0.0003    finalize 0.0025    func 0.6025    
Accumulated time: func 1.9703    prepare 0.0277    bound 1.9496    transfer 0.0017    finalize 0.0091    
max lb tensor(0.60002518) min lb tensor(-8.89069080)
Number of Verified Splits: 11 of 128
Current worst splitting domains lb-rhs (depth):
-8.91772 (3), -8.89069 (4), -8.62277 (4), -8.53335 (4), -8.51234 (4), -8.48552 (4), -8.47102 (4), -8.40132 (4), -8.38991 (4), -8.34528 (4), -8.32611 (4), -8.28125 (4), -8.09373 (4), -8.02427 (4), -7.94955 (4), -7.86072 (4), -7.76254 (4), -7.70618 (4), -7.52288 (4), -7.49515 (4), 
Length of domains: 123
Current (lb-rhs): -8.917716026306152
254 domains visited
Time: pickout 0.0225    decision 0.1110    set_bounds 0.0044    solve 0.6032    add 0.0014    
Accumulated time: pickout 0.0390    decision 0.2581    set_bounds 0.0095    solve 1.9726    add 0.0122    
Cumulative time: 2.319004774093628

BaB round 5
batch: 64
splitting decisions: 
split level 0: [/input-3, 72] [/input-3, 0] [/input-3, 102] [/input-3, 62] [/input-3, 40] [/input-3, 40] [/input, 129] [/input-3, 36] [/input-3, 27] [/input-3, 6] 
best_l after optimization: -405.54180908203125
beta sum per layer: [21.08130645751953, 273.5418701171875]
alpha/beta optimization time: 0.42758631706237793
pruning_in_iteration open status: False
ratio of positive domain = 5 / 128 = 0.0390625
pruning-in-iteration extra time: 0.00024700164794921875
torch.Size([128, 1])
Time: prepare 0.0032    bound 0.4286    transfer 0.0005    finalize 0.0029    func 0.4353    
Accumulated time: func 2.4056    prepare 0.0330    bound 2.3782    transfer 0.0022    finalize 0.0120    
max lb tensor(0.04994488) min lb tensor(-8.33101177)
Number of Verified Splits: 5 of 128
Current worst splitting domains lb-rhs (depth):
-8.91772 (3), -8.89069 (4), -8.53335 (4), -8.51234 (4), -8.47102 (4), -8.38991 (4), -8.33101 (5), -8.32611 (4), -8.16606 (5), -8.00450 (5), -7.96318 (5), -7.95119 (5), -7.94955 (4), -7.87168 (5), -7.86072 (4), -7.76254 (4), -7.70618 (4), -7.64243 (5), -7.54458 (5), -7.41560 (5), 
Length of domains: 182
Current (lb-rhs): -8.917716026306152
382 domains visited
Time: pickout 0.0125    decision 0.0353    set_bounds 0.0050    solve 0.4361    add 0.0013    
Accumulated time: pickout 0.0515    decision 0.2934    set_bounds 0.0144    solve 2.4087    add 0.0134    
Cumulative time: 2.809328317642212

BaB round 6
batch: 64
splitting decisions: 
split level 0: [/input-3, 31] [/input-3, 34] [/input, 135] [/input, 129] [/input-3, 21] [/input-3, 104] [/input-3, 40] [/input-3, 34] [/input, 135] [/input-3, 62] 
best_l after optimization: -320.856689453125
beta sum per layer: [50.04548263549805, 344.84027099609375]
alpha/beta optimization time: 0.4384732246398926
pruning_in_iteration open status: False
ratio of positive domain = 11 / 128 = 0.0859375
pruning-in-iteration extra time: 0.00012803077697753906
torch.Size([128, 1])
Time: prepare 0.0044    bound 0.4397    transfer 0.0002    finalize 0.0022    func 0.4465    
Accumulated time: func 2.8522    prepare 0.0398    bound 2.8179    transfer 0.0024    finalize 0.0142    
max lb tensor(0.44052410) min lb tensor(-7.74584341)
Number of Verified Splits: 11 of 128
Current worst splitting domains lb-rhs (depth):
-8.91772 (3), -8.89069 (4), -8.53335 (4), -8.51234 (4), -8.47102 (4), -8.38991 (4), -8.33101 (5), -8.32611 (4), -8.16606 (5), -7.95119 (5), -7.94955 (4), -7.87168 (5), -7.86072 (4), -7.76254 (4), -7.74584 (6), -7.70618 (4), -7.64243 (5), -7.57173 (6), -7.54458 (5), -7.31015 (4), 
Length of domains: 235
Current (lb-rhs): -8.917716026306152
510 domains visited
Time: pickout 0.0094    decision 0.0378    set_bounds 0.0054    solve 0.4471    add 0.0012    
Accumulated time: pickout 0.0609    decision 0.3312    set_bounds 0.0198    solve 2.8558    add 0.0146    
Cumulative time: 3.3104779720306396

BaB round 7
batch: 64
splitting decisions: 
split level 0: [/input-3, 17] [/input-3, 72] [/input-3, 11] [/input-3, 36] [/input-3, 36] [/input-3, 40] [/input-3, 88] [/input-3, 27] [/input-3, 21] [/input-3, 36] 
best_l after optimization: -229.68743896484375
beta sum per layer: [96.11985778808594, 429.8025817871094]
alpha/beta optimization time: 0.42479872703552246
pruning_in_iteration open status: False
ratio of positive domain = 19 / 128 = 0.1484375
pruning-in-iteration extra time: 0.0001239776611328125
torch.Size([128, 1])
Time: prepare 0.0034    bound 0.4257    transfer 0.0002    finalize 0.0023    func 0.4317    
Accumulated time: func 3.2839    prepare 0.0466    bound 3.2436    transfer 0.0026    finalize 0.0166    
max lb tensor(0.48967266) min lb tensor(-6.78751183)
Number of Verified Splits: 19 of 128
Current worst splitting domains lb-rhs (depth):
-8.91772 (3), -8.89069 (4), -8.53335 (4), -8.51234 (4), -8.47102 (4), -8.38991 (4), -8.33101 (5), -8.32611 (4), -8.16606 (5), -7.95119 (5), -7.94955 (4), -7.87168 (5), -7.86072 (4), -7.76254 (4), -7.74584 (6), -7.70618 (4), -7.64243 (5), -7.57173 (6), -7.54458 (5), -7.31015 (4), 
Length of domains: 280
Current (lb-rhs): -8.917716026306152
638 domains visited
Time: pickout 0.0094    decision 0.0441    set_bounds 0.0037    solve 0.4323    add 0.0012    
Accumulated time: pickout 0.0704    decision 0.3753    set_bounds 0.0235    solve 3.2881    add 0.0158    
Cumulative time: 3.8014299869537354

BaB round 8
batch: 64
splitting decisions: 
split level 0: [/input-3, 21] [/input-3, 11] [/input-3, 40] [/input-3, 96] [/input-3, 0] [/input-3, 17] [/input-3, 88] [/input-3, 88] [/input-3, 0] [/input-3, 17] 
best_l after optimization: -166.8208770751953
beta sum per layer: [149.22775268554688, 471.9325256347656]
alpha/beta optimization time: 0.5312669277191162
pruning_in_iteration open status: False
ratio of positive domain = 19 / 128 = 0.1484375
pruning-in-iteration extra time: 0.00036454200744628906
torch.Size([128, 1])
Time: prepare 0.0039    bound 0.5327    transfer 0.0006    finalize 0.0127    func 0.5499    
Accumulated time: func 3.8339    prepare 0.0528    bound 3.7764    transfer 0.0032    finalize 0.0292    
max lb tensor(0.59193754) min lb tensor(-4.36993408)
Number of Verified Splits: 19 of 128
Current worst splitting domains lb-rhs (depth):
-8.91772 (3), -8.89069 (4), -8.53335 (4), -8.51234 (4), -8.47102 (4), -8.38991 (4), -8.33101 (5), -8.32611 (4), -8.16606 (5), -7.95119 (5), -7.94955 (4), -7.87168 (5), -7.86072 (4), -7.76254 (4), -7.74584 (6), -7.70618 (4), -7.64243 (5), -7.57173 (6), -7.54458 (5), -7.31015 (4), 
Length of domains: 325
Current (lb-rhs): -8.917716026306152
766 domains visited
Time: pickout 0.0088    decision 0.0391    set_bounds 0.0039    solve 0.5510    add 0.0032    
Accumulated time: pickout 0.0792    decision 0.4144    set_bounds 0.0274    solve 3.8391    add 0.0191    
Cumulative time: 4.407922029495239

BaB round 9
batch: 64
splitting decisions: 
split level 0: [/input-3, 72] [/input-3, 36] [/input-3, 36] [/input-3, 96] [/input-3, 72] [/input-3, 72] [/input-3, 37] [/input, 7] [/input-3, 96] [/input-3, 88] 
best_l after optimization: -116.14523315429688
beta sum per layer: [182.24000549316406, 494.21234130859375]
alpha/beta optimization time: 0.8559634685516357
pruning_in_iteration open status: True
ratio of positive domain = 31 / 128 = 0.2421875
pruning-in-iteration extra time: 0.041530609130859375
torch.Size([128, 1])
Time: prepare 0.0048    bound 0.8573    transfer 0.0013    finalize 0.0068    func 0.8703    
Accumulated time: func 4.7042    prepare 0.0642    bound 4.6337    transfer 0.0045    finalize 0.0360    
max lb tensor(9.99999975e-05) min lb tensor(-2.45699310)
Number of Verified Splits: 31 of 128
Current worst splitting domains lb-rhs (depth):
-8.91772 (3), -8.89069 (4), -8.53335 (4), -8.51234 (4), -8.47102 (4), -8.38991 (4), -8.33101 (5), -8.32611 (4), -8.16606 (5), -7.95119 (5), -7.94955 (4), -7.87168 (5), -7.86072 (4), -7.76254 (4), -7.74584 (6), -7.70618 (4), -7.64243 (5), -7.57173 (6), -7.54458 (5), -7.31015 (4), 
Length of domains: 358
Current (lb-rhs): -8.917716026306152
894 domains visited
Time: pickout 0.0158    decision 0.1018    set_bounds 0.0045    solve 0.8712    add 0.0019    
Accumulated time: pickout 0.0950    decision 0.5163    set_bounds 0.0319    solve 4.7103    add 0.0209    
Cumulative time: 5.4037744998931885

BaB round 10
batch: 64
splitting decisions: 
split level 0: [/input-3, 96] [/input-3, 96] [/input-3, 6] [/input-3, 96] [/input, 7] [/input-3, 20] [/input-3, 20] [/input-3, 37] [/input-3, 96] [/input-3, 72] 
best_l after optimization: -95.11884307861328
beta sum per layer: [200.6140594482422, 553.7806396484375]
alpha/beta optimization time: 1.0325775146484375
pruning_in_iteration open status: True
ratio of positive domain = 35 / 128 = 0.2734375
pruning-in-iteration extra time: 0.05278944969177246
torch.Size([128, 1])
Time: prepare 0.0053    bound 1.0340    transfer 0.0016    finalize 0.0062    func 1.0472    
Accumulated time: func 5.7514    prepare 0.0774    bound 5.6677    transfer 0.0061    finalize 0.0422    
max lb tensor(9.99999975e-05) min lb tensor(-2.19668961)
Number of Verified Splits: 35 of 128
Current worst splitting domains lb-rhs (depth):
-8.91772 (3), -8.89069 (4), -8.53335 (4), -8.51234 (4), -8.47102 (4), -8.38991 (4), -8.33101 (5), -8.32611 (4), -8.16606 (5), -7.95119 (5), -7.94955 (4), -7.87168 (5), -7.86072 (4), -7.76254 (4), -7.74584 (6), -7.70618 (4), -7.64243 (5), -7.57173 (6), -7.54458 (5), -7.31015 (4), 
Length of domains: 387
Current (lb-rhs): -8.917716026306152
1022 domains visited
Time: pickout 0.0172    decision 0.1183    set_bounds 0.0052    solve 1.0482    add 0.0020    
Accumulated time: pickout 0.1123    decision 0.6346    set_bounds 0.0371    solve 5.7584    add 0.0230    
Cumulative time: 6.594968557357788

BaB round 11
batch: 64
splitting decisions: 
split level 0: [/input-3, 20] [/input-3, 96] [/input-3, 72] [/input-3, 96] [/input-3, 20] [/input-3, 72] [/input-3, 20] [/input-3, 6] [/input-3, 88] [/input-3, 31] 
best_l after optimization: -86.07508850097656
beta sum per layer: [133.71218872070312, 557.6756591796875]
alpha/beta optimization time: 0.6316287517547607
pruning_in_iteration open status: True
ratio of positive domain = 34 / 128 = 0.265625
pruning-in-iteration extra time: 0.03812122344970703
torch.Size([128, 1])
Time: prepare 0.0051    bound 0.6326    transfer 0.0004    finalize 0.0022    func 0.6405    
Accumulated time: func 6.3918    prepare 0.0966    bound 6.3004    transfer 0.0065    finalize 0.0444    
max lb tensor(9.99999975e-05) min lb tensor(-1.93562174)
Number of Verified Splits: 34 of 128
Current worst splitting domains lb-rhs (depth):
-8.91772 (3), -8.89069 (4), -8.53335 (4), -8.51234 (4), -8.47102 (4), -8.38991 (4), -8.33101 (5), -8.32611 (4), -8.16606 (5), -7.95119 (5), -7.94955 (4), -7.87168 (5), -7.86072 (4), -7.76254 (4), -7.74584 (6), -7.70618 (4), -7.64243 (5), -7.57173 (6), -7.54458 (5), -7.31015 (4), 
Length of domains: 417
Current (lb-rhs): -8.917716026306152
1150 domains visited
Time: pickout 0.0125    decision 0.1237    set_bounds 0.0042    solve 0.6412    add 0.0024    
Accumulated time: pickout 0.1248    decision 0.7583    set_bounds 0.0413    solve 6.3996    add 0.0253    
Cumulative time: 7.3795294761657715

BaB round 12
batch: 64
splitting decisions: 
split level 0: [/input-3, 72] [/input-3, 0] [/input-3, 125] [/input-3, 0] [/input-3, 88] [/input-3, 0] [/input-3, 37] [/input-3, 0] [/input-3, 104] [/input-3, 0] 
best_l after optimization: -53.70336151123047
beta sum per layer: [55.050376892089844, 557.3653564453125]
alpha/beta optimization time: 0.5462028980255127
pruning_in_iteration open status: True
ratio of positive domain = 45 / 128 = 0.3515625
pruning-in-iteration extra time: 0.02733635902404785
torch.Size([128, 1])
Time: prepare 0.0035    bound 0.5472    transfer 0.0003    finalize 0.0021    func 0.5533    
Accumulated time: func 6.9451    prepare 0.1049    bound 6.8476    transfer 0.0069    finalize 0.0465    
max lb tensor(9.99999975e-05) min lb tensor(-1.70023060)
Number of Verified Splits: 45 of 128
Current worst splitting domains lb-rhs (depth):
-8.91772 (3), -8.89069 (4), -8.53335 (4), -8.51234 (4), -8.47102 (4), -8.38991 (4), -8.33101 (5), -8.32611 (4), -8.16606 (5), -7.95119 (5), -7.94955 (4), -7.87168 (5), -7.86072 (4), -7.76254 (4), -7.74584 (6), -7.70618 (4), -7.64243 (5), -7.57173 (6), -7.54458 (5), -7.31015 (4), 
Length of domains: 436
Current (lb-rhs): -8.917716026306152
1278 domains visited
Time: pickout 0.0101    decision 0.0439    set_bounds 0.0047    solve 0.5539    add 0.0012    
Accumulated time: pickout 0.1349    decision 0.8022    set_bounds 0.0460    solve 6.9535    add 0.0265    
Cumulative time: 7.993749141693115

BaB round 13
batch: 64
splitting decisions: 
split level 0: [/input-3, 6] [/input-3, 6] [/input-3, 104] [/input-3, 6] [/input, 21] [/input-3, 88] [/input-3, 88] [/input-3, 6] [/input-3, 6] [/input-3, 0] 
best_l after optimization: -35.30759811401367
beta sum per layer: [8.340497970581055, 558.455078125]
alpha/beta optimization time: 0.5557327270507812
pruning_in_iteration open status: True
ratio of positive domain = 49 / 128 = 0.3828125
pruning-in-iteration extra time: 0.027678251266479492
torch.Size([128, 1])
Time: prepare 0.0039    bound 0.5568    transfer 0.0003    finalize 0.0026    func 0.5637    
Accumulated time: func 7.5088    prepare 0.1112    bound 7.4044    transfer 0.0072    finalize 0.0492    
max lb tensor(9.99999975e-05) min lb tensor(-1.05658054)
Number of Verified Splits: 49 of 128
Current worst splitting domains lb-rhs (depth):
-8.91772 (3), -8.89069 (4), -8.53335 (4), -8.51234 (4), -8.47102 (4), -8.38991 (4), -8.33101 (5), -8.32611 (4), -8.16606 (5), -7.95119 (5), -7.94955 (4), -7.87168 (5), -7.86072 (4), -7.76254 (4), -7.74584 (6), -7.70618 (4), -7.64243 (5), -7.57173 (6), -7.54458 (5), -7.31015 (4), 
Length of domains: 451
Current (lb-rhs): -8.917716026306152
1406 domains visited
Time: pickout 0.0093    decision 0.0383    set_bounds 0.0046    solve 0.5645    add 0.0015    
Accumulated time: pickout 0.1442    decision 0.8404    set_bounds 0.0507    solve 7.5180    add 0.0281    
Cumulative time: 8.612426280975342

BaB round 14
batch: 64
splitting decisions: 
split level 0: [/input-3, 6] [/input-3, 85] [/input-3, 114] [/input-3, 37] [/input-3, 37] [/input-3, 37] [/input-3, 71] [/input-3, 37] [/input-3, 37] [/input-3, 37] 
best_l after optimization: -20.970291137695312
beta sum per layer: [6.216586112976074, 536.980712890625]
alpha/beta optimization time: 0.7069346904754639
pruning_in_iteration open status: True
ratio of positive domain = 62 / 128 = 0.484375
pruning-in-iteration extra time: 0.03516697883605957
torch.Size([128, 1])
Time: prepare 0.0033    bound 0.7083    transfer 0.0018    finalize 0.0051    func 0.7186    
Accumulated time: func 8.2273    prepare 0.1171    bound 8.1127    transfer 0.0090    finalize 0.0543    
max lb tensor(9.99999975e-05) min lb tensor(-0.74462795)
Number of Verified Splits: 62 of 128
Current worst splitting domains lb-rhs (depth):
-8.91772 (3), -8.89069 (4), -8.53335 (4), -8.51234 (4), -8.47102 (4), -8.38991 (4), -8.33101 (5), -8.32611 (4), -8.16606 (5), -7.95119 (5), -7.94955 (4), -7.87168 (5), -7.86072 (4), -7.76254 (4), -7.74584 (6), -7.70618 (4), -7.64243 (5), -7.57173 (6), -7.54458 (5), -7.31015 (4), 
Length of domains: 453
Current (lb-rhs): -8.917716026306152
1534 domains visited
Time: pickout 0.0123    decision 0.0341    set_bounds 0.0039    solve 0.7192    add 0.0018    
Accumulated time: pickout 0.1566    decision 0.8746    set_bounds 0.0546    solve 8.2372    add 0.0299    
Cumulative time: 9.384096622467041

BaB round 15
batch: 64
splitting decisions: 
split level 0: [/input-3, 11] [/input-3, 11] [/input-3, 11] [/input-3, 11] [/input-3, 11] [/input-3, 37] [/input-3, 37] [/input-3, 11] [/input-3, 11] [/input-3, 37] 
best_l after optimization: -12.57302474975586
beta sum per layer: [1.3252466917037964, 514.8507080078125]
alpha/beta optimization time: 0.834069013595581
pruning_in_iteration open status: True
ratio of positive domain = 81 / 128 = 0.6328125
pruning-in-iteration extra time: 0.04916501045227051
torch.Size([128, 1])
Time: prepare 0.0059    bound 0.8353    transfer 0.0019    finalize 0.0111    func 0.8543    
Accumulated time: func 9.0816    prepare 0.1316    bound 8.9480    transfer 0.0109    finalize 0.0654    
max lb tensor(9.99999975e-05) min lb tensor(-0.64759159)
Number of Verified Splits: 81 of 128
Current worst splitting domains lb-rhs (depth):
-8.91772 (3), -8.89069 (4), -8.53335 (4), -8.51234 (4), -8.47102 (4), -8.38991 (4), -8.33101 (5), -8.32611 (4), -8.16606 (5), -7.95119 (5), -7.94955 (4), -7.87168 (5), -7.86072 (4), -7.76254 (4), -7.74584 (6), -7.70618 (4), -7.64243 (5), -7.57173 (6), -7.54458 (5), -7.31015 (4), 
Length of domains: 436
Current (lb-rhs): -8.917716026306152
1662 domains visited
Time: pickout 0.0167    decision 0.0973    set_bounds 0.0056    solve 0.8552    add 0.0040    
Accumulated time: pickout 0.1732    decision 0.9719    set_bounds 0.0601    solve 9.0924    add 0.0338    
Time out!!!!!!!!
Result: unknown in 12.8084 seconds

 %%%%%%%%%%%%%%%%%%%%%%%%%%%%%%%%%%% idx: 4, vnnlib ID: 84 %%%%%%%%%%%%%%%%%%%%%%%%%%%%%%%%%%%
Finished vnnlib processing in 0.012005 seconds
Attack parameters: initialization=uniform, steps=100, restarts=30, alpha=0.012500002980232239, GAMA=False
PGD attack margin (first 2 examples and 10 specs):
 tensor([[12.48150253, 10.24604034,  9.70388222,  9.29312420,  7.79273701,
          5.86416864,  7.38196325, 12.79806900, 11.73961258]], device='cuda:0')
Total number of violation:  0
Processing batch 1/1...
  0%|          | 0/100 [00:00<?, ?it/s]  1%|          | 1/100 [00:00<00:02, 34.91it/s]
pgd early stop
PGD attack margin (first 2 examples and 10 specs):
 tensor([[ 7.34664106,  6.34604120,  4.44513273,  3.88639736,  2.63608360,
         -0.19616079,  2.35882282,  6.57044506,  6.54582071]], device='cuda:0')
Total number of violation:  1
Attack finished in 0.0654 seconds.
PGD attack succeeded!

Checking and Saving Counterexample in check_and_save_cex

verified_status unsafe-pgd
verified_success True
Result: unsafe-pgd in 0.0793 seconds

 %%%%%%%%%%%%%%%%%%%%%%%%%%%%%%%%%%% idx: 5, vnnlib ID: 85 %%%%%%%%%%%%%%%%%%%%%%%%%%%%%%%%%%%
Finished vnnlib processing in 0.007455 seconds
Attack parameters: initialization=uniform, steps=100, restarts=30, alpha=0.012500002980232239, GAMA=False
PGD attack margin (first 2 examples and 10 specs):
 tensor([[29.63581276, 22.76916313, 26.19417191, 25.69950485, 18.76506615,
         27.58259964, 22.00619888, 20.67141151, 16.12895203]], device='cuda:0')
Total number of violation:  0
Processing batch 1/1...
  0%|          | 0/100 [00:00<?, ?it/s]  8%|▊         | 8/100 [00:00<00:01, 77.41it/s] 16%|█▌        | 16/100 [00:00<00:01, 69.44it/s] 24%|██▍       | 24/100 [00:00<00:01, 73.02it/s] 32%|███▏      | 32/100 [00:00<00:00, 74.39it/s] 40%|████      | 40/100 [00:00<00:00, 76.13it/s] 49%|████▉     | 49/100 [00:00<00:00, 77.88it/s] 57%|█████▋    | 57/100 [00:00<00:00, 78.33it/s] 66%|██████▌   | 66/100 [00:00<00:00, 80.56it/s] 75%|███████▌  | 75/100 [00:00<00:00, 82.15it/s] 84%|████████▍ | 84/100 [00:01<00:00, 81.23it/s] 93%|█████████▎| 93/100 [00:01<00:00, 79.23it/s]100%|██████████| 100/100 [00:01<00:00, 78.05it/s]
PGD attack margin (first 2 examples and 10 specs):
 tensor([[22.24047089, 16.98308372, 18.47868156, 15.86023140,  9.60318470,
         18.96201706, 15.87673378, 10.92295170,  8.93489075]], device='cuda:0')
Total number of violation:  0
Attack finished in 1.3146 seconds.
PGD attack failed
verified_status unknown
verified_success False
Model: BoundedModule(
  (/0): BoundInput(name=/0, inputs=[], perturbed=True)
  (/7): BoundParams(name=/7, inputs=[], perturbed=False)
  (/8): BoundParams(name=/8, inputs=[], perturbed=False)
  (/9): BoundParams(name=/9, inputs=[], perturbed=False)
  (/10): BoundParams(name=/10, inputs=[], perturbed=False)
  (/11): BoundParams(name=/11, inputs=[], perturbed=False)
  (/12): BoundParams(name=/12, inputs=[], perturbed=False)
  (/13): BoundFlatten(name=/13, inputs=[/0], perturbed=True)
  (/input): BoundLinear(name=/input, inputs=[/13, /7, /8], perturbed=True)
  (/15): BoundRelu(name=/15, inputs=[/input], perturbed=True)
  (/input-3): BoundLinear(name=/input-3, inputs=[/15, /9, /10], perturbed=True)
  (/17): BoundRelu(name=/17, inputs=[/input-3], perturbed=True)
  (/18): BoundLinear(name=/18, inputs=[/17, /11, /12], perturbed=True)
)
Original output in the first batch: tensor([[-12.34405613,  -5.70565462,  -8.72993851,  -7.79166031,  16.31190109,
          -1.18407094, -10.19938374,  -4.86624765,  -2.75732589,   1.32704341]],
       device='cuda:0')
Split layers:
Nonlinear functions:
   BoundRelu(name=/15, inputs=[/input], perturbed=True)
   BoundRelu(name=/17, inputs=[/input-3], perturbed=True)
build batch [1/1]
layer /15 using sparse-features alpha with shape [122]; unstable size 122; total size 256 ([1, 256])
layer /15 start_node /input-3 using sparse-spec alpha [2, 67, 1, 122] with unstable size 66 total_size 128 output_shape torch.Size([128])
layer /15 start_node /18 using full alpha [2, 9, 1, 122] with unstable size None total_size 9 output_shape 9
layer /17 using sparse-features alpha with shape [66]; unstable size 66; total size 128 ([1, 128])
layer /17 start_node /18 using full alpha [2, 9, 1, 66] with unstable size None total_size 9 output_shape 9
Optimizable variables initialized.
initial CROWN bounds (first 10 items): [12.891931533813477, 10.053187370300293, 9.917888641357422, 6.762798309326172, 0.5873298645019531, 10.126581192016602, 7.879201889038086, 2.401691436767578, 0.9864873886108398]
Verified with initial CROWN!
verified with init bound!
Result: safe-incomplete in 1.6028 seconds

 %%%%%%%%%%%%%%%%%%%%%%%%%%%%%%%%%%% idx: 6, vnnlib ID: 86 %%%%%%%%%%%%%%%%%%%%%%%%%%%%%%%%%%%
Finished vnnlib processing in 0.008625 seconds
Attack parameters: initialization=uniform, steps=100, restarts=30, alpha=0.012500002980232239, GAMA=False
PGD attack margin (first 2 examples and 10 specs):
 tensor([[13.97683334, 12.44994354,  8.90449524, 10.26983547, 17.80307388,
         17.32754326, 26.91774368, 11.46333218, 12.81741142]], device='cuda:0')
Total number of violation:  0
Processing batch 1/1...
  0%|          | 0/100 [00:00<?, ?it/s]  1%|          | 1/100 [00:00<00:02, 41.04it/s]
pgd early stop
PGD attack margin (first 2 examples and 10 specs):
 tensor([[ 3.80972314,  6.02277231, -0.87659740,  2.31957793, 10.45083237,
          6.08888912, 12.26021194,  0.92644691,  4.64987326]], device='cuda:0')
Total number of violation:  1
Attack finished in 0.0555 seconds.
PGD attack succeeded!

Checking and Saving Counterexample in check_and_save_cex

verified_status unsafe-pgd
verified_success True
Result: unsafe-pgd in 0.0660 seconds

 %%%%%%%%%%%%%%%%%%%%%%%%%%%%%%%%%%% idx: 7, vnnlib ID: 87 %%%%%%%%%%%%%%%%%%%%%%%%%%%%%%%%%%%
Finished vnnlib processing in 0.006888 seconds
Attack parameters: initialization=uniform, steps=100, restarts=30, alpha=0.012500002980232239, GAMA=False
PGD attack margin (first 2 examples and 10 specs):
 tensor([[16.07497406, 11.23135853, 11.44479465, 13.76167107,  9.91856194,
         20.08586884,  9.18662262, 13.48211765, 10.87523556]], device='cuda:0')
Total number of violation:  0
Processing batch 1/1...
  0%|          | 0/100 [00:00<?, ?it/s]  8%|▊         | 8/100 [00:00<00:01, 74.95it/s] 16%|█▌        | 16/100 [00:00<00:01, 74.71it/s] 25%|██▌       | 25/100 [00:00<00:00, 78.74it/s] 33%|███▎      | 33/100 [00:00<00:00, 72.57it/s] 41%|████      | 41/100 [00:00<00:00, 74.68it/s] 49%|████▉     | 49/100 [00:00<00:00, 76.08it/s] 58%|█████▊    | 58/100 [00:00<00:00, 79.51it/s] 66%|██████▌   | 66/100 [00:00<00:00, 79.31it/s] 75%|███████▌  | 75/100 [00:00<00:00, 80.46it/s] 84%|████████▍ | 84/100 [00:01<00:00, 81.68it/s] 93%|█████████▎| 93/100 [00:01<00:00, 80.98it/s]100%|██████████| 100/100 [00:01<00:00, 78.11it/s]
PGD attack margin (first 2 examples and 10 specs):
 tensor([[ 6.98249722,  5.55741453,  4.38463020,  6.36318445,  2.41721320,
         10.74197292,  0.32947731,  8.12077904,  3.92133021]], device='cuda:0')
Total number of violation:  0
Attack finished in 1.3242 seconds.
PGD attack failed
verified_status unknown
verified_success False
Model: BoundedModule(
  (/0): BoundInput(name=/0, inputs=[], perturbed=True)
  (/7): BoundParams(name=/7, inputs=[], perturbed=False)
  (/8): BoundParams(name=/8, inputs=[], perturbed=False)
  (/9): BoundParams(name=/9, inputs=[], perturbed=False)
  (/10): BoundParams(name=/10, inputs=[], perturbed=False)
  (/11): BoundParams(name=/11, inputs=[], perturbed=False)
  (/12): BoundParams(name=/12, inputs=[], perturbed=False)
  (/13): BoundFlatten(name=/13, inputs=[/0], perturbed=True)
  (/input): BoundLinear(name=/input, inputs=[/13, /7, /8], perturbed=True)
  (/15): BoundRelu(name=/15, inputs=[/input], perturbed=True)
  (/input-3): BoundLinear(name=/input-3, inputs=[/15, /9, /10], perturbed=True)
  (/17): BoundRelu(name=/17, inputs=[/input-3], perturbed=True)
  (/18): BoundLinear(name=/18, inputs=[/17, /11, /12], perturbed=True)
)
Original output in the first batch: tensor([[ -6.17166281,  -2.37849188,  -1.82211137,   9.66154099,  -5.47697163,
          -0.05580010, -10.88423252,   0.07759662,  -3.81298089,  -1.24181569]],
       device='cuda:0')
Split layers:
Nonlinear functions:
   BoundRelu(name=/15, inputs=[/input], perturbed=True)
   BoundRelu(name=/17, inputs=[/input-3], perturbed=True)
build batch [1/1]
layer /15 using sparse-features alpha with shape [142]; unstable size 142; total size 256 ([1, 256])
layer /15 start_node /input-3 using sparse-spec alpha [2, 100, 1, 142] with unstable size 99 total_size 128 output_shape torch.Size([128])
layer /15 start_node /18 using full alpha [2, 9, 1, 142] with unstable size None total_size 9 output_shape 9
layer /17 using sparse-features alpha with shape [99]; unstable size 99; total size 128 ([1, 128])
layer /17 start_node /18 using full alpha [2, 9, 1, 99] with unstable size None total_size 9 output_shape 9
Optimizable variables initialized.
initial CROWN bounds (first 10 items): [-5.061497688293457, -6.01765251159668, -5.747776985168457, -6.790891647338867, -8.442197799682617, -3.1491641998291016, -11.441291809082031, -1.781332015991211, -7.120733737945557]
prune_after_crown optimization in use
  original spec size = torch.Size([1, 9])
  pruned spec size = torch.Size([1, 9])
Using alpha-CROWN to initialize bounds.
best_l after optimization: -45.474552154541016
alpha/beta optimization time: 1.2708654403686523
initial alpha-crown bounds (first 10 items): [-3.722585678100586, -5.172630310058594, -4.636826992034912, -6.015481948852539, -7.154313087463379, -1.9525604248046875, -10.159024238586426, -1.1698493957519531, -5.491279602050781]
Global lower bound: -10.159024238586426
torch.Size([1, 9])
0 / 9 OR specs are verified.
Verified OR indices (first 10 items): []
Verified OR lbs (first 10 items): []
Unverified OR indices (first 10 items): [0, 1, 2, 3, 4, 5, 6, 7, 8]
Unverified OR lbs (first 10 items): [[-3.722585678100586], [-5.172630310058594], [-4.636826992034912], [-6.015481948852539], [-7.154313087463379], [-1.9525604248046875], [-10.159024238586426], [-1.1698493957519531], [-5.491279602050781]]
###### Verifying property Instance 7 ######
Batch size: 9
First 10 spec matrices
C: tensor([[[-1.,  0.,  0.,  1.,  0.,  0.,  0.,  0.,  0.,  0.]],

        [[ 0., -1.,  0.,  1.,  0.,  0.,  0.,  0.,  0.,  0.]],

        [[ 0.,  0., -1.,  1.,  0.,  0.,  0.,  0.,  0.,  0.]],

        [[ 0.,  0.,  0.,  1., -1.,  0.,  0.,  0.,  0.,  0.]],

        [[ 0.,  0.,  0.,  1.,  0., -1.,  0.,  0.,  0.,  0.]],

        [[ 0.,  0.,  0.,  1.,  0.,  0., -1.,  0.,  0.,  0.]],

        [[ 0.,  0.,  0.,  1.,  0.,  0.,  0., -1.,  0.,  0.]],

        [[ 0.,  0.,  0.,  1.,  0.,  0.,  0.,  0., -1.,  0.]],

        [[ 0.,  0.,  0.,  1.,  0.,  0.,  0.,  0.,  0., -1.]]], device='cuda:0')
RHS: tensor([[0.],
        [0.],
        [0.],
        [0.],
        [0.],
        [0.],
        [0.],
        [0.],
        [0.]], device='cuda:0')
OR spec sizes: tensor([1, 1, 1, 1, 1, 1, 1, 1, 1], device='cuda:0', dtype=torch.int32)
Remaining timeout: 8.946017980575562
Model prediction is: tensor([ -6.17166281,  -2.37849188,  -1.82211137,   9.66154099,  -5.47697163,
         -0.05580010, -10.88423252,   0.07759662,  -3.81298089,  -1.24181569],
       device='cuda:0')
Activation BaB batch 1/1 
build_with_refined_bounds batch [1/1]
Optimizable variables initialized.
all alpha initialized
directly get lb and ub from refined bounds
c shape: torch.Size([9, 1, 10])
lA shapes: [torch.Size([9, 1, 256]), torch.Size([9, 1, 128])]
torch.Size([9, 1])
(alpha-)CROWN with fixed intermediate bounds: tensor([[ -3.72258568],
        [ -5.17263031],
        [ -4.63682699],
        [ -6.01548195],
        [ -7.15431309],
        [ -1.95256042],
        [-10.15902424],
        [ -1.16984940],
        [ -5.49127960]], device='cuda:0') tensor([[inf],
        [inf],
        [inf],
        [inf],
        [inf],
        [inf],
        [inf],
        [inf],
        [inf]], device='cuda:0')
Intermediate layers: /input,/input-3
Keeping alphas for these layers: ['/18']
Node /15 input 0: size torch.Size([256]) unstable 142
Node /17 input 0: size torch.Size([128]) unstable 96
-----------------
# of unstable neurons: 238
-----------------

BaB round 1
batch: 9
splitting decisions: 
split level 0: [/input, 10] [/input-3, 98] [/input-3, 34] [/input, 136] [/input, 136] [/input, 136] [/input-3, 35] [/input-3, 11] [/input, 10] 
best_l after optimization: -81.30775451660156
beta sum per layer: [2.3170928955078125, 0.823279619216919]
alpha/beta optimization time: 0.6664891242980957
pruning_in_iteration open status: False
ratio of positive domain = 0 / 18 = 0.0
pruning-in-iteration extra time: 0.0007543563842773438
torch.Size([18, 1])
Time: prepare 0.0033    bound 0.6683    transfer 0.0017    finalize 0.0078    func 0.6811    
Accumulated time: func 0.6811    prepare 0.0114    bound 0.6683    transfer 0.0017    finalize 0.0078    
max lb tensor(-0.79511929) min lb tensor(-9.80096817)
Number of Verified Splits: 0 of 18
Current worst splitting domains lb-rhs (depth):
-9.80097 (1), -9.70781 (1), -6.68788 (1), -6.68636 (1), -5.35957 (1), -5.29105 (1), -5.09101 (1), -4.71237 (1), -4.59749 (1), -4.57262 (1), -4.32454 (1), -3.89216 (1), -3.35215 (1), -2.60879 (1), -1.52443 (1), -1.49188 (1), -0.81155 (1), -0.79512 (1), 
Length of domains: 18
Current (lb-rhs): -9.800968170166016
18 domains visited
Time: pickout 0.0017    decision 0.0514    set_bounds 0.0063    solve 0.6817    add 0.0053    
Accumulated time: pickout 0.0017    decision 0.0514    set_bounds 0.0063    solve 0.6817    add 0.0053    
Cumulative time: 0.7782192230224609

BaB round 2
batch: 18
splitting decisions: 
split level 0: [/input-3, 20] [/input-3, 11] [/input-3, 104] [/input, 10] [/input-3, 71] [/input, 10] [/input-3, 42] [/input, 136] [/input-3, 70] [/input-3, 20] 
best_l after optimization: -146.75172424316406
beta sum per layer: [10.818366050720215, 3.145958185195923]
alpha/beta optimization time: 0.6867263317108154
pruning_in_iteration open status: False
ratio of positive domain = 0 / 36 = 0.0
pruning-in-iteration extra time: 0.0003509521484375
torch.Size([36, 1])
Time: prepare 0.0023    bound 0.6879    transfer 0.0014    finalize 0.0048    func 0.6966    
Accumulated time: func 1.3776    prepare 0.0225    bound 1.3562    transfer 0.0031    finalize 0.0126    
max lb tensor(-0.40814781) min lb tensor(-9.49297237)
Number of Verified Splits: 0 of 36
Current worst splitting domains lb-rhs (depth):
-9.49297 (2), -9.43195 (2), -9.39774 (2), -9.31801 (2), -6.25285 (2), -6.23835 (2), -6.21040 (2), -6.20393 (2), -4.90459 (2), -4.86543 (2), -4.76078 (2), -4.66177 (2), -4.62051 (2), -4.48033 (2), -4.36733 (2), -4.25294 (2), -4.22029 (2), -4.20823 (2), -4.12821 (2), -4.09076 (2), 
Length of domains: 36
Current (lb-rhs): -9.492972373962402
54 domains visited
Time: pickout 0.0110    decision 0.0588    set_bounds 0.0025    solve 0.6975    add 0.0020    
Accumulated time: pickout 0.0126    decision 0.1102    set_bounds 0.0087    solve 1.3793    add 0.0073    
Cumulative time: 1.5503292083740234

BaB round 3
batch: 36
splitting decisions: 
split level 0: [/input-3, 98] [/input, 136] [/input, 239] [/input, 116] [/input-3, 35] [/input-3, 11] [/input, 136] [/input-3, 20] [/input-3, 20] [/input-3, 98] 
best_l after optimization: -258.8453369140625
beta sum per layer: [30.706729888916016, 14.770790100097656]
alpha/beta optimization time: 0.7001380920410156
pruning_in_iteration open status: False
ratio of positive domain = 4 / 72 = 0.05555555555555558
pruning-in-iteration extra time: 0.0003483295440673828
torch.Size([72, 1])
Time: prepare 0.0049    bound 0.7016    transfer 0.0008    finalize 0.0068    func 0.7141    
Accumulated time: func 2.0918    prepare 0.0361    bound 2.0577    transfer 0.0039    finalize 0.0195    
max lb tensor(0.08147526) min lb tensor(-9.20663071)
Number of Verified Splits: 4 of 72
Current worst splitting domains lb-rhs (depth):
-9.20663 (3), -9.12289 (3), -9.11742 (3), -9.09512 (3), -9.04462 (3), -9.03021 (3), -8.99579 (3), -8.92679 (3), -5.92545 (3), -5.91162 (3), -5.88143 (3), -5.87492 (3), -5.77922 (3), -5.77515 (3), -5.77177 (3), -5.75605 (3), -4.55030 (3), -4.49308 (3), -4.46554 (3), -4.31812 (3), 
Length of domains: 68
Current (lb-rhs): -9.20663070678711
126 domains visited
Time: pickout 0.0126    decision 0.1067    set_bounds 0.0030    solve 0.7150    add 0.0023    
Accumulated time: pickout 0.0252    decision 0.2169    set_bounds 0.0117    solve 2.0942    add 0.0096    
Cumulative time: 2.3900930881500244

BaB round 4
batch: 64
splitting decisions: 
split level 0: [/input-3, 70] [/input-3, 71] [/input, 178] [/input-3, 96] [/input-3, 71] [/input-3, 11] [/input-3, 116] [/input, 239] [/input-3, 70] [/input-3, 70] 
best_l after optimization: -406.7318115234375
beta sum per layer: [82.67375183105469, 70.16674041748047]
alpha/beta optimization time: 0.6269745826721191
pruning_in_iteration open status: False
ratio of positive domain = 20 / 128 = 0.15625
pruning-in-iteration extra time: 0.000396728515625
torch.Size([128, 1])
Time: prepare 0.0046    bound 0.6282    transfer 0.0010    finalize 0.0089    func 0.6428    
Accumulated time: func 2.7346    prepare 0.0478    bound 2.6860    transfer 0.0049    finalize 0.0284    
max lb tensor(0.48685169) min lb tensor(-8.93241787)
Number of Verified Splits: 20 of 128
Current worst splitting domains lb-rhs (depth):
-8.93242 (4), -8.84851 (4), -8.83618 (4), -8.81980 (4), -8.75861 (4), -8.75486 (4), -8.70823 (4), -8.63913 (4), -7.43791 (4), -7.37669 (4), -7.29818 (4), -7.25029 (4), -7.12101 (4), -7.05641 (4), -6.96601 (4), -6.93073 (4), -5.68036 (4), -5.65635 (4), -5.61519 (4), -5.61110 (4), 
Length of domains: 112
Current (lb-rhs): -8.932417869567871
254 domains visited
Time: pickout 0.0153    decision 0.1092    set_bounds 0.0040    solve 0.6440    add 0.0033    
Accumulated time: pickout 0.0405    decision 0.3261    set_bounds 0.0157    solve 2.7382    add 0.0129    
Cumulative time: 3.1661441326141357

BaB round 5
batch: 64
splitting decisions: 
split level 0: [/input-3, 36] [/input-3, 76] [/input, 116] [/input, 52] [/input-3, 73] [/input-3, 96] [/input-3, 98] [/input-3, 36] [/input, 207] [/input-3, 102] 
best_l after optimization: -382.3263854980469
beta sum per layer: [124.3661117553711, 146.15074157714844]
alpha/beta optimization time: 0.6492538452148438
pruning_in_iteration open status: False
ratio of positive domain = 8 / 128 = 0.0625
pruning-in-iteration extra time: 0.0007169246673583984
torch.Size([128, 1])
Time: prepare 0.0043    bound 0.6508    transfer 0.0017    finalize 0.0054    func 0.6622    
Accumulated time: func 3.3968    prepare 0.0599    bound 3.3368    transfer 0.0066    finalize 0.0338    
max lb tensor(0.15442276) min lb tensor(-8.69633293)
Number of Verified Splits: 8 of 128
Current worst splitting domains lb-rhs (depth):
-8.84851 (4), -8.83618 (4), -8.81980 (4), -8.75861 (4), -8.75486 (4), -8.70823 (4), -8.69633 (5), -8.63913 (4), -8.49826 (5), -6.83204 (5), -6.72811 (5), -6.69441 (5), -6.62591 (5), -6.60838 (5), -6.55077 (5), -6.51913 (5), -6.45905 (5), -6.34459 (5), -6.25712 (5), -6.20696 (5), 
Length of domains: 168
Current (lb-rhs): -8.848508834838867
382 domains visited
Time: pickout 0.0143    decision 0.1028    set_bounds 0.0043    solve 0.6629    add 0.0023    
Accumulated time: pickout 0.0548    decision 0.4289    set_bounds 0.0200    solve 3.4011    add 0.0152    
Cumulative time: 3.953106641769409

BaB round 6
batch: 64
splitting decisions: 
split level 0: [/input, 136] [/input-3, 97] [/input-3, 73] [/input-3, 7] [/input, 174] [/input-3, 116] [/input-3, 116] [/input-3, 81] [/input, 136] [/input-3, 70] 
best_l after optimization: -331.81817626953125
beta sum per layer: [184.23159790039062, 217.42208862304688]
alpha/beta optimization time: 0.6855676174163818
pruning_in_iteration open status: False
ratio of positive domain = 12 / 128 = 0.09375
pruning-in-iteration extra time: 0.0006730556488037109
torch.Size([128, 1])
Time: prepare 0.0047    bound 0.6871    transfer 0.0009    finalize 0.0052    func 0.6980    
Accumulated time: func 4.0948    prepare 0.0722    bound 4.0239    transfer 0.0075    finalize 0.0390    
max lb tensor(0.31520367) min lb tensor(-8.26187325)
Number of Verified Splits: 12 of 128
Current worst splitting domains lb-rhs (depth):
-8.84851 (4), -8.83618 (4), -8.81980 (4), -8.75861 (4), -8.75486 (4), -8.70823 (4), -8.69633 (5), -8.63913 (4), -8.26187 (6), -7.86450 (6), -6.72811 (5), -6.62591 (5), -6.55077 (5), -6.50782 (6), -6.46290 (6), -6.41195 (6), -6.34459 (5), -6.26483 (6), -6.25712 (5), -6.18101 (6), 
Length of domains: 220
Current (lb-rhs): -8.848508834838867
510 domains visited
Time: pickout 0.0165    decision 0.1275    set_bounds 0.0054    solve 0.6989    add 0.0017    
Accumulated time: pickout 0.0714    decision 0.5565    set_bounds 0.0254    solve 4.1001    add 0.0169    
Cumulative time: 4.803431034088135

BaB round 7
batch: 64
splitting decisions: 
split level 0: [/input-3, 68] [/input, 197] [/input-3, 81] [/input, 136] [/input-3, 97] [/input, 10] [/input-3, 116] [/input-3, 81] [/input, 116] [/input-3, 73] 
best_l after optimization: -286.33477783203125
beta sum per layer: [217.726318359375, 259.685791015625]
alpha/beta optimization time: 0.6178946495056152
pruning_in_iteration open status: False
ratio of positive domain = 19 / 128 = 0.1484375
pruning-in-iteration extra time: 0.0007116794586181641
torch.Size([128, 1])
Time: prepare 0.0050    bound 0.6195    transfer 0.0013    finalize 0.0054    func 0.6312    
Accumulated time: func 4.7260    prepare 0.0858    bound 4.6433    transfer 0.0088    finalize 0.0444    
max lb tensor(0.53337479) min lb tensor(-7.66184378)
Number of Verified Splits: 19 of 128
Current worst splitting domains lb-rhs (depth):
-8.84851 (4), -8.83618 (4), -8.81980 (4), -8.75861 (4), -8.75486 (4), -8.70823 (4), -8.69633 (5), -8.63913 (4), -8.26187 (6), -7.66184 (7), -6.72811 (5), -6.71013 (7), -6.62591 (5), -6.55077 (5), -6.46290 (6), -6.34459 (5), -6.26483 (6), -6.25712 (5), -6.24119 (7), -6.22901 (7), 
Length of domains: 265
Current (lb-rhs): -8.848508834838867
638 domains visited
Time: pickout 0.0137    decision 0.1147    set_bounds 0.0037    solve 0.6319    add 0.0016    
Accumulated time: pickout 0.0851    decision 0.6712    set_bounds 0.0291    solve 4.7320    add 0.0186    
Cumulative time: 5.569356679916382

BaB round 8
batch: 64
splitting decisions: 
split level 0: [/input-3, 68] [/input, 52] [/input-3, 96] [/input, 199] [/input-3, 34] [/input, 207] [/input, 165] [/input-3, 96] [/input-3, 7] [/input-3, 73] 
best_l after optimization: -252.4476318359375
beta sum per layer: [295.22027587890625, 313.96405029296875]
alpha/beta optimization time: 0.6396877765655518
pruning_in_iteration open status: False
ratio of positive domain = 17 / 128 = 0.1328125
pruning-in-iteration extra time: 0.00038552284240722656
torch.Size([128, 1])
Time: prepare 0.0049    bound 0.6410    transfer 0.0012    finalize 0.0068    func 0.6540    
Accumulated time: func 5.3801    prepare 0.0995    bound 5.2844    transfer 0.0100    finalize 0.0512    
max lb tensor(0.54637718) min lb tensor(-6.41180086)
Number of Verified Splits: 17 of 128
Current worst splitting domains lb-rhs (depth):
-8.84851 (4), -8.83618 (4), -8.81980 (4), -8.75861 (4), -8.75486 (4), -8.70823 (4), -8.69633 (5), -8.63913 (4), -8.26187 (6), -7.66184 (7), -6.72811 (5), -6.62591 (5), -6.55077 (5), -6.46290 (6), -6.41180 (8), -6.34459 (5), -6.26483 (6), -6.25712 (5), -6.22901 (7), -6.13070 (7), 
Length of domains: 312
Current (lb-rhs): -8.848508834838867
766 domains visited
Time: pickout 0.0151    decision 0.1060    set_bounds 0.0046    solve 0.6552    add 0.0024    
Accumulated time: pickout 0.1002    decision 0.7771    set_bounds 0.0337    solve 5.3871    add 0.0210    
Cumulative time: 6.352916479110718

BaB round 9
batch: 64
splitting decisions: 
split level 0: [/input, 207] [/input, 199] [/input, 199] [/input-3, 76] [/input-3, 15] [/input, 197] [/input, 136] [/input-3, 73] [/input-3, 76] [/input-3, 15] 
best_l after optimization: -211.945556640625
beta sum per layer: [334.59576416015625, 410.89398193359375]
alpha/beta optimization time: 0.7471156120300293
pruning_in_iteration open status: True
ratio of positive domain = 26 / 128 = 0.203125
pruning-in-iteration extra time: 0.017551422119140625
torch.Size([128, 1])
Time: prepare 0.0049    bound 0.7484    transfer 0.0018    finalize 0.0062    func 0.7614    
Accumulated time: func 6.1415    prepare 0.1123    bound 6.0328    transfer 0.0118    finalize 0.0573    
max lb tensor(9.99999975e-05) min lb tensor(-4.81765318)
Number of Verified Splits: 26 of 128
Current worst splitting domains lb-rhs (depth):
-8.84851 (4), -8.83618 (4), -8.81980 (4), -8.75861 (4), -8.75486 (4), -8.70823 (4), -8.69633 (5), -8.63913 (4), -8.26187 (6), -7.66184 (7), -6.72811 (5), -6.62591 (5), -6.55077 (5), -6.46290 (6), -6.41180 (8), -6.34459 (5), -6.26483 (6), -6.25712 (5), -6.22901 (7), -6.13070 (7), 
Length of domains: 350
Current (lb-rhs): -8.848508834838867
894 domains visited
Time: pickout 0.0154    decision 0.1048    set_bounds 0.0055    solve 0.7624    add 0.0019    
Accumulated time: pickout 0.1156    decision 0.8820    set_bounds 0.0391    solve 6.1495    add 0.0229    
Cumulative time: 7.243152141571045

BaB round 10
batch: 64
splitting decisions: 
split level 0: [/input, 199] [/input-3, 81] [/input-3, 46] [/input, 52] [/input-3, 81] [/input, 90] [/input-3, 15] [/input, 123] [/input-3, 126] [/input-3, 15] 
best_l after optimization: -180.95260620117188
beta sum per layer: [378.0445556640625, 488.52294921875]
alpha/beta optimization time: 0.7004337310791016
pruning_in_iteration open status: False
ratio of positive domain = 15 / 128 = 0.1171875
pruning-in-iteration extra time: 0.00020647048950195312
torch.Size([128, 1])
Time: prepare 0.0053    bound 0.7016    transfer 0.0002    finalize 0.0040    func 0.7111    
Accumulated time: func 6.8526    prepare 0.1262    bound 6.7344    transfer 0.0120    finalize 0.0613    
max lb tensor(0.34280872) min lb tensor(-4.48087978)
Number of Verified Splits: 15 of 128
Current worst splitting domains lb-rhs (depth):
-8.84851 (4), -8.83618 (4), -8.81980 (4), -8.75861 (4), -8.75486 (4), -8.70823 (4), -8.69633 (5), -8.63913 (4), -8.26187 (6), -7.66184 (7), -6.72811 (5), -6.62591 (5), -6.55077 (5), -6.46290 (6), -6.41180 (8), -6.34459 (5), -6.26483 (6), -6.25712 (5), -6.22901 (7), -6.13070 (7), 
Length of domains: 399
Current (lb-rhs): -8.848508834838867
1022 domains visited
Time: pickout 0.0149    decision 0.1109    set_bounds 0.0045    solve 0.7122    add 0.0012    
Accumulated time: pickout 0.1305    decision 0.9929    set_bounds 0.0436    solve 6.8617    add 0.0241    
Cumulative time: 8.087162971496582

BaB round 11
batch: 64
splitting decisions: 
split level 0: [/input-3, 126] [/input-3, 15] [/input-3, 9] [/input, 90] [/input, 52] [/input-3, 94] [/input-3, 44] [/input-3, 8] [/input-3, 94] [/input-3, 46] 
best_l after optimization: -147.50933837890625
beta sum per layer: [326.6512451171875, 449.06402587890625]
alpha/beta optimization time: 0.5023493766784668
pruning_in_iteration open status: False
ratio of positive domain = 15 / 128 = 0.1171875
pruning-in-iteration extra time: 0.00017523765563964844
torch.Size([128, 1])
Time: prepare 0.0037    bound 0.5037    transfer 0.0004    finalize 0.0025    func 0.5103    
Accumulated time: func 7.3629    prepare 0.1325    bound 7.2380    transfer 0.0124    finalize 0.0638    
max lb tensor(0.90899086) min lb tensor(-3.85449886)
Number of Verified Splits: 15 of 128
Current worst splitting domains lb-rhs (depth):
-8.84851 (4), -8.83618 (4), -8.81980 (4), -8.75861 (4), -8.75486 (4), -8.70823 (4), -8.69633 (5), -8.63913 (4), -8.26187 (6), -7.66184 (7), -6.72811 (5), -6.62591 (5), -6.55077 (5), -6.46290 (6), -6.41180 (8), -6.34459 (5), -6.26483 (6), -6.25712 (5), -6.22901 (7), -6.13070 (7), 
Length of domains: 448
Current (lb-rhs): -8.848508834838867
1150 domains visited
Time: pickout 0.0113    decision 0.0460    set_bounds 0.0039    solve 0.5111    add 0.0013    
Accumulated time: pickout 0.1418    decision 1.0389    set_bounds 0.0475    solve 7.3728    add 0.0255    
Cumulative time: 8.661054849624634

BaB round 12
batch: 64
splitting decisions: 
split level 0: [/input, 198] [/input-3, 9] [/input-3, 8] [/input, 52] [/input-3, 104] [/input, 165] [/input-3, 9] [/input-3, 104] [/input, 165] [/input-3, 9] 
best_l after optimization: -121.4503402709961
beta sum per layer: [286.23089599609375, 424.39898681640625]
alpha/beta optimization time: 0.4676785469055176
pruning_in_iteration open status: False
ratio of positive domain = 13 / 128 = 0.1015625
pruning-in-iteration extra time: 0.00015163421630859375
torch.Size([128, 1])
Time: prepare 0.0040    bound 0.4687    transfer 0.0003    finalize 0.0022    func 0.4752    
Accumulated time: func 7.8382    prepare 0.1389    bound 7.7068    transfer 0.0127    finalize 0.0660    
max lb tensor(0.19219017) min lb tensor(-3.09346104)
Number of Verified Splits: 13 of 128
Current worst splitting domains lb-rhs (depth):
-8.84851 (4), -8.83618 (4), -8.81980 (4), -8.75861 (4), -8.75486 (4), -8.70823 (4), -8.69633 (5), -8.63913 (4), -8.26187 (6), -7.66184 (7), -6.72811 (5), -6.62591 (5), -6.55077 (5), -6.46290 (6), -6.41180 (8), -6.34459 (5), -6.26483 (6), -6.25712 (5), -6.22901 (7), -6.13070 (7), 
Length of domains: 499
Current (lb-rhs): -8.848508834838867
1278 domains visited
Time: pickout 0.0098    decision 0.0495    set_bounds 0.0043    solve 0.4759    add 0.0012    
Accumulated time: pickout 0.1516    decision 1.0884    set_bounds 0.0518    solve 7.8487    add 0.0267    
Time out!!!!!!!!
Result: unknown in 12.2691 seconds

 %%%%%%%%%%%%%%%%%%%%%%%%%%%%%%%%%%% idx: 8, vnnlib ID: 88 %%%%%%%%%%%%%%%%%%%%%%%%%%%%%%%%%%%
Finished vnnlib processing in 0.003240 seconds
Attack parameters: initialization=uniform, steps=100, restarts=30, alpha=0.012500002980232239, GAMA=False
PGD attack margin (first 2 examples and 10 specs):
 tensor([[11.23058605, 14.53997707, 13.03422356, 20.80494308,  8.82498455,
         11.06494713, 18.05805206, 13.17392826, 17.93525314]], device='cuda:0')
Total number of violation:  0
Processing batch 1/1...
  0%|          | 0/100 [00:00<?, ?it/s] 17%|█▋        | 17/100 [00:00<00:00, 162.45it/s] 35%|███▌      | 35/100 [00:00<00:00, 170.85it/s] 53%|█████▎    | 53/100 [00:00<00:00, 171.03it/s] 71%|███████   | 71/100 [00:00<00:00, 173.69it/s] 90%|█████████ | 90/100 [00:00<00:00, 177.84it/s]100%|██████████| 100/100 [00:00<00:00, 174.60it/s]
PGD attack margin (first 2 examples and 10 specs):
 tensor([[ 6.05920887,  9.88738346,  7.19866562, 13.60223866,  1.86434698,
          4.41167259, 11.34218407,  6.83847332,  8.61418343]], device='cuda:0')
Total number of violation:  0
Attack finished in 0.5851 seconds.
PGD attack failed
verified_status unknown
verified_success False
Model: BoundedModule(
  (/0): BoundInput(name=/0, inputs=[], perturbed=True)
  (/7): BoundParams(name=/7, inputs=[], perturbed=False)
  (/8): BoundParams(name=/8, inputs=[], perturbed=False)
  (/9): BoundParams(name=/9, inputs=[], perturbed=False)
  (/10): BoundParams(name=/10, inputs=[], perturbed=False)
  (/11): BoundParams(name=/11, inputs=[], perturbed=False)
  (/12): BoundParams(name=/12, inputs=[], perturbed=False)
  (/13): BoundFlatten(name=/13, inputs=[/0], perturbed=True)
  (/input): BoundLinear(name=/input, inputs=[/13, /7, /8], perturbed=True)
  (/15): BoundRelu(name=/15, inputs=[/input], perturbed=True)
  (/input-3): BoundLinear(name=/input-3, inputs=[/15, /9, /10], perturbed=True)
  (/17): BoundRelu(name=/17, inputs=[/input-3], perturbed=True)
  (/18): BoundLinear(name=/18, inputs=[/17, /11, /12], perturbed=True)
)
Original output in the first batch: tensor([[-0.44652334, -3.88820839, -2.48610234, -9.52062416,  1.45619059,
         -0.17829572, 10.66491795, -7.52294970, -2.26149917, -6.73443127]],
       device='cuda:0')
Split layers:
Nonlinear functions:
   BoundRelu(name=/15, inputs=[/input], perturbed=True)
   BoundRelu(name=/17, inputs=[/input-3], perturbed=True)
build batch [1/1]
layer /15 using sparse-features alpha with shape [137]; unstable size 137; total size 256 ([1, 256])
layer /15 start_node /input-3 using sparse-spec alpha [2, 86, 1, 137] with unstable size 85 total_size 128 output_shape torch.Size([128])
layer /15 start_node /18 using full alpha [2, 9, 1, 137] with unstable size None total_size 9 output_shape 9
layer /17 using sparse-features alpha with shape [85]; unstable size 85; total size 128 ([1, 128])
layer /17 start_node /18 using full alpha [2, 9, 1, 85] with unstable size None total_size 9 output_shape 9
Optimizable variables initialized.
initial CROWN bounds (first 10 items): [-2.201535224914551, 0.38407039642333984, -4.732598304748535, 1.4584674835205078, -8.018472671508789, -5.463233470916748, -0.6698188781738281, -2.9060277938842773, -2.400326728820801]
prune_after_crown optimization in use
  original spec size = torch.Size([1, 9])
  pruned spec size = torch.Size([1, 7])
Using alpha-CROWN to initialize bounds.
Early stop at 97th iter due to 10 iterations no improvement!
best_l after optimization: -20.348838806152344
alpha/beta optimization time: 2.8386876583099365
initial alpha-crown bounds (first 10 items): [-1.502211570739746, -4.023106575012207, -7.251928329467773, -4.090076446533203, -0.13004493713378906, -2.053154945373535, -1.2983160018920898]
Global lower bound: -7.251928329467773
torch.Size([1, 7])
2 / 9 OR specs are verified.
Verified OR indices (first 10 items): [1, 3]
Verified OR lbs (first 10 items): [[inf], [inf]]
Unverified OR indices (first 10 items): [0, 2, 4, 5, 6, 7, 8]
Unverified OR lbs (first 10 items): [[-1.502211570739746], [-4.023106575012207], [-7.251928329467773], [-4.090076446533203], [-0.13004493713378906], [-2.053154945373535], [-1.2983160018920898]]
###### Verifying property Instance 8 ######
Batch size: 7
First 10 spec matrices
C: tensor([[[-1.,  0.,  0.,  0.,  0.,  0.,  1.,  0.,  0.,  0.]],

        [[ 0.,  0., -1.,  0.,  0.,  0.,  1.,  0.,  0.,  0.]],

        [[ 0.,  0.,  0.,  0., -1.,  0.,  1.,  0.,  0.,  0.]],

        [[ 0.,  0.,  0.,  0.,  0., -1.,  1.,  0.,  0.,  0.]],

        [[ 0.,  0.,  0.,  0.,  0.,  0.,  1., -1.,  0.,  0.]],

        [[ 0.,  0.,  0.,  0.,  0.,  0.,  1.,  0., -1.,  0.]],

        [[ 0.,  0.,  0.,  0.,  0.,  0.,  1.,  0.,  0., -1.]]], device='cuda:0')
RHS: tensor([[0.],
        [0.],
        [0.],
        [0.],
        [0.],
        [0.],
        [0.]], device='cuda:0')
OR spec sizes: tensor([1, 1, 1, 1, 1, 1, 1], device='cuda:0', dtype=torch.int32)
Remaining timeout: 8.345802783966064
Model prediction is: tensor([-0.44652334, -3.88820839, -2.48610234, -9.52062416,  1.45619059,
        -0.17829572, 10.66491795, -7.52294970, -2.26149917, -6.73443127],
       device='cuda:0')
Activation BaB batch 1/1 
build_with_refined_bounds batch [1/1]
Optimizable variables initialized.
all alpha initialized
directly get lb and ub from refined bounds
c shape: torch.Size([7, 1, 10])
lA shapes: [torch.Size([7, 1, 256]), torch.Size([7, 1, 128])]
torch.Size([7, 1])
(alpha-)CROWN with fixed intermediate bounds: tensor([[-1.50221157],
        [-4.02310658],
        [-7.25192833],
        [-4.09007645],
        [-0.13004494],
        [-2.05315495],
        [-1.29831600]], device='cuda:0') tensor([[inf],
        [inf],
        [inf],
        [inf],
        [inf],
        [inf],
        [inf]], device='cuda:0')
Intermediate layers: /input,/input-3
Keeping alphas for these layers: ['/18']
Node /15 input 0: size torch.Size([256]) unstable 137
Node /17 input 0: size torch.Size([128]) unstable 83
-----------------
# of unstable neurons: 220
-----------------

BaB round 1
batch: 7
splitting decisions: 
split level 0: [/input-3, 9] [/input, 183] [/input-3, 24] [/input, 125] [/input-3, 42] [/input, 125] [/input-3, 36] 
best_l after optimization: -34.22771072387695
beta sum per layer: [0.0, 0.4611594080924988]
alpha/beta optimization time: 0.861689567565918
pruning_in_iteration open status: True
ratio of positive domain = 3 / 14 = 0.2142857142857143
pruning-in-iteration extra time: 0.04613137245178223
torch.Size([14, 1])
Time: prepare 0.0051    bound 0.8632    transfer 0.0019    finalize 0.0064    func 0.8766    
Accumulated time: func 0.8766    prepare 0.0143    bound 0.8632    transfer 0.0019    finalize 0.0064    
max lb tensor(9.99999975e-05) min lb tensor(-6.88604355)
Number of Verified Splits: 3 of 14
Current worst splitting domains lb-rhs (depth):
-6.88604 (1), -6.79190 (1), -3.68627 (1), -3.61950 (1), -3.40755 (1), -3.18392 (1), -1.71144 (1), -1.69525 (1), -1.23455 (1), -1.02820 (1), -0.98339 (1), 
Length of domains: 11
Current (lb-rhs): -6.886043548583984
14 domains visited
Time: pickout 0.0015    decision 0.0570    set_bounds 0.0021    solve 0.8775    add 0.0057    
Accumulated time: pickout 0.0015    decision 0.0570    set_bounds 0.0021    solve 0.8775    add 0.0057    
Cumulative time: 0.9808733463287354

BaB round 2
batch: 11
splitting decisions: 
split level 0: [/input, 125] [/input, 125] [/input, 104] [/input-3, 36] [/input-3, 119] [/input-3, 42] [/input-3, 24] [/input, 125] [/input-3, 116] [/input-3, 35] 
best_l after optimization: -57.06329345703125
beta sum per layer: [0.670570969581604, 6.447345733642578]
alpha/beta optimization time: 0.6553664207458496
pruning_in_iteration open status: False
ratio of positive domain = 0 / 22 = 0.0
pruning-in-iteration extra time: 0.0005590915679931641
torch.Size([22, 1])
Time: prepare 0.0023    bound 0.6567    transfer 0.0010    finalize 0.0049    func 0.6650    
Accumulated time: func 1.5416    prepare 0.0247    bound 1.5199    transfer 0.0029    finalize 0.0113    
max lb tensor(-0.39796066) min lb tensor(-6.53811979)
Number of Verified Splits: 0 of 22
Current worst splitting domains lb-rhs (depth):
-6.53812 (2), -6.51165 (2), -6.46653 (2), -6.36030 (2), -3.38058 (2), -3.31715 (2), -3.16142 (2), -2.88154 (2), -2.64653 (2), -2.61832 (2), -2.37235 (2), -2.20608 (2), -1.47568 (2), -1.46597 (2), -0.98823 (2), -0.94071 (2), -0.77094 (2), -0.70939 (2), -0.70931 (2), -0.61508 (2), 
Length of domains: 22
Current (lb-rhs): -6.538119792938232
36 domains visited
Time: pickout 0.0103    decision 0.0493    set_bounds 0.0020    solve 0.6660    add 0.0046    
Accumulated time: pickout 0.0117    decision 0.1063    set_bounds 0.0041    solve 1.5434    add 0.0103    
Cumulative time: 1.7132236957550049

BaB round 3
batch: 22
splitting decisions: 
split level 0: [/input-3, 42] [/input, 208] [/input, 132] [/input, 208] [/input-3, 42] [/input-3, 79] [/input, 125] [/input, 208] [/input, 104] [/input-3, 36] 
best_l after optimization: -93.08261108398438
beta sum per layer: [9.815356254577637, 18.859317779541016]
alpha/beta optimization time: 0.628429651260376
pruning_in_iteration open status: False
ratio of positive domain = 3 / 44 = 0.06818181818181823
pruning-in-iteration extra time: 0.0008664131164550781
torch.Size([44, 1])
Time: prepare 0.0033    bound 0.6302    transfer 0.0011    finalize 0.0036    func 0.6383    
Accumulated time: func 2.1799    prepare 0.0392    bound 2.1501    transfer 0.0040    finalize 0.0149    
max lb tensor(0.28424311) min lb tensor(-6.27201176)
Number of Verified Splits: 3 of 44
Current worst splitting domains lb-rhs (depth):
-6.27201 (3), -6.19402 (3), -6.17173 (3), -6.15146 (3), -6.06624 (3), -5.57112 (3), -5.48675 (3), -5.33649 (3), -3.08424 (3), -3.02711 (3), -2.83907 (3), -2.80133 (3), -2.55243 (3), -2.49263 (3), -2.35169 (3), -2.26111 (3), -2.23939 (3), -2.05637 (3), -2.00938 (3), -1.99993 (3), 
Length of domains: 41
Current (lb-rhs): -6.272011756896973
80 domains visited
Time: pickout 0.0172    decision 0.0762    set_bounds 0.0032    solve 0.6391    add 0.0019    
Accumulated time: pickout 0.0289    decision 0.1825    set_bounds 0.0073    solve 2.1825    add 0.0122    
Cumulative time: 2.4510512351989746

BaB round 4
batch: 41
splitting decisions: 
split level 0: [/input, 90] [/input-3, 36] [/input, 208] [/input-3, 35] [/input-3, 61] [/input, 132] [/input-3, 81] [/input-3, 36] [/input, 183] [/input-3, 14] 
best_l after optimization: -152.099609375
beta sum per layer: [31.484817504882812, 43.71294021606445]
alpha/beta optimization time: 0.6563973426818848
pruning_in_iteration open status: False
ratio of positive domain = 10 / 82 = 0.12195121951219512
pruning-in-iteration extra time: 0.0007321834564208984
torch.Size([82, 1])
Time: prepare 0.0033    bound 0.6580    transfer 0.0015    finalize 0.0064    func 0.6693    
Accumulated time: func 2.8491    prepare 0.0506    bound 2.8081    transfer 0.0055    finalize 0.0213    
max lb tensor(0.39622307) min lb tensor(-6.01433372)
Number of Verified Splits: 10 of 82
Current worst splitting domains lb-rhs (depth):
-6.01433 (4), -5.94227 (4), -5.93694 (4), -5.92866 (4), -5.81325 (4), -5.24182 (4), -5.21256 (4), -5.17325 (4), -5.11761 (4), -5.11186 (4), -5.10982 (4), -5.04389 (4), -4.98235 (4), -4.89315 (4), -4.86400 (4), -4.69542 (4), -2.78586 (4), -2.74072 (4), -2.59270 (4), -2.55111 (4), 
Length of domains: 72
Current (lb-rhs): -6.014333724975586
162 domains visited
Time: pickout 0.0146    decision 0.0797    set_bounds 0.0031    solve 0.6699    add 0.0019    
Accumulated time: pickout 0.0436    decision 0.2623    set_bounds 0.0104    solve 2.8524    add 0.0141    
Cumulative time: 3.220513343811035

BaB round 5
batch: 64
splitting decisions: 
split level 0: [/input-3, 123] [/input, 208] [/input, 132] [/input-3, 81] [/input-3, 9] [/input-3, 116] [/input, 208] [/input-3, 42] [/input-3, 9] [/input, 104] 
best_l after optimization: -223.31512451171875
beta sum per layer: [82.50102233886719, 84.24595642089844]
alpha/beta optimization time: 0.6355893611907959
pruning_in_iteration open status: False
ratio of positive domain = 24 / 128 = 0.1875
pruning-in-iteration extra time: 0.0003426074981689453
torch.Size([128, 1])
Time: prepare 0.0049    bound 0.6367    transfer 0.0007    finalize 0.0060    func 0.6485    
Accumulated time: func 3.4976    prepare 0.0644    bound 3.4448    transfer 0.0062    finalize 0.0274    
max lb tensor(0.66141367) min lb tensor(-5.69420576)
Number of Verified Splits: 24 of 128
Current worst splitting domains lb-rhs (depth):
-5.69421 (5), -5.69108 (5), -5.67156 (5), -5.64915 (5), -5.60640 (5), -5.58880 (5), -5.58666 (5), -5.58170 (5), -5.17325 (4), -4.91518 (5), -4.87934 (5), -4.86750 (5), -4.86558 (5), -4.86289 (5), -4.79999 (5), -4.74238 (5), -4.74176 (5), -4.73045 (5), -4.72671 (5), -4.71778 (5), 
Length of domains: 112
Current (lb-rhs): -5.6942057609558105
290 domains visited
Time: pickout 0.0146    decision 0.1176    set_bounds 0.0046    solve 0.6494    add 0.0024    
Accumulated time: pickout 0.0582    decision 0.3799    set_bounds 0.0150    solve 3.5018    add 0.0164    
Cumulative time: 4.0094921588897705

BaB round 6
batch: 64
splitting decisions: 
split level 0: [/input, 184] [/input-3, 15] [/input, 90] [/input, 183] [/input-3, 15] [/input-3, 2] [/input, 90] [/input, 184] [/input-3, 15] [/input-3, 2] 
best_l after optimization: -241.83970642089844
beta sum per layer: [104.02516174316406, 128.36709594726562]
alpha/beta optimization time: 0.6094629764556885
pruning_in_iteration open status: False
ratio of positive domain = 11 / 128 = 0.0859375
pruning-in-iteration extra time: 0.0006754398345947266
torch.Size([128, 1])
Time: prepare 0.0043    bound 0.6110    transfer 0.0012    finalize 0.0066    func 0.6232    
Accumulated time: func 4.1208    prepare 0.0781    bound 4.0558    transfer 0.0074    finalize 0.0340    
max lb tensor(0.20030689) min lb tensor(-5.43348694)
Number of Verified Splits: 11 of 128
Current worst splitting domains lb-rhs (depth):
-5.69421 (5), -5.69108 (5), -5.58170 (5), -5.43349 (6), -5.42113 (6), -5.35020 (6), -5.34058 (6), -5.33031 (6), -5.30939 (6), -5.27895 (6), -5.27558 (6), -5.25431 (6), -5.23511 (6), -5.17325 (4), -4.86750 (5), -4.74238 (5), -4.73045 (5), -4.63576 (5), -4.59091 (6), -4.56996 (6), 
Length of domains: 165
Current (lb-rhs): -5.6942057609558105
418 domains visited
Time: pickout 0.0135    decision 0.1092    set_bounds 0.0042    solve 0.6242    add 0.0031    
Accumulated time: pickout 0.0717    decision 0.4891    set_bounds 0.0192    solve 4.1260    add 0.0195    
Cumulative time: 4.763906002044678

BaB round 7
batch: 64
splitting decisions: 
split level 0: [/input-3, 123] [/input, 239] [/input, 184] [/input-3, 15] [/input, 239] [/input, 184] [/input-3, 123] [/input-3, 119] [/input, 239] [/input, 184] 
best_l after optimization: -198.04949951171875
beta sum per layer: [115.58907318115234, 185.8110809326172]
alpha/beta optimization time: 0.6496446132659912
pruning_in_iteration open status: False
ratio of positive domain = 13 / 128 = 0.1015625
pruning-in-iteration extra time: 0.0007092952728271484
torch.Size([128, 1])
Time: prepare 0.0051    bound 0.6512    transfer 0.0016    finalize 0.0058    func 0.6638    
Accumulated time: func 4.7845    prepare 0.0943    bound 4.7070    transfer 0.0090    finalize 0.0398    
max lb tensor(0.32506084) min lb tensor(-5.08859015)
Number of Verified Splits: 13 of 128
Current worst splitting domains lb-rhs (depth):
-5.69421 (5), -5.69108 (5), -5.58170 (5), -5.43349 (6), -5.42113 (6), -5.35020 (6), -5.34058 (6), -5.17325 (4), -5.08859 (7), -5.06835 (7), -5.05545 (7), -5.03226 (7), -5.02190 (7), -4.99752 (7), -4.86750 (5), -4.74238 (5), -4.73045 (5), -4.63576 (5), -4.59091 (6), -4.53113 (6), 
Length of domains: 216
Current (lb-rhs): -5.6942057609558105
546 domains visited
Time: pickout 0.0232    decision 0.1242    set_bounds 0.0043    solve 0.6644    add 0.0017    
Accumulated time: pickout 0.0950    decision 0.6133    set_bounds 0.0234    solve 4.7904    add 0.0212    
Cumulative time: 5.581891059875488

BaB round 8
batch: 64
splitting decisions: 
split level 0: [/input-3, 79] [/input, 184] [/input-3, 24] [/input-3, 57] [/input-3, 79] [/input, 132] [/input, 90] [/input, 183] [/input-3, 119] [/input-3, 24] 
best_l after optimization: -146.4254913330078
beta sum per layer: [111.21733093261719, 241.29946899414062]
alpha/beta optimization time: 0.642970085144043
pruning_in_iteration open status: True
ratio of positive domain = 46 / 128 = 0.359375
pruning-in-iteration extra time: 0.038826942443847656
torch.Size([128, 1])
Time: prepare 0.0045    bound 0.6442    transfer 0.0003    finalize 0.0021    func 0.6512    
Accumulated time: func 5.4357    prepare 0.1094    bound 5.3512    transfer 0.0094    finalize 0.0418    
max lb tensor(9.99999975e-05) min lb tensor(-4.81997776)
Number of Verified Splits: 46 of 128
Current worst splitting domains lb-rhs (depth):
-5.69421 (5), -5.69108 (5), -5.58170 (5), -5.43349 (6), -5.42113 (6), -5.35020 (6), -5.34058 (6), -5.17325 (4), -5.08859 (7), -5.05545 (7), -5.03226 (7), -5.02190 (7), -4.99752 (7), -4.86750 (5), -4.81998 (8), -4.80572 (8), -4.74238 (5), -4.73045 (5), -4.63576 (5), -4.59091 (6), 
Length of domains: 234
Current (lb-rhs): -5.6942057609558105
674 domains visited
Time: pickout 0.0159    decision 0.1049    set_bounds 0.0041    solve 0.6518    add 0.0011    
Accumulated time: pickout 0.1109    decision 0.7182    set_bounds 0.0275    solve 5.4422    add 0.0223    
Cumulative time: 6.360125541687012

BaB round 9
batch: 64
splitting decisions: 
split level 0: [/input, 132] [/input, 183] [/input-3, 61] [/input, 125] [/input-3, 61] [/input-3, 123] [/input, 132] [/input-3, 61] [/input, 183] [/input, 183] 
best_l after optimization: -147.0903778076172
beta sum per layer: [96.35006713867188, 267.6051025390625]
alpha/beta optimization time: 0.545426607131958
pruning_in_iteration open status: True
ratio of positive domain = 30 / 128 = 0.234375
pruning-in-iteration extra time: 0.03065037727355957
torch.Size([128, 1])
Time: prepare 0.0037    bound 0.5465    transfer 0.0004    finalize 0.0021    func 0.5527    
Accumulated time: func 5.9884    prepare 0.1153    bound 5.8976    transfer 0.0097    finalize 0.0440    
max lb tensor(9.99999975e-05) min lb tensor(-4.57405663)
Number of Verified Splits: 30 of 128
Current worst splitting domains lb-rhs (depth):
-5.69421 (5), -5.69108 (5), -5.58170 (5), -5.43349 (6), -5.42113 (6), -5.35020 (6), -5.34058 (6), -5.17325 (4), -5.08859 (7), -5.05545 (7), -5.03226 (7), -5.02190 (7), -4.99752 (7), -4.86750 (5), -4.74238 (5), -4.73045 (5), -4.63576 (5), -4.59091 (6), -4.57406 (9), -4.56027 (9), 
Length of domains: 268
Current (lb-rhs): -5.6942057609558105
802 domains visited
Time: pickout 0.0101    decision 0.0340    set_bounds 0.0035    solve 0.5534    add 0.0012    
Accumulated time: pickout 0.1209    decision 0.7522    set_bounds 0.0310    solve 5.9956    add 0.0235    
Cumulative time: 6.962584018707275

BaB round 10
batch: 64
splitting decisions: 
split level 0: [/input, 125] [/input-3, 79] [/input, 120] [/input-3, 123] [/input-3, 42] [/input, 132] [/input-3, 119] [/input-3, 36] [/input, 132] [/input, 125] 
best_l after optimization: -101.50390625
beta sum per layer: [103.10560607910156, 340.00286865234375]
alpha/beta optimization time: 0.5082855224609375
pruning_in_iteration open status: True
ratio of positive domain = 29 / 128 = 0.2265625
pruning-in-iteration extra time: 0.017199039459228516
torch.Size([128, 1])
Time: prepare 0.0045    bound 0.5096    transfer 0.0005    finalize 0.0020    func 0.5166    
Accumulated time: func 6.5051    prepare 0.1221    bound 6.4072    transfer 0.0102    finalize 0.0459    
max lb tensor(9.99999975e-05) min lb tensor(-4.33536625)
Number of Verified Splits: 29 of 128
Current worst splitting domains lb-rhs (depth):
-5.69421 (5), -5.69108 (5), -5.58170 (5), -5.43349 (6), -5.42113 (6), -5.35020 (6), -5.34058 (6), -5.17325 (4), -5.08859 (7), -5.05545 (7), -5.03226 (7), -5.02190 (7), -4.99752 (7), -4.86750 (5), -4.74238 (5), -4.73045 (5), -4.63576 (5), -4.59091 (6), -4.56027 (9), -4.53113 (6), 
Length of domains: 303
Current (lb-rhs): -5.6942057609558105
930 domains visited
Time: pickout 0.0128    decision 0.0402    set_bounds 0.0047    solve 0.5172    add 0.0012    
Accumulated time: pickout 0.1337    decision 0.7925    set_bounds 0.0357    solve 6.5128    add 0.0246    
Cumulative time: 7.538992404937744

BaB round 11
batch: 64
splitting decisions: 
split level 0: [/input, 125] [/input-3, 42] [/input-3, 57] [/input-3, 42] [/input, 125] [/input-3, 84] [/input-3, 57] [/input-3, 15] [/input-3, 84] [/input-3, 57] 
best_l after optimization: -67.52293395996094
beta sum per layer: [84.87113952636719, 346.65582275390625]
alpha/beta optimization time: 0.69435715675354
pruning_in_iteration open status: True
ratio of positive domain = 52 / 128 = 0.40625
pruning-in-iteration extra time: 0.0396878719329834
torch.Size([128, 1])
Time: prepare 0.0046    bound 0.6957    transfer 0.0025    finalize 0.0058    func 0.7087    
Accumulated time: func 7.2138    prepare 0.1295    bound 7.1029    transfer 0.0128    finalize 0.0517    
max lb tensor(9.99999975e-05) min lb tensor(-3.01285839)
Number of Verified Splits: 52 of 128
Current worst splitting domains lb-rhs (depth):
-5.69421 (5), -5.69108 (5), -5.58170 (5), -5.43349 (6), -5.42113 (6), -5.35020 (6), -5.34058 (6), -5.17325 (4), -5.08859 (7), -5.05545 (7), -5.03226 (7), -5.02190 (7), -4.99752 (7), -4.86750 (5), -4.74238 (5), -4.73045 (5), -4.63576 (5), -4.59091 (6), -4.56027 (9), -4.53113 (6), 
Length of domains: 315
Current (lb-rhs): -5.6942057609558105
1058 domains visited
Time: pickout 0.0099    decision 0.0409    set_bounds 0.0038    solve 0.7093    add 0.0016    
Accumulated time: pickout 0.1436    decision 0.8334    set_bounds 0.0395    solve 7.2221    add 0.0262    
Cumulative time: 8.30479884147644

BaB round 12
batch: 64
splitting decisions: 
split level 0: [/input, 184] [/input-3, 15] [/input-3, 57] [/input-3, 69] [/input-3, 57] [/input-3, 42] [/input-3, 57] [/input-3, 36] [/input-3, 36] [/input-3, 42] 
best_l after optimization: -60.75589370727539
beta sum per layer: [77.20944213867188, 368.1200866699219]
alpha/beta optimization time: 0.9283256530761719
pruning_in_iteration open status: True
ratio of positive domain = 47 / 128 = 0.3671875
pruning-in-iteration extra time: 0.05520462989807129
torch.Size([128, 1])
Time: prepare 0.0049    bound 0.9302    transfer 0.0034    finalize 0.0081    func 0.9467    
Accumulated time: func 8.1605    prepare 0.1414    bound 8.0331    transfer 0.0162    finalize 0.0598    
max lb tensor(9.99999975e-05) min lb tensor(-2.78336906)
Number of Verified Splits: 47 of 128
Current worst splitting domains lb-rhs (depth):
-5.69421 (5), -5.69108 (5), -5.58170 (5), -5.43349 (6), -5.42113 (6), -5.35020 (6), -5.34058 (6), -5.17325 (4), -5.08859 (7), -5.05545 (7), -5.03226 (7), -5.02190 (7), -4.99752 (7), -4.86750 (5), -4.74238 (5), -4.73045 (5), -4.63576 (5), -4.59091 (6), -4.56027 (9), -4.53113 (6), 
Length of domains: 332
Current (lb-rhs): -5.6942057609558105
1186 domains visited
Time: pickout 0.0136    decision 0.1081    set_bounds 0.0042    solve 0.9475    add 0.0015    
Accumulated time: pickout 0.1572    decision 0.9415    set_bounds 0.0436    solve 8.1696    add 0.0277    
Time out!!!!!!!!
Result: unknown in 13.0428 seconds

 %%%%%%%%%%%%%%%%%%%%%%%%%%%%%%%%%%% idx: 9, vnnlib ID: 89 %%%%%%%%%%%%%%%%%%%%%%%%%%%%%%%%%%%
Finished vnnlib processing in 0.007342 seconds
Attack parameters: initialization=uniform, steps=100, restarts=30, alpha=0.012500002980232239, GAMA=False
PGD attack margin (first 2 examples and 10 specs):
 tensor([[16.49549484, 10.61457920, 12.35583782, 10.49484253, 12.06493282,
         13.93110847,  9.15787506, 10.53234959, 17.41599464]], device='cuda:0')
Total number of violation:  0
Processing batch 1/1...
  0%|          | 0/100 [00:00<?, ?it/s]  1%|          | 1/100 [00:00<00:02, 37.32it/s]
pgd early stop
PGD attack margin (first 2 examples and 10 specs):
 tensor([[ 7.82486534, -0.21157408,  0.60893106,  1.67926860,  1.83519626,
          3.42543674,  0.57178259,  0.42023659,  6.50026941]], device='cuda:0')
Total number of violation:  1
Attack finished in 0.0610 seconds.
PGD attack succeeded!

Checking and Saving Counterexample in check_and_save_cex

verified_status unsafe-pgd
verified_success True
Result: unsafe-pgd in 0.0701 seconds
############# Summary #############
Final verified acc: 20.0% (total 10 examples)
Problem instances count: 10 , total verified (safe/unsat): 2 , total falsified (unsafe/sat): 5 , timeout: 3
mean time for ALL instances (total 10):4.3281190744764455, max time: 13.042805910110474
mean time for verified SAFE instances(total 2): 2.063726782798767, max time: 2.5246896743774414
mean time for verified (SAFE + UNSAFE) instances (total 7): 0.7372798919677734, max time: 2.5246896743774414
mean time for verified SAFE + TIMEOUT instances (total 5): 8.449545669555665, max time: 13.042805910110474 
mean time for verified UNSAFE instances (total 5): 0.20670113563537598, max time: 0.7889187335968018
unsafe-pgd (total 5), index: [0, 1, 4, 6, 9]
safe-incomplete (total 2), index: [2, 5]
unknown (total 3), index: [3, 7, 8]
