INFO     17:57:01     [tensor_storage.py:70] Hugepage enabled for branch-and-bound domains.
Configurations:

general:
  device: cuda
  seed: 100
  conv_mode: patches
  deterministic: false
  double_fp: false
  loss_reduction_func: sum
  sparse_alpha: true
  sparse_interm: true
  save_adv_example: false
  verify_onnxruntime_output: false
  eval_adv_example: false
  onnx_adv_example: false
  show_adv_example: false
  precompile_jit: false
  reset_seed_after_precompile: false
  prepare_only: false
  complete_verifier: bab
  enable_incomplete_verification: true
  csv_name: null
  results_file: out.txt
  root_path: ''
  deterministic_opt: false
  graph_optimizer: 'Customized("custom_graph_optimizer", "default_optimizer")'
  buffer_has_batchdim: false
  save_output: false
  output_file: out.pkl
  return_optimized_model: false
  store_all_specs_on_cpu: false
  adhoc_tuning: null
model:
  name: null
  path: null
  onnx_path: ../saved_models/mnist_fcnn.onnx
  onnx_path_prefix: ''
  cache_onnx_conversion: false
  debug_onnx: false
  onnx_quirks: null
  input_shape: null
  onnx_loader: default_onnx_and_vnnlib_loader
  onnx_optimization_flags: []
  onnx_vnnlib_joint_optimization_flags: none
  check_optimized: false
  flatten_final_output: false
  optimize_graph: null
  with_jacobian: false
  bound_opts: null
data:
  start: 20
  end: 30
  select_instance: null
  num_outputs: 10
  mean: 0.0
  std: 1.0
  pkl_path: null
  dataset: MNIST
  data_filter_path: null
  data_idx_file: null
specification:
  type: lp
  robustness_type: verified-acc
  norm: .inf
  epsilon: 0.05
  epsilon_min: 0.0
  vnnlib_path: null
  vnnlib_path_prefix: ''
  shrink_eps: null
  rhs_offset: null
solver:
  batch_size: 64
  auto_enlarge_batch_size: false
  batched_crown_auto_enlarge_max_vram_ratio: 0.9
  min_batch_size_ratio: 0.1
  use_float64_in_last_iteration: false
  early_stop_patience: 10
  start_save_best: 0.5
  bound_prop_method: alpha-crown
  init_bound_prop_method: same
  prune_after_crown: true
  optimize_disjuncts_separately: false
  build_batch_size: 1000000
  skip_with_refined_bound: true
  forward_before_compute_bounds: false
  crown:
    batch_size: 1000000000
    max_crown_size: 1000000000
    activation_bound_option: adaptive
    compare_crown_with_ibp: false
  alpha-crown:
    alpha: true
    lr_alpha: 0.1
    iteration: 100
    share_alphas: false
    lr_decay: 0.98
    full_conv_alpha: true
    max_coeff_mul: .inf
    matmul_share_alphas: false
    disable_optimization: []
    max_time: 1.0
    alpha_dtype: float16
    input_split_alpha_iteration: 5
    input_split_lr_alpha: 0.05
  invprop:
    apply_output_constraints_to: []
    tighten_input_bounds: false
    best_of_oc_and_no_oc: false
    directly_optimize: []
    oc_lr: 0.1
    share_gammas: false
  beta-crown:
    lr_alpha: 0.01
    lr_beta: 0.05
    lr_decay: 0.98
    optimizer: adam
    iteration: 50
    beta: true
    beta_warmup: true
    enable_opt_interm_bounds: false
    all_node_split_LP: false
  forward:
    refine: false
    max_dim: 10000
    reset_threshold: 1.0
  mip:
    unstable_neuron_threshold: 0
    parallel_solvers: 2
    solver_threads: 1
    refine_neuron_timeout: 5.0
    refine_neuron_time_percentage: 0.8
    early_stop: true
    adv_warmup: true
    mip_solver: gurobi
    skip_unsafe: false
    topk_filter: 1.0
    sliding_window: -1
    extra_constraint: false
    refine_neuron_timeout_increasement: 0
    timeout_neuron_percentage: 0.3
    remaining_timeout_threshold: 1
    remove_unstable_neurons: false
    formulation: mip
    output_cut: false
bab:
  max_domains: .inf
  decision_thresh: 0
  timeout: 12.0
  timeout_scale: 1
  max_iterations: -1
  override_timeout: null
  get_upper_bound: false
  pruning_in_iteration: true
  pruning_in_iteration_ratio: 0.2
  sort_targets: false
  batched_domain_list: true
  optimized_interm: ''
  interm_transfer: true
  recompute_interm: false
  sort_domain_interval: -1
  vanilla_crown: false
  tree_traversal: depth_first
  hugetensor_allocator: true
  cut:
    enabled: false
    cuts_path: null
    bab_cut: false
    lp_cut: false
    lr: 0.01
    lr_decay: 1.0
    iteration: 100
    bab_iteration: -1
    early_stop_patience: -1
    lr_beta: 0.02
    number_cuts: 50
    topk_cuts_in_filter: 1000
    batch_size_primal: 100
    max_num: 1000000000
    patches_cut: false
    cplex_cuts: false
    cplex_cuts_wait: 0
    cplex_cuts_revpickup: true
    cut_reference_bounds: true
    fix_intermediate_bounds: false
    manual_cuts: null
    biccos:
      enabled: false
      auto_param: true
      constraint_strengthening: true
      drop_ratio: 0.5
      max_infer_iter: 20
      max_domain: 10000.0
      heuristic: neuron_influence_score
      save_cuts: false
      multi_tree_branching:
        enabled: false
        restore_best_tree: true
        keep_n_best_domains: 50
        target_batch_size: 200
        iterations: 3
  clip_n_verify:
    rearrange_constraints: false
    alpha_crown: false
    prune: false
    final_layer: false
    clip_input_domain:
      enabled: false
      clip_type: relaxed
      clip_neuron_selection_type: ratio
      clip_neuron_selection_value: -1.0
      clip_iterations: 1
      clip_calculate_volume_metrics: false
    clip_interm_domain:
      enabled: false
      with_input: false
      clip_in_alpha_crown: false
      topk_objective: 20
  branching:
    method: kfsb
    candidates: 5
    reduceop: min
    enable_intermediate_bound_opt: false
    branching_input_and_activation: false
    branching_input_and_activation_order: [input, relu]
    branching_input_iterations: 30
    branching_relu_iterations: 50
    nonlinear_split:
      method: bbps
      disable: false
      branching_point_method: uniform
      num_branches: 2
      filter: false
      filter_beta: false
      filter_clamp: false
      filter_batch_size: 10000
      filter_iterations: 25
      relu_only: false
      loose_tanh_threshold: null
      branching_point:
        db_path: branching_points.pt
        num_iterations: 1000
        batch_size: 1000000
        range_l: -5.0
        range_u: 5.0
        log_interval: 100
        step_size_1d: 0.01
        step_size: 0.2
    input_split:
      split_hint: null
      enable: false
      reorder_bab: false
      input_dim_threshold: 20
      adv_check: 0
      split_partitions: 2
      sb_margin_weight: 1.0
      sb_sum: false
      sb_primary_spec: null
      bf_backup_thresh: -1
      bf_rhs_offset: 0
      bf_iters: 1000000000.0
      bf_batch_size: 100000
      bf_zero_crossing_score: false
      touch_zero_score: 0
      ibp_enhancement: true
      compare_with_old_bounds: true
      update_rhs_with_attack: false
      sb_coeff_thresh: 0.001
      sort_index: null
      sort_descending: true
      show_progress: false
      presplit_domains: null
      skip_getting_worst_domain: false
  attack:
    enabled: false
    beam_candidates: 8
    beam_depth: 7
    max_dive_fix_ratio: 0.8
    min_local_free_ratio: 0.2
    mip_start_iteration: 5
    mip_timeout: 30.0
    adv_pool_threshold: null
    refined_mip_attacker: false
    refined_batch_size: null
attack:
  general_attack: true
  pgd_order: before
  pgd_steps: 100
  pgd_restarts: 30
  pgd_batch_size: 100000000
  pgd_early_stop: true
  pgd_lr_decay: 0.99
  pgd_alpha: auto
  pgd_alpha_scale: false
  pgd_loss_mode: null
  pgd_restart_when_stuck: false
  enable_mip_attack: false
  adv_saver: default_adv_saver
  adv_verifier: default_adv_verifier
  early_stop_condition: default_early_stop_condition
  adv_example_finalizer: default_adv_example_finalizer
  pgd_loss: default_pgd_loss
  cex_path: ./test_cex.txt
  attack_mode: PGD
  attack_tolerance: 0.0
  attack_func: attack_with_general_specs
  gama_lambda: 10.0
  gama_decay: 0.9
  input_split:
    pgd_steps: 100
    pgd_restarts: 30
    pgd_alpha: auto
  input_split_check_adv:
    enabled: auto
    pgd_steps: 5
    pgd_restarts: 5
    pgd_alpha: auto
    max_num_domains: 10
debug:
  view_model: false
  lp_test: null
  rescale_vnnlib_ptb: null
  test_optimized_bounds: false
  test_optimized_bounds_after_n_iterations: 0
  print_verbose_decisions: false
  biccos_mip_sanity_check: false
  sanity_check: 0
  z_split_enabled: false
  save_minimal_config: null
  save_minimal_config_omit_keys: []

/home/han/miniconda3/envs/alpha-beta-crown/lib/python3.10/site-packages/onnx2pytorch/convert/layer.py:29: UserWarning: The given NumPy array is not writable, and PyTorch does not support non-writable tensors. This means writing to this tensor will result in undefined behavior. You may want to copy the array to protect its data or make it writable before converting it to a tensor. This type of warning will be suppressed for the rest of this program. (Triggered internally at ../torch/csrc/utils/tensor_numpy.cpp:206.)
  layer.weight.data = torch.from_numpy(numpy_helper.to_array(weight))
/home/han/miniconda3/envs/alpha-beta-crown/lib/python3.10/site-packages/onnx2pytorch/convert/model.py:151: UserWarning: Using experimental implementation that allows 'batch_size > 1'.Batchnorm layers could potentially produce false outputs.
  warnings.warn(
Experiments at Mon May  4 17:57:01 2026 on LAPTOP-RGROMBPB
Loading onnx ../saved_models/mnist_fcnn.onnx with quirks {}
Finished onnx model loading in 0.0198 seconds
ConvertModel(
  (Flatten_/flatten/Flatten_output_0): Flatten()
  (Gemm_/fc1/Gemm_output_0): Linear(in_features=784, out_features=256, bias=True)
  (Relu_/relu1/Relu_output_0): ReLU()
  (Gemm_/fc2/Gemm_output_0): Linear(in_features=256, out_features=128, bias=True)
  (Relu_/relu2/Relu_output_0): ReLU()
  (Gemm_output): Linear(in_features=128, out_features=10, bias=True)
)
Parameters:
  Gemm_/fc1/Gemm_output_0.weight: shape torch.Size([256, 784])
  Gemm_/fc1/Gemm_output_0.bias: shape torch.Size([256])
  Gemm_/fc2/Gemm_output_0.weight: shape torch.Size([128, 256])
  Gemm_/fc2/Gemm_output_0.bias: shape torch.Size([128])
  Gemm_output.weight: shape torch.Size([10, 128])
  Gemm_output.bias: shape torch.Size([10])
Trying generic MNIST/CIFAR data loader.
/home/han/alpha-beta-CROWN/complete_verifier/specifications.py:342: UserWarning: Creating a tensor from a list of numpy.ndarrays is extremely slow. Please consider converting the list to a single numpy.ndarray with numpy.array() before converting to a tensor. (Triggered internally at ../torch/csrc/utils/tensor_new.cpp:278.)
  x_range_list = torch.Tensor(x_range_list).to(dtype=dtype, device=device).view(input_shape + [2])
Internal results will be saved to out.txt.

 %%%%%%%%%%%%%%%%%%%%%%%%%%%%%%%%%%% idx: 0, vnnlib ID: 20 %%%%%%%%%%%%%%%%%%%%%%%%%%%%%%%%%%%
Finished vnnlib processing in 0.514890 seconds
Attack parameters: initialization=uniform, steps=100, restarts=30, alpha=0.012500002980232239, GAMA=False
PGD attack margin (first 2 examples and 10 specs):
 tensor([[ 9.27266502, 10.09735966, 14.80582809,  8.34117508,  6.62701321,
          8.83698082, 21.51087379,  5.65094042,  9.17554855]], device='cuda:0')
Total number of violation:  0
Processing batch 1/1...
  0%|          | 0/100 [00:00<?, ?it/s]  1%|          | 1/100 [00:00<00:12,  8.24it/s]  1%|          | 1/100 [00:00<00:12,  7.87it/s]
pgd early stop
PGD attack margin (first 2 examples and 10 specs):
 tensor([[-3.76264453e-01,  3.46599150e+00,  4.79496431e+00, -1.71412957e+00,
          6.30580425e-01, -1.05705965e+00,  9.69076920e+00, -2.34364867e+00,
         -8.09013844e-03]], device='cuda:0')
Total number of violation:  5
Attack finished in 0.3332 seconds.
PGD attack succeeded!

Checking and Saving Counterexample in check_and_save_cex

verified_status unsafe-pgd
verified_success True
Result: unsafe-pgd in 0.8504 seconds

 %%%%%%%%%%%%%%%%%%%%%%%%%%%%%%%%%%% idx: 1, vnnlib ID: 21 %%%%%%%%%%%%%%%%%%%%%%%%%%%%%%%%%%%
Finished vnnlib processing in 0.003193 seconds
Attack parameters: initialization=uniform, steps=100, restarts=30, alpha=0.012500002980232239, GAMA=False
PGD attack margin (first 2 examples and 10 specs):
 tensor([[ 8.22566032, 10.64037514, 11.62125587, 11.86224174,  8.07294464,
          3.70656037, 14.96927166,  7.07066917, 11.87150192]], device='cuda:0')
Total number of violation:  0
Processing batch 1/1...
  0%|          | 0/100 [00:00<?, ?it/s]  1%|          | 1/100 [00:00<00:01, 74.69it/s]
pgd early stop
PGD attack margin (first 2 examples and 10 specs):
 tensor([[ 1.86092782,  5.36474228,  3.82325268,  2.18134880,  0.67150104,
         -3.74936724,  6.38643312, -0.76328897,  1.46998441]], device='cuda:0')
Total number of violation:  2
Attack finished in 0.0260 seconds.
PGD attack succeeded!

Checking and Saving Counterexample in check_and_save_cex

verified_status unsafe-pgd
verified_success True
Result: unsafe-pgd in 0.0301 seconds

 %%%%%%%%%%%%%%%%%%%%%%%%%%%%%%%%%%% idx: 2, vnnlib ID: 22 %%%%%%%%%%%%%%%%%%%%%%%%%%%%%%%%%%%
Finished vnnlib processing in 0.003423 seconds
Attack parameters: initialization=uniform, steps=100, restarts=30, alpha=0.012500002980232239, GAMA=False
PGD attack margin (first 2 examples and 10 specs):
 tensor([[ 7.72095585, 11.68931866, 12.23487282, 14.29079628,  8.30837250,
         10.29941845, 11.10754585,  9.15118122, 15.94324875]], device='cuda:0')
Total number of violation:  0
Processing batch 1/1...
  0%|          | 0/100 [00:00<?, ?it/s] 16%|█▌        | 16/100 [00:00<00:00, 159.21it/s] 32%|███▏      | 32/100 [00:00<00:00, 157.81it/s] 50%|█████     | 50/100 [00:00<00:00, 163.72it/s] 67%|██████▋   | 67/100 [00:00<00:00, 161.26it/s] 84%|████████▍ | 84/100 [00:00<00:00, 163.59it/s]100%|██████████| 100/100 [00:00<00:00, 163.38it/s]
/home/han/alpha-beta-CROWN/auto_LiRPA/auto_LiRPA/beta_crown.py:52: DeprecationWarning: __array__ implementation doesn't accept a copy keyword, so passing copy=False failed. __array__ must implement 'dtype' and 'copy' keyword arguments. To learn more, see the migration guide https://numpy.org/devdocs/numpy_2_0_migration_guide.html#adapting-to-changes-in-the-copy-keyword
  sign_numpy[bi, :split_len] = split_coeffs
PGD attack margin (first 2 examples and 10 specs):
 tensor([[2.19893599, 6.86509418, 6.14902878, 6.84109974, 1.53286123, 4.17811108,
         4.58829260, 2.39767551, 5.95828152]], device='cuda:0')
Total number of violation:  0
Attack finished in 0.6237 seconds.
PGD attack failed
verified_status unknown
verified_success False
Model: BoundedModule(
  (/0): BoundInput(name=/0, inputs=[], perturbed=True)
  (/7): BoundParams(name=/7, inputs=[], perturbed=False)
  (/8): BoundParams(name=/8, inputs=[], perturbed=False)
  (/9): BoundParams(name=/9, inputs=[], perturbed=False)
  (/10): BoundParams(name=/10, inputs=[], perturbed=False)
  (/11): BoundParams(name=/11, inputs=[], perturbed=False)
  (/12): BoundParams(name=/12, inputs=[], perturbed=False)
  (/13): BoundFlatten(name=/13, inputs=[/0], perturbed=True)
  (/input): BoundLinear(name=/input, inputs=[/13, /7, /8], perturbed=True)
  (/15): BoundRelu(name=/15, inputs=[/input], perturbed=True)
  (/input-3): BoundLinear(name=/input-3, inputs=[/15, /9, /10], perturbed=True)
  (/17): BoundRelu(name=/17, inputs=[/input-3], perturbed=True)
  (/18): BoundLinear(name=/18, inputs=[/17, /11, /12], perturbed=True)
)
Original output in the first batch: tensor([[ 0.81986284, -3.43863416, -3.95390916, -5.38909578, -0.33250991,
         -1.72544301,  8.28802872, -3.02475858, -0.40602764, -6.91417122]],
       device='cuda:0')
Split layers:
Nonlinear functions:
   BoundRelu(name=/15, inputs=[/input], perturbed=True)
   BoundRelu(name=/17, inputs=[/input-3], perturbed=True)
build batch [1/1]
layer /15 using sparse-features alpha with shape [164]; unstable size 164; total size 256 ([1, 256])
layer /15 start_node /input-3 using sparse-spec alpha [2, 112, 1, 164] with unstable size 111 total_size 128 output_shape torch.Size([128])
layer /15 start_node /18 using full alpha [2, 9, 1, 164] with unstable size None total_size 9 output_shape 9
layer /17 using sparse-features alpha with shape [111]; unstable size 111; total size 128 ([1, 128])
layer /17 start_node /18 using full alpha [2, 9, 1, 111] with unstable size None total_size 9 output_shape 9
Optimizable variables initialized.
initial CROWN bounds (first 10 items): [-8.37336254119873, -7.4269819259643555, -9.33554458618164, -9.931408882141113, -12.460149765014648, -9.896917343139648, -13.343727111816406, -10.758882522583008, -9.82611083984375]
prune_after_crown optimization in use
  original spec size = torch.Size([1, 9])
  pruned spec size = torch.Size([1, 9])
Using alpha-CROWN to initialize bounds.
best_l after optimization: -80.59989929199219
alpha/beta optimization time: 3.013989210128784
initial alpha-crown bounds (first 10 items): [-7.447675704956055, -6.594669342041016, -8.374666213989258, -8.730856895446777, -11.165246963500977, -8.36204719543457, -12.035892486572266, -9.323297500610352, -8.565546035766602]
Global lower bound: -12.035892486572266
torch.Size([1, 9])
0 / 9 OR specs are verified.
Verified OR indices (first 10 items): []
Verified OR lbs (first 10 items): []
Unverified OR indices (first 10 items): [0, 1, 2, 3, 4, 5, 6, 7, 8]
Unverified OR lbs (first 10 items): [[-7.447675704956055], [-6.594669342041016], [-8.374666213989258], [-8.730856895446777], [-11.165246963500977], [-8.36204719543457], [-12.035892486572266], [-9.323297500610352], [-8.565546035766602]]
###### Verifying property Instance 2 ######
Batch size: 9
First 10 spec matrices
C: tensor([[[-1.,  0.,  0.,  0.,  0.,  0.,  1.,  0.,  0.,  0.]],

        [[ 0., -1.,  0.,  0.,  0.,  0.,  1.,  0.,  0.,  0.]],

        [[ 0.,  0., -1.,  0.,  0.,  0.,  1.,  0.,  0.,  0.]],

        [[ 0.,  0.,  0., -1.,  0.,  0.,  1.,  0.,  0.,  0.]],

        [[ 0.,  0.,  0.,  0., -1.,  0.,  1.,  0.,  0.,  0.]],

        [[ 0.,  0.,  0.,  0.,  0., -1.,  1.,  0.,  0.,  0.]],

        [[ 0.,  0.,  0.,  0.,  0.,  0.,  1., -1.,  0.,  0.]],

        [[ 0.,  0.,  0.,  0.,  0.,  0.,  1.,  0., -1.,  0.]],

        [[ 0.,  0.,  0.,  0.,  0.,  0.,  1.,  0.,  0., -1.]]], device='cuda:0')
RHS: tensor([[0.],
        [0.],
        [0.],
        [0.],
        [0.],
        [0.],
        [0.],
        [0.],
        [0.]], device='cuda:0')
OR spec sizes: tensor([1, 1, 1, 1, 1, 1, 1, 1, 1], device='cuda:0', dtype=torch.int32)
Remaining timeout: 7.778018474578857
Model prediction is: tensor([ 0.81986284, -3.43863416, -3.95390916, -5.38909578, -0.33250991,
        -1.72544301,  8.28802872, -3.02475858, -0.40602764, -6.91417122],
       device='cuda:0')
Activation BaB batch 1/1 
build_with_refined_bounds batch [1/1]
Optimizable variables initialized.
all alpha initialized
directly get lb and ub from refined bounds
c shape: torch.Size([9, 1, 10])
lA shapes: [torch.Size([9, 1, 256]), torch.Size([9, 1, 128])]
torch.Size([9, 1])
(alpha-)CROWN with fixed intermediate bounds: tensor([[ -7.44767570],
        [ -6.59466934],
        [ -8.37466621],
        [ -8.73085690],
        [-11.16524696],
        [ -8.36204720],
        [-12.03589249],
        [ -9.32329750],
        [ -8.56554604]], device='cuda:0') tensor([[inf],
        [inf],
        [inf],
        [inf],
        [inf],
        [inf],
        [inf],
        [inf],
        [inf]], device='cuda:0')
Intermediate layers: /input,/input-3
Keeping alphas for these layers: ['/18']
Node /15 input 0: size torch.Size([256]) unstable 164
Node /17 input 0: size torch.Size([128]) unstable 111
-----------------
# of unstable neurons: 275
-----------------

BaB round 1
batch: 9
splitting decisions: 
split level 0: [/input-3, 42] [/input-3, 9] [/input, 120] [/input, 120] [/input, 238] [/input-3, 36] [/input-3, 48] [/input-3, 59] [/input, 88] 
best_l after optimization: -152.12615966796875
beta sum per layer: [1.0013316869735718, 1.406171441078186]
alpha/beta optimization time: 0.5977652072906494
pruning_in_iteration open status: False
ratio of positive domain = 0 / 18 = 0.0
pruning-in-iteration extra time: 0.0001647472381591797
torch.Size([18, 1])
Time: prepare 0.0017    bound 0.5991    transfer 0.0002    finalize 0.0012    func 0.6023    
Accumulated time: func 0.6023    prepare 0.0042    bound 0.5991    transfer 0.0002    finalize 0.0012    
max lb tensor(-6.12865162) min lb tensor(-11.57612514)
Number of Verified Splits: 0 of 18
Current worst splitting domains lb-rhs (depth):
-11.57613 (1), -11.50644 (1), -10.68536 (1), -10.59681 (1), -9.12370 (1), -8.41971 (1), -8.30262 (1), -8.11414 (1), -8.10866 (1), -8.06345 (1), -7.97969 (1), -7.82593 (1), -7.76599 (1), -7.75290 (1), -7.05817 (1), -6.91684 (1), -6.20098 (1), -6.12865 (1), 
Length of domains: 18
Current (lb-rhs): -11.576125144958496
18 domains visited
Time: pickout 0.0019    decision 0.1766    set_bounds 0.0013    solve 0.6033    add 0.0058    
Accumulated time: pickout 0.0019    decision 0.1766    set_bounds 0.0013    solve 0.6033    add 0.0058    
Cumulative time: 0.8123972415924072

BaB round 2
batch: 18
splitting decisions: 
split level 0: [/input-3, 98] [/input-3, 98] [/input, 88] [/input-3, 48] [/input-3, 36] [/input, 135] [/input-3, 42] [/input-3, 119] [/input-3, 36] [/input-3, 98] 
best_l after optimization: -281.88494873046875
beta sum per layer: [3.3154845237731934, 13.282329559326172]
alpha/beta optimization time: 0.4686572551727295
pruning_in_iteration open status: False
ratio of positive domain = 0 / 36 = 0.0
pruning-in-iteration extra time: 0.0001220703125
torch.Size([36, 1])
Time: prepare 0.0018    bound 0.4699    transfer 0.0002    finalize 0.0020    func 0.4740    
Accumulated time: func 1.0763    prepare 0.0087    bound 1.0690    transfer 0.0004    finalize 0.0031    
max lb tensor(-5.55890274) min lb tensor(-11.14203930)
Number of Verified Splits: 0 of 36
Current worst splitting domains lb-rhs (depth):
-11.14204 (2), -11.04228 (2), -10.55931 (2), -10.33767 (2), -10.26350 (2), -10.23772 (2), -9.70426 (2), -9.59479 (2), -8.92568 (2), -8.17966 (2), -7.95917 (2), -7.73148 (2), -7.64468 (2), -7.63818 (2), -7.57936 (2), -7.48361 (2), -7.42944 (2), -7.38021 (2), -7.35363 (2), -7.31132 (2), 
Length of domains: 36
Current (lb-rhs): -11.14203929901123
54 domains visited
Time: pickout 0.0049    decision 0.0342    set_bounds 0.0016    solve 0.4747    add 0.0017    
Accumulated time: pickout 0.0068    decision 0.2107    set_bounds 0.0028    solve 1.0779    add 0.0075    
Cumulative time: 1.329700231552124

BaB round 3
batch: 36
splitting decisions: 
split level 0: [/input-3, 9] [/input-3, 116] [/input, 54] [/input-3, 65] [/input, 88] [/input-3, 15] [/input, 231] [/input-3, 2] [/input-3, 14] [/input-3, 9] 
best_l after optimization: -525.67578125
beta sum per layer: [8.205978393554688, 46.35870361328125]
alpha/beta optimization time: 0.5646305084228516
pruning_in_iteration open status: False
ratio of positive domain = 0 / 72 = 0.0
pruning-in-iteration extra time: 0.0001895427703857422
torch.Size([72, 1])
Time: prepare 0.0026    bound 0.5662    transfer 0.0003    finalize 0.0016    func 0.5708    
Accumulated time: func 1.6470    prepare 0.0156    bound 1.6352    transfer 0.0007    finalize 0.0047    
max lb tensor(-4.95509243) min lb tensor(-10.73880768)
Number of Verified Splits: 0 of 72
Current worst splitting domains lb-rhs (depth):
-10.73881 (3), -10.68223 (3), -10.59224 (3), -10.55102 (3), -10.13629 (3), -9.97804 (3), -9.89354 (3), -9.89343 (3), -9.82001 (3), -9.81338 (3), -9.71429 (3), -9.47360 (3), -9.42381 (3), -9.30692 (3), -9.08339 (3), -9.02792 (3), -8.75971 (3), -7.87730 (3), -7.85519 (3), -7.62535 (3), 
Length of domains: 72
Current (lb-rhs): -10.738807678222656
126 domains visited
Time: pickout 0.0084    decision 0.0457    set_bounds 0.0027    solve 0.5715    add 0.0014    
Accumulated time: pickout 0.0152    decision 0.2565    set_bounds 0.0055    solve 1.6494    add 0.0089    
Cumulative time: 1.9596562385559082

BaB round 4
batch: 64
splitting decisions: 
split level 0: [/input, 71] [/input, 88] [/input-3, 48] [/input, 54] [/input-3, 65] [/input-3, 98] [/input-3, 14] [/input, 120] [/input-3, 2] [/input, 71] 
best_l after optimization: -850.998779296875
beta sum per layer: [32.79895782470703, 121.3001708984375]
alpha/beta optimization time: 0.9892945289611816
pruning_in_iteration open status: False
ratio of positive domain = 0 / 128 = 0.0
pruning-in-iteration extra time: 0.0003402233123779297
torch.Size([128, 1])
Time: prepare 0.0060    bound 0.9907    transfer 0.0010    finalize 0.0135    func 1.0113    
Accumulated time: func 2.6583    prepare 0.0276    bound 2.6259    transfer 0.0016    finalize 0.0182    
max lb tensor(-3.70536995) min lb tensor(-10.36879158)
Number of Verified Splits: 0 of 128
Current worst splitting domains lb-rhs (depth):
-10.36879 (4), -10.35964 (4), -10.22359 (4), -10.21382 (4), -9.94832 (4), -9.89426 (4), -9.89354 (3), -9.82684 (4), -9.81048 (4), -9.79169 (4), -9.71429 (3), -9.62324 (4), -9.60488 (4), -9.50586 (4), -9.49135 (4), -9.25327 (4), -9.15262 (4), -9.12370 (4), -9.09522 (4), -9.07834 (4), 
Length of domains: 136
Current (lb-rhs): -10.368791580200195
254 domains visited
Time: pickout 0.0100    decision 0.1386    set_bounds 0.0053    solve 1.0124    add 0.0040    
Accumulated time: pickout 0.0252    decision 0.3950    set_bounds 0.0108    solve 2.6619    add 0.0129    
Cumulative time: 3.1303281784057617

BaB round 5
batch: 64
splitting decisions: 
split level 0: [/input-3, 65] [/input-3, 63] [/input, 88] [/input, 71] [/input-3, 14] [/input-3, 59] [/input-3, 13] [/input-3, 14] [/input-3, 42] [/input-3, 65] 
best_l after optimization: -752.5203857421875
beta sum per layer: [50.02558898925781, 185.763916015625]
alpha/beta optimization time: 0.9237692356109619
pruning_in_iteration open status: False
ratio of positive domain = 0 / 128 = 0.0
pruning-in-iteration extra time: 0.0001857280731201172
torch.Size([128, 1])
Time: prepare 0.0063    bound 0.9250    transfer 0.0004    finalize 0.0025    func 0.9343    
Accumulated time: func 3.5926    prepare 0.0435    bound 3.5509    transfer 0.0020    finalize 0.0207    
max lb tensor(-3.23051739) min lb tensor(-10.05921936)
Number of Verified Splits: 0 of 128
Current worst splitting domains lb-rhs (depth):
-10.05922 (5), -10.05464 (5), -9.94832 (4), -9.91082 (5), -9.89426 (4), -9.89354 (3), -9.88993 (5), -9.82684 (4), -9.79169 (4), -9.71429 (3), -9.60488 (4), -9.54526 (5), -9.50948 (5), -9.50586 (4), -9.49135 (4), -9.47674 (5), -9.44829 (5), -9.37670 (5), -9.31534 (5), -9.25327 (4), 
Length of domains: 200
Current (lb-rhs): -10.059219360351562
382 domains visited
Time: pickout 0.0155    decision 0.1173    set_bounds 0.0067    solve 0.9352    add 0.0029    
Accumulated time: pickout 0.0407    decision 0.5123    set_bounds 0.0175    solve 3.5971    add 0.0158    
Cumulative time: 4.208146810531616

BaB round 6
batch: 64
splitting decisions: 
split level 0: [/input-3, 42] [/input-3, 24] [/input-3, 14] [/input-3, 34] [/input-3, 36] [/input-3, 34] [/input-3, 81] [/input, 104] [/input-3, 61] [/input-3, 42] 
best_l after optimization: -665.818359375
beta sum per layer: [58.57618713378906, 252.9673614501953]
alpha/beta optimization time: 0.4679238796234131
pruning_in_iteration open status: False
ratio of positive domain = 0 / 128 = 0.0
pruning-in-iteration extra time: 0.0002422332763671875
torch.Size([128, 1])
Time: prepare 0.0079    bound 0.4693    transfer 0.0005    finalize 0.0023    func 0.4801    
Accumulated time: func 4.0727    prepare 0.0538    bound 4.0202    transfer 0.0025    finalize 0.0230    
max lb tensor(-2.18416309) min lb tensor(-9.22176552)
Number of Verified Splits: 0 of 128
Current worst splitting domains lb-rhs (depth):
-10.05922 (5), -10.05464 (5), -9.94832 (4), -9.91082 (5), -9.89426 (4), -9.89354 (3), -9.88993 (5), -9.82684 (4), -9.79169 (4), -9.71429 (3), -9.60488 (4), -9.50948 (5), -9.50586 (4), -9.49135 (4), -9.31534 (5), -9.25327 (4), -9.22177 (6), -9.15262 (4), -9.14527 (6), -9.12370 (4), 
Length of domains: 264
Current (lb-rhs): -10.059219360351562
510 domains visited
Time: pickout 0.0103    decision 0.0399    set_bounds 0.0054    solve 0.4812    add 0.0023    
Accumulated time: pickout 0.0511    decision 0.5522    set_bounds 0.0229    solve 4.0783    add 0.0181    
Cumulative time: 4.747973680496216

BaB round 7
batch: 64
splitting decisions: 
split level 0: [/input-3, 15] [/input, 71] [/input, 238] [/input-3, 9] [/input, 54] [/input-3, 24] [/input-3, 35] [/input-3, 15] [/input-3, 84] [/input-3, 15] 
best_l after optimization: -574.4398193359375
beta sum per layer: [74.9136962890625, 322.906982421875]
alpha/beta optimization time: 0.4964451789855957
pruning_in_iteration open status: False
ratio of positive domain = 0 / 128 = 0.0
pruning-in-iteration extra time: 0.00010895729064941406
torch.Size([128, 1])
Time: prepare 0.0051    bound 0.4978    transfer 0.0003    finalize 0.0030    func 0.5062    
Accumulated time: func 4.5788    prepare 0.0629    bound 4.5179    transfer 0.0027    finalize 0.0260    
max lb tensor(-0.92491341) min lb tensor(-8.68431759)
Number of Verified Splits: 0 of 128
Current worst splitting domains lb-rhs (depth):
-10.05922 (5), -10.05464 (5), -9.94832 (4), -9.91082 (5), -9.89426 (4), -9.89354 (3), -9.88993 (5), -9.82684 (4), -9.79169 (4), -9.71429 (3), -9.60488 (4), -9.50948 (5), -9.50586 (4), -9.49135 (4), -9.31534 (5), -9.25327 (4), -9.22177 (6), -9.15262 (4), -9.14527 (6), -9.12370 (4), 
Length of domains: 328
Current (lb-rhs): -10.059219360351562
638 domains visited
Time: pickout 0.0116    decision 0.0448    set_bounds 0.0041    solve 0.5078    add 0.0018    
Accumulated time: pickout 0.0627    decision 0.5970    set_bounds 0.0270    solve 4.5861    add 0.0200    
Cumulative time: 5.318410634994507

BaB round 8
batch: 64
splitting decisions: 
split level 0: [/input-3, 81] [/input-3, 84] [/input-3, 69] [/input-3, 63] [/input-3, 59] [/input-3, 116] [/input-3, 69] [/input-3, 59] [/input-3, 123] [/input-3, 123] 
best_l after optimization: -481.40777587890625
beta sum per layer: [82.38871002197266, 383.37548828125]
alpha/beta optimization time: 0.4706563949584961
pruning_in_iteration open status: False
ratio of positive domain = 1 / 128 = 0.0078125
pruning-in-iteration extra time: 0.00028896331787109375
torch.Size([128, 1])
Time: prepare 0.0041    bound 0.4719    transfer 0.0003    finalize 0.0021    func 0.4784    
Accumulated time: func 5.0573    prepare 0.0705    bound 4.9898    transfer 0.0030    finalize 0.0281    
max lb tensor(0.16893959) min lb tensor(-8.08987236)
Number of Verified Splits: 1 of 128
Current worst splitting domains lb-rhs (depth):
-10.05922 (5), -10.05464 (5), -9.94832 (4), -9.91082 (5), -9.89426 (4), -9.89354 (3), -9.88993 (5), -9.82684 (4), -9.79169 (4), -9.71429 (3), -9.60488 (4), -9.50948 (5), -9.50586 (4), -9.49135 (4), -9.31534 (5), -9.25327 (4), -9.22177 (6), -9.15262 (4), -9.14527 (6), -9.12370 (4), 
Length of domains: 391
Current (lb-rhs): -10.059219360351562
766 domains visited
Time: pickout 0.0138    decision 0.0443    set_bounds 0.0045    solve 0.4791    add 0.0016    
Accumulated time: pickout 0.0764    decision 0.6414    set_bounds 0.0316    solve 5.0652    add 0.0216    
Cumulative time: 5.862103700637817

BaB round 9
batch: 64
splitting decisions: 
split level 0: [/input-3, 116] [/input-3, 81] [/input-3, 34] [/input-3, 15] [/input-3, 123] [/input-3, 15] [/input-3, 7] [/input-3, 65] [/input-3, 88] [/input-3, 116] 
best_l after optimization: -386.17254638671875
beta sum per layer: [81.12110137939453, 456.3247375488281]
alpha/beta optimization time: 0.6037445068359375
pruning_in_iteration open status: False
ratio of positive domain = 6 / 128 = 0.046875
pruning-in-iteration extra time: 0.0003743171691894531
torch.Size([128, 1])
Time: prepare 0.0037    bound 0.6051    transfer 0.0009    finalize 0.0051    func 0.6149    
Accumulated time: func 5.6721    prepare 0.0765    bound 5.5949    transfer 0.0039    finalize 0.0332    
max lb tensor(0.25102425) min lb tensor(-7.27783203)
Number of Verified Splits: 6 of 128
Current worst splitting domains lb-rhs (depth):
-10.05922 (5), -10.05464 (5), -9.94832 (4), -9.91082 (5), -9.89426 (4), -9.89354 (3), -9.88993 (5), -9.82684 (4), -9.79169 (4), -9.71429 (3), -9.60488 (4), -9.50948 (5), -9.50586 (4), -9.49135 (4), -9.31534 (5), -9.25327 (4), -9.22177 (6), -9.15262 (4), -9.14527 (6), -9.12370 (4), 
Length of domains: 449
Current (lb-rhs): -10.059219360351562
894 domains visited
Time: pickout 0.0113    decision 0.0377    set_bounds 0.0043    solve 0.6156    add 0.0029    
Accumulated time: pickout 0.0877    decision 0.6791    set_bounds 0.0359    solve 5.6808    add 0.0245    
Cumulative time: 6.534072160720825

BaB round 10
batch: 64
splitting decisions: 
split level 0: [/input-3, 25] [/input-3, 116] [/input-3, 57] [/input-3, 119] [/input-3, 123] [/input-3, 14] [/input-3, 15] [/input-3, 48] [/input-3, 63] [/input-3, 123] 
best_l after optimization: -328.4935302734375
beta sum per layer: [83.26534271240234, 499.50848388671875]
alpha/beta optimization time: 0.8172259330749512
pruning_in_iteration open status: False
ratio of positive domain = 3 / 128 = 0.0234375
pruning-in-iteration extra time: 0.0005154609680175781
torch.Size([128, 1])
Time: prepare 0.0075    bound 0.8188    transfer 0.0012    finalize 0.0072    func 0.8349    
Accumulated time: func 6.5070    prepare 0.0946    bound 6.4136    transfer 0.0052    finalize 0.0404    
max lb tensor(0.18072128) min lb tensor(-6.61072397)
Number of Verified Splits: 3 of 128
Current worst splitting domains lb-rhs (depth):
-10.05922 (5), -10.05464 (5), -9.94832 (4), -9.91082 (5), -9.89426 (4), -9.89354 (3), -9.88993 (5), -9.82684 (4), -9.79169 (4), -9.71429 (3), -9.60488 (4), -9.50948 (5), -9.50586 (4), -9.49135 (4), -9.31534 (5), -9.25327 (4), -9.22177 (6), -9.15262 (4), -9.14527 (6), -9.12370 (4), 
Length of domains: 510
Current (lb-rhs): -10.059219360351562
1022 domains visited
Time: pickout 0.0157    decision 0.1337    set_bounds 0.0051    solve 0.8357    add 0.0026    
Accumulated time: pickout 0.1034    decision 0.8128    set_bounds 0.0410    solve 6.5165    add 0.0271    
Cumulative time: 7.5270702838897705

BaB round 11
batch: 64
splitting decisions: 
split level 0: [/input-3, 35] [/input-3, 36] [/input-3, 123] [/input-3, 119] [/input-3, 35] [/input-3, 36] [/input-3, 29] [/input-3, 119] [/input-3, 7] [/input-3, 29] 
best_l after optimization: -261.00537109375
beta sum per layer: [84.75004577636719, 521.662353515625]
alpha/beta optimization time: 0.8930447101593018
pruning_in_iteration open status: False
ratio of positive domain = 14 / 128 = 0.109375
pruning-in-iteration extra time: 0.00010967254638671875
torch.Size([128, 1])
Time: prepare 0.0075    bound 0.8942    transfer 0.0004    finalize 0.0022    func 0.9043    
Accumulated time: func 7.4113    prepare 0.1109    bound 7.3079    transfer 0.0055    finalize 0.0426    
max lb tensor(0.42100906) min lb tensor(-5.96611929)
Number of Verified Splits: 14 of 128
Current worst splitting domains lb-rhs (depth):
-10.05922 (5), -10.05464 (5), -9.94832 (4), -9.91082 (5), -9.89426 (4), -9.89354 (3), -9.88993 (5), -9.82684 (4), -9.79169 (4), -9.71429 (3), -9.60488 (4), -9.50948 (5), -9.50586 (4), -9.49135 (4), -9.31534 (5), -9.25327 (4), -9.22177 (6), -9.15262 (4), -9.14527 (6), -9.12370 (4), 
Length of domains: 560
Current (lb-rhs): -10.059219360351562
1150 domains visited
Time: pickout 0.0169    decision 0.1320    set_bounds 0.0049    solve 0.9049    add 0.0013    
Accumulated time: pickout 0.1202    decision 0.9448    set_bounds 0.0459    solve 7.4214    add 0.0283    
Time out!!!!!!!!
Result: unknown in 12.8143 seconds

 %%%%%%%%%%%%%%%%%%%%%%%%%%%%%%%%%%% idx: 3, vnnlib ID: 23 %%%%%%%%%%%%%%%%%%%%%%%%%%%%%%%%%%%
Finished vnnlib processing in 0.004450 seconds
Attack parameters: initialization=uniform, steps=100, restarts=30, alpha=0.012500002980232239, GAMA=False
PGD attack margin (first 2 examples and 10 specs):
 tensor([[22.60603333, 16.93428421, 20.59555435, 12.42802811, 21.23390961,
         17.42624855, 25.83294296, 15.99352360, 15.63074875]], device='cuda:0')
Total number of violation:  0
Processing batch 1/1...
  0%|          | 0/100 [00:00<?, ?it/s] 17%|█▋        | 17/100 [00:00<00:00, 160.97it/s] 36%|███▌      | 36/100 [00:00<00:00, 172.13it/s] 55%|█████▌    | 55/100 [00:00<00:00, 173.65it/s] 73%|███████▎  | 73/100 [00:00<00:00, 173.96it/s] 91%|█████████ | 91/100 [00:00<00:00, 164.41it/s]100%|██████████| 100/100 [00:00<00:00, 169.15it/s]
PGD attack margin (first 2 examples and 10 specs):
 tensor([[11.44444942,  8.96830463,  7.88748598,  5.13926506, 12.51016712,
          8.84960842, 13.71814823,  8.40181255,  9.57059097]], device='cuda:0')
Total number of violation:  0
Attack finished in 0.6029 seconds.
PGD attack failed
verified_status unknown
verified_success False
Model: BoundedModule(
  (/0): BoundInput(name=/0, inputs=[], perturbed=True)
  (/7): BoundParams(name=/7, inputs=[], perturbed=False)
  (/8): BoundParams(name=/8, inputs=[], perturbed=False)
  (/9): BoundParams(name=/9, inputs=[], perturbed=False)
  (/10): BoundParams(name=/10, inputs=[], perturbed=False)
  (/11): BoundParams(name=/11, inputs=[], perturbed=False)
  (/12): BoundParams(name=/12, inputs=[], perturbed=False)
  (/13): BoundFlatten(name=/13, inputs=[/0], perturbed=True)
  (/input): BoundLinear(name=/input, inputs=[/13, /7, /8], perturbed=True)
  (/15): BoundRelu(name=/15, inputs=[/input], perturbed=True)
  (/input-3): BoundLinear(name=/input-3, inputs=[/15, /9, /10], perturbed=True)
  (/17): BoundRelu(name=/17, inputs=[/input-3], perturbed=True)
  (/18): BoundLinear(name=/18, inputs=[/17, /11, /12], perturbed=True)
)
Original output in the first batch: tensor([[ -8.18969822,  -2.46906781,  -5.25401640,   2.87619233,  -8.00225449,
          13.85605907,  -3.70661807, -10.77020264,  -1.30865991,  -2.01810241]],
       device='cuda:0')
Split layers:
Nonlinear functions:
   BoundRelu(name=/15, inputs=[/input], perturbed=True)
   BoundRelu(name=/17, inputs=[/input-3], perturbed=True)
build batch [1/1]
layer /15 using sparse-features alpha with shape [172]; unstable size 172; total size 256 ([1, 256])
layer /15 start_node /input-3 using sparse-spec alpha [2, 91, 1, 172] with unstable size 90 total_size 128 output_shape torch.Size([128])
layer /15 start_node /18 using full alpha [2, 9, 1, 172] with unstable size None total_size 9 output_shape 9
layer /17 using sparse-features alpha with shape [90]; unstable size 90; total size 128 ([1, 128])
layer /17 start_node /18 using full alpha [2, 9, 1, 90] with unstable size None total_size 9 output_shape 9
Optimizable variables initialized.
initial CROWN bounds (first 10 items): [-1.2321557998657227, -3.3218994140625, -7.048823356628418, -6.613204479217529, -0.6646080017089844, -1.6618719100952148, -0.8669528961181641, -3.2790937423706055, -2.215940475463867]
prune_after_crown optimization in use
  original spec size = torch.Size([1, 9])
  pruned spec size = torch.Size([1, 9])
Using alpha-CROWN to initialize bounds.
best_l after optimization: -17.24077606201172
alpha/beta optimization time: 2.0351500511169434
initial alpha-crown bounds (first 10 items): [-0.3188943862915039, -2.107001304626465, -5.849918365478516, -5.698150634765625, 0.5437393188476562, -0.05830955505371094, 0.09805870056152344, -2.571099281311035, -1.2791996002197266]
Global lower bound: -5.849918365478516
torch.Size([1, 9])
2 / 9 OR specs are verified.
Verified OR indices (first 10 items): [4, 6]
Verified OR lbs (first 10 items): [[0.5437393188476562], [0.09805870056152344]]
Unverified OR indices (first 10 items): [0, 1, 2, 3, 5, 7, 8]
Unverified OR lbs (first 10 items): [[-0.3188943862915039], [-2.107001304626465], [-5.849918365478516], [-5.698150634765625], [-0.05830955505371094], [-2.571099281311035], [-1.2791996002197266]]
###### Verifying property Instance 3 ######
Batch size: 7
First 10 spec matrices
C: tensor([[[-1.,  0.,  0.,  0.,  0.,  1.,  0.,  0.,  0.,  0.]],

        [[ 0., -1.,  0.,  0.,  0.,  1.,  0.,  0.,  0.,  0.]],

        [[ 0.,  0., -1.,  0.,  0.,  1.,  0.,  0.,  0.,  0.]],

        [[ 0.,  0.,  0., -1.,  0.,  1.,  0.,  0.,  0.,  0.]],

        [[ 0.,  0.,  0.,  0.,  0.,  1., -1.,  0.,  0.,  0.]],

        [[ 0.,  0.,  0.,  0.,  0.,  1.,  0.,  0., -1.,  0.]],

        [[ 0.,  0.,  0.,  0.,  0.,  1.,  0.,  0.,  0., -1.]]], device='cuda:0')
RHS: tensor([[0.],
        [0.],
        [0.],
        [0.],
        [0.],
        [0.],
        [0.]], device='cuda:0')
OR spec sizes: tensor([1, 1, 1, 1, 1, 1, 1], device='cuda:0', dtype=torch.int32)
Remaining timeout: 9.101678371429443
Model prediction is: tensor([ -8.18969822,  -2.46906781,  -5.25401640,   2.87619233,  -8.00225449,
         13.85605907,  -3.70661807, -10.77020264,  -1.30865991,  -2.01810241],
       device='cuda:0')
Activation BaB batch 1/1 
build_with_refined_bounds batch [1/1]
Optimizable variables initialized.
all alpha initialized
directly get lb and ub from refined bounds
c shape: torch.Size([7, 1, 10])
lA shapes: [torch.Size([7, 1, 256]), torch.Size([7, 1, 128])]
torch.Size([7, 1])
(alpha-)CROWN with fixed intermediate bounds: tensor([[-0.31889439],
        [-2.10700130],
        [-5.84991837],
        [-5.69815063],
        [-0.05830956],
        [-2.57109928],
        [-1.27919960]], device='cuda:0') tensor([[inf],
        [inf],
        [inf],
        [inf],
        [inf],
        [inf],
        [inf]], device='cuda:0')
Intermediate layers: /input,/input-3
Keeping alphas for these layers: ['/18']
Node /15 input 0: size torch.Size([256]) unstable 172
Node /17 input 0: size torch.Size([128]) unstable 87
-----------------
# of unstable neurons: 259
-----------------

BaB round 1
batch: 7
splitting decisions: 
split level 0: [/input-3, 11] [/input-3, 101] [/input, 183] [/input-3, 21] [/input-3, 20] [/input-3, 20] [/input-3, 21] 
best_l after optimization: -28.534469604492188
beta sum per layer: [1.4938321113586426, 0.8265825510025024]
alpha/beta optimization time: 1.0152316093444824
pruning_in_iteration open status: True
ratio of positive domain = 4 / 14 = 0.2857142857142857
pruning-in-iteration extra time: 0.05430030822753906
torch.Size([14, 1])
Time: prepare 0.0026    bound 1.0170    transfer 0.0017    finalize 0.0043    func 1.0256    
Accumulated time: func 1.0256    prepare 0.0117    bound 1.0170    transfer 0.0017    finalize 0.0043    
max lb tensor(9.99999975e-05) min lb tensor(-5.58348560)
Number of Verified Splits: 4 of 14
Current worst splitting domains lb-rhs (depth):
-5.58349 (1), -5.32805 (1), -5.22547 (1), -3.49851 (1), -2.12539 (1), -1.95548 (1), -1.75875 (1), -1.43961 (1), -0.82193 (1), -0.79818 (1), 
Length of domains: 10
Current (lb-rhs): -5.5834856033325195
14 domains visited
Time: pickout 0.0018    decision 0.0581    set_bounds 0.0016    solve 1.0263    add 0.0070    
Accumulated time: pickout 0.0018    decision 0.0581    set_bounds 0.0016    solve 1.0263    add 0.0070    
Cumulative time: 1.124870777130127

BaB round 2
batch: 10
splitting decisions: 
split level 0: [/input-3, 9] [/input-3, 2] [/input, 120] [/input-3, 11] [/input-3, 20] [/input-3, 9] [/input-3, 2] [/input, 120] [/input-3, 11] [/input-3, 20] 
best_l after optimization: -43.69960403442383
beta sum per layer: [6.235843658447266, 7.159754276275635]
alpha/beta optimization time: 0.8487751483917236
pruning_in_iteration open status: False
ratio of positive domain = 2 / 20 = 0.09999999999999998
pruning-in-iteration extra time: 0.0012676715850830078
torch.Size([20, 1])
Time: prepare 0.0045    bound 0.8519    transfer 0.0014    finalize 0.0089    func 0.8668    
Accumulated time: func 1.8924    prepare 0.0273    bound 1.8690    transfer 0.0031    finalize 0.0132    
max lb tensor(0.09768295) min lb tensor(-5.32800770)
Number of Verified Splits: 2 of 20
Current worst splitting domains lb-rhs (depth):
-5.32801 (2), -4.98522 (2), -4.88530 (2), -4.85660 (2), -4.75541 (2), -4.04737 (2), -2.64596 (2), -1.86898 (2), -1.81319 (2), -1.75213 (2), -1.63186 (2), -1.62118 (2), -1.42583 (2), -1.04572 (2), -0.40686 (2), -0.37444 (2), -0.22495 (2), -0.20507 (2), 
Length of domains: 18
Current (lb-rhs): -5.328007698059082
34 domains visited
Time: pickout 0.0161    decision 0.0774    set_bounds 0.0023    solve 0.8676    add 0.0017    
Accumulated time: pickout 0.0179    decision 0.1355    set_bounds 0.0039    solve 1.8939    add 0.0087    
Cumulative time: 2.090141534805298

BaB round 3
batch: 18
splitting decisions: 
split level 0: [/input-3, 19] [/input-3, 9] [/input, 183] [/input, 147] [/input-3, 9] [/input-3, 19] [/input-3, 9] [/input, 183] [/input-3, 59] [/input-3, 9] 
best_l after optimization: -62.16918182373047
beta sum per layer: [21.59707260131836, 20.567485809326172]
alpha/beta optimization time: 0.6522350311279297
pruning_in_iteration open status: True
ratio of positive domain = 8 / 36 = 0.2222222222222222
pruning-in-iteration extra time: 0.003992795944213867
torch.Size([36, 1])
Time: prepare 0.0033    bound 0.6535    transfer 0.0005    finalize 0.0015    func 0.6589    
Accumulated time: func 2.5513    prepare 0.0464    bound 2.5225    transfer 0.0036    finalize 0.0147    
max lb tensor(9.99999975e-05) min lb tensor(-5.06736565)
Number of Verified Splits: 8 of 36
Current worst splitting domains lb-rhs (depth):
-5.06737 (3), -4.68489 (3), -4.56756 (3), -4.55142 (3), -4.42380 (3), -4.18727 (3), -3.61553 (3), -3.23780 (3), -3.20627 (3), -3.14355 (3), -2.57771 (3), -2.02447 (3), -1.50873 (3), -1.48905 (3), -1.47671 (3), -1.46900 (3), -1.29346 (3), -1.26876 (3), -1.25209 (3), -1.24415 (3), 
Length of domains: 28
Current (lb-rhs): -5.067365646362305
70 domains visited
Time: pickout 0.0149    decision 0.0982    set_bounds 0.0025    solve 0.6603    add 0.0014    
Accumulated time: pickout 0.0328    decision 0.2337    set_bounds 0.0065    solve 2.5543    add 0.0101    
Cumulative time: 2.867713451385498

BaB round 4
batch: 28
splitting decisions: 
split level 0: [/input-3, 11] [/input, 150] [/input-3, 65] [/input-3, 59] [/input-3, 59] [/input, 150] [/input-3, 65] [/input, 147] [/input, 52] [/input-3, 65] 
best_l after optimization: -90.6407699584961
beta sum per layer: [49.731197357177734, 49.04313659667969]
alpha/beta optimization time: 0.5120468139648438
pruning_in_iteration open status: False
ratio of positive domain = 4 / 56 = 0.0714285714285714
pruning-in-iteration extra time: 0.0001652240753173828
torch.Size([56, 1])
Time: prepare 0.0022    bound 0.5131    transfer 0.0002    finalize 0.0012    func 0.5168    
Accumulated time: func 3.0681    prepare 0.0517    bound 3.0356    transfer 0.0038    finalize 0.0159    
max lb tensor(0.49255657) min lb tensor(-4.82721424)
Number of Verified Splits: 4 of 56
Current worst splitting domains lb-rhs (depth):
-4.82721 (4), -4.37968 (4), -4.29785 (4), -4.24603 (4), -4.15676 (4), -3.91990 (4), -3.79716 (4), -3.57603 (4), -3.34465 (4), -3.31897 (4), -3.15369 (4), -2.97763 (4), -2.86263 (4), -2.85383 (4), -2.85375 (4), -2.79403 (4), -2.56845 (4), -2.41345 (4), -1.99978 (4), -1.87499 (4), 
Length of domains: 52
Current (lb-rhs): -4.827214241027832
126 domains visited
Time: pickout 0.0077    decision 0.0347    set_bounds 0.0022    solve 0.5174    add 0.0024    
Accumulated time: pickout 0.0405    decision 0.2684    set_bounds 0.0086    solve 3.0717    add 0.0125    
Cumulative time: 3.433093309402466

BaB round 5
batch: 52
splitting decisions: 
split level 0: [/input-3, 59] [/input, 52] [/input-3, 2] [/input-3, 106] [/input-3, 11] [/input-3, 123] [/input-3, 2] [/input-3, 106] [/input-3, 123] [/input-3, 2] 
best_l after optimization: -126.81185913085938
beta sum per layer: [121.98970794677734, 136.828125]
alpha/beta optimization time: 0.46935319900512695
pruning_in_iteration open status: False
ratio of positive domain = 20 / 104 = 0.1923076923076923
pruning-in-iteration extra time: 0.0001380443572998047
torch.Size([104, 1])
Time: prepare 0.0032    bound 0.4703    transfer 0.0003    finalize 0.0021    func 0.4760    
Accumulated time: func 3.5441    prepare 0.0578    bound 3.5060    transfer 0.0041    finalize 0.0180    
max lb tensor(0.37147045) min lb tensor(-4.61537552)
Number of Verified Splits: 20 of 104
Current worst splitting domains lb-rhs (depth):
-4.61538 (5), -4.11275 (5), -4.00999 (5), -3.97873 (5), -3.86147 (5), -3.84451 (5), -3.71981 (5), -3.63824 (5), -3.51227 (5), -3.42343 (5), -3.39935 (5), -3.30912 (5), -3.27724 (5), -3.05868 (5), -3.03695 (5), -2.92114 (5), -2.84907 (5), -2.63158 (5), -2.58799 (5), -2.53412 (5), 
Length of domains: 84
Current (lb-rhs): -4.615375518798828
230 domains visited
Time: pickout 0.0128    decision 0.0403    set_bounds 0.0033    solve 0.4766    add 0.0015    
Accumulated time: pickout 0.0533    decision 0.3087    set_bounds 0.0119    solve 3.5483    add 0.0141    
Cumulative time: 3.9678542613983154

BaB round 6
batch: 64
splitting decisions: 
split level 0: [/input-3, 85] [/input-3, 85] [/input-3, 20] [/input-3, 59] [/input, 52] [/input-3, 85] [/input-3, 85] [/input, 195] [/input-3, 59] [/input-3, 85] 
best_l after optimization: -138.7100830078125
beta sum per layer: [138.440673828125, 205.039794921875]
alpha/beta optimization time: 0.5646359920501709
pruning_in_iteration open status: True
ratio of positive domain = 29 / 128 = 0.2265625
pruning-in-iteration extra time: 0.03109264373779297
torch.Size([128, 1])
Time: prepare 0.0037    bound 0.5657    transfer 0.0004    finalize 0.0023    func 0.5722    
Accumulated time: func 4.1163    prepare 0.0642    bound 4.0716    transfer 0.0045    finalize 0.0202    
max lb tensor(9.99999975e-05) min lb tensor(-3.85410690)
Number of Verified Splits: 29 of 128
Current worst splitting domains lb-rhs (depth):
-4.61538 (5), -4.00999 (5), -3.97873 (5), -3.86147 (5), -3.85411 (6), -3.72904 (6), -3.54232 (6), -3.52616 (6), -3.42177 (6), -3.40360 (6), -3.34509 (6), -3.32680 (6), -3.21917 (6), -3.18871 (6), -3.13072 (6), -3.09681 (6), -3.05868 (5), -3.00520 (6), -2.99487 (6), -2.96275 (6), 
Length of domains: 119
Current (lb-rhs): -4.615375518798828
358 domains visited
Time: pickout 0.0117    decision 0.0428    set_bounds 0.0040    solve 0.5728    add 0.0012    
Accumulated time: pickout 0.0650    decision 0.3515    set_bounds 0.0159    solve 4.1211    add 0.0153    
Cumulative time: 4.600821018218994

BaB round 7
batch: 64
splitting decisions: 
split level 0: [/input-3, 2] [/input, 120] [/input-3, 59] [/input-3, 2] [/input-3, 85] [/input, 195] [/input-3, 2] [/input-3, 85] [/input-3, 2] [/input-3, 2] 
best_l after optimization: -120.01815795898438
beta sum per layer: [151.61395263671875, 237.7659149169922]
alpha/beta optimization time: -0.12295079231262207
pruning_in_iteration open status: True
ratio of positive domain = 40 / 128 = 0.3125
pruning-in-iteration extra time: 0.07323360443115234
torch.Size([128, 1])
Time: prepare 0.0053    bound -0.1217    transfer 0.0019    finalize 0.0052    func -0.1092    
Accumulated time: func 4.0071    prepare 0.0808    bound 3.9499    transfer 0.0064    finalize 0.0255    
max lb tensor(9.99999975e-05) min lb tensor(-3.45791340)
Number of Verified Splits: 40 of 128
Current worst splitting domains lb-rhs (depth):
-4.61538 (5), -4.00999 (5), -3.97873 (5), -3.86147 (5), -3.85411 (6), -3.45791 (7), -3.42177 (6), -3.32680 (6), -3.25883 (7), -3.24780 (7), -3.18871 (6), -3.12285 (7), -3.12256 (7), -3.09681 (6), -3.05868 (5), -2.99487 (6), -2.98430 (7), -2.88107 (7), -2.78379 (7), -2.77324 (6), 
Length of domains: 143
Current (lb-rhs): -4.615375518798828
486 domains visited
Time: pickout 0.0136    decision 0.1357    set_bounds 0.0044    solve -0.1085    add 0.0011    
Accumulated time: pickout 0.0786    decision 0.4871    set_bounds 0.0204    solve 4.0126    add 0.0164    
Cumulative time: 4.647838830947876

BaB round 8
batch: 64
splitting decisions: 
split level 0: [/input-3, 50] [/input-3, 50] [/input, 150] [/input-3, 123] [/input-3, 9] [/input, 195] [/input-3, 9] [/input, 150] [/input-3, 9] [/input, 195] 
best_l after optimization: -105.17131805419922
beta sum per layer: [209.93650817871094, 355.04119873046875]
alpha/beta optimization time: 0.5423703193664551
pruning_in_iteration open status: True
ratio of positive domain = 32 / 128 = 0.25
pruning-in-iteration extra time: 0.027446746826171875
torch.Size([128, 1])
Time: prepare 0.0057    bound 0.5436    transfer 0.0004    finalize 0.0021    func 0.5519    
Accumulated time: func 4.5589    prepare 0.0892    bound 4.4935    transfer 0.0068    finalize 0.0275    
max lb tensor(9.99999975e-05) min lb tensor(-3.03430033)
Number of Verified Splits: 32 of 128
Current worst splitting domains lb-rhs (depth):
-4.61538 (5), -4.00999 (5), -3.97873 (5), -3.86147 (5), -3.85411 (6), -3.45791 (7), -3.42177 (6), -3.32680 (6), -3.25883 (7), -3.18871 (6), -3.09681 (6), -3.05868 (5), -3.03430 (8), -2.99487 (6), -2.98430 (7), -2.92693 (8), -2.91124 (8), -2.77324 (6), -2.71785 (7), -2.69231 (8), 
Length of domains: 175
Current (lb-rhs): -4.615375518798828
614 domains visited
Time: pickout 0.0136    decision 0.0377    set_bounds 0.0058    solve 0.5526    add 0.0012    
Accumulated time: pickout 0.0922    decision 0.5248    set_bounds 0.0262    solve 4.5652    add 0.0176    
Cumulative time: 5.259216070175171

BaB round 9
batch: 64
splitting decisions: 
split level 0: [/input-3, 50] [/input-3, 120] [/input-3, 9] [/input-3, 9] [/input-3, 9] [/input-3, 9] [/input-3, 9] [/input-3, 123] [/input, 240] [/input-3, 9] 
best_l after optimization: -89.2249984741211
beta sum per layer: [152.87548828125, 396.40435791015625]
alpha/beta optimization time: 0.5697581768035889
pruning_in_iteration open status: True
ratio of positive domain = 39 / 128 = 0.3046875
pruning-in-iteration extra time: 0.0267789363861084
torch.Size([128, 1])
Time: prepare 0.0053    bound 0.5711    transfer 0.0004    finalize 0.0019    func 0.5787    
Accumulated time: func 5.1377    prepare 0.0988    bound 5.0647    transfer 0.0072    finalize 0.0294    
max lb tensor(9.99999975e-05) min lb tensor(-2.82198191)
Number of Verified Splits: 39 of 128
Current worst splitting domains lb-rhs (depth):
-4.61538 (5), -4.00999 (5), -3.97873 (5), -3.86147 (5), -3.85411 (6), -3.45791 (7), -3.42177 (6), -3.32680 (6), -3.25883 (7), -3.18871 (6), -3.09681 (6), -3.05868 (5), -2.99487 (6), -2.98430 (7), -2.91124 (8), -2.82198 (9), -2.77324 (6), -2.71785 (7), -2.67656 (9), -2.58799 (5), 
Length of domains: 200
Current (lb-rhs): -4.615375518798828
742 domains visited
Time: pickout 0.0120    decision 0.0576    set_bounds 0.0050    solve 0.5794    add 0.0011    
Accumulated time: pickout 0.1042    decision 0.5825    set_bounds 0.0312    solve 5.1446    add 0.0187    
Cumulative time: 5.914668321609497

BaB round 10
batch: 64
splitting decisions: 
split level 0: [/input-3, 124] [/input-3, 124] [/input-3, 9] [/input-3, 124] [/input-3, 9] [/input-3, 34] [/input-3, 124] [/input-3, 9] [/input-3, 124] [/input-3, 124] 
best_l after optimization: -62.037837982177734
beta sum per layer: [88.49270629882812, 451.2760009765625]
alpha/beta optimization time: 0.6775877475738525
pruning_in_iteration open status: True
ratio of positive domain = 44 / 128 = 0.34375
pruning-in-iteration extra time: 0.03407549858093262
torch.Size([128, 1])
Time: prepare 0.0048    bound 0.6796    transfer 0.0018    finalize 0.0055    func 0.6918    
Accumulated time: func 5.8294    prepare 0.1073    bound 5.7442    transfer 0.0090    finalize 0.0349    
max lb tensor(9.99999975e-05) min lb tensor(-2.11892080)
Number of Verified Splits: 44 of 128
Current worst splitting domains lb-rhs (depth):
-4.61538 (5), -4.00999 (5), -3.97873 (5), -3.86147 (5), -3.85411 (6), -3.45791 (7), -3.42177 (6), -3.32680 (6), -3.25883 (7), -3.18871 (6), -3.09681 (6), -3.05868 (5), -2.99487 (6), -2.98430 (7), -2.91124 (8), -2.82198 (9), -2.77324 (6), -2.71785 (7), -2.67656 (9), -2.58799 (5), 
Length of domains: 220
Current (lb-rhs): -4.615375518798828
870 domains visited
Time: pickout 0.0104    decision 0.0580    set_bounds 0.0047    solve 0.6927    add 0.0018    
Accumulated time: pickout 0.1146    decision 0.6405    set_bounds 0.0360    solve 5.8372    add 0.0205    
Cumulative time: 6.682613372802734

BaB round 11
batch: 64
splitting decisions: 
split level 0: [/input-3, 123] [/input-3, 74] [/input-3, 74] [/input-3, 123] [/input-3, 123] [/input-3, 123] [/input-3, 9] [/input-3, 123] [/input-3, 123] [/input-3, 74] 
best_l after optimization: -32.06535339355469
beta sum per layer: [53.557090759277344, 460.9033203125]
alpha/beta optimization time: 0.8713407516479492
pruning_in_iteration open status: True
ratio of positive domain = 70 / 128 = 0.546875
pruning-in-iteration extra time: 0.059200286865234375
torch.Size([128, 1])
Time: prepare 0.0058    bound 0.8729    transfer 0.0022    finalize 0.0056    func 0.8865    
Accumulated time: func 6.7160    prepare 0.1225    bound 6.6171    transfer 0.0113    finalize 0.0405    
max lb tensor(9.99999975e-05) min lb tensor(-1.64796257)
Number of Verified Splits: 70 of 128
Current worst splitting domains lb-rhs (depth):
-4.61538 (5), -4.00999 (5), -3.97873 (5), -3.86147 (5), -3.85411 (6), -3.45791 (7), -3.42177 (6), -3.32680 (6), -3.25883 (7), -3.18871 (6), -3.09681 (6), -3.05868 (5), -2.99487 (6), -2.98430 (7), -2.91124 (8), -2.82198 (9), -2.77324 (6), -2.71785 (7), -2.67656 (9), -2.58799 (5), 
Length of domains: 214
Current (lb-rhs): -4.615375518798828
998 domains visited
Time: pickout 0.0165    decision 0.1219    set_bounds 0.0051    solve 0.8875    add 0.0030    
Accumulated time: pickout 0.1311    decision 0.7623    set_bounds 0.0411    solve 6.7247    add 0.0235    
Cumulative time: 7.716904640197754

BaB round 12
batch: 64
splitting decisions: 
split level 0: [/input-3, 123] [/input-3, 124] [/input-3, 9] [/input-3, 123] [/input-3, 9] [/input-3, 74] [/input-3, 74] [/input-3, 123] [/input, 240] [/input-3, 74] 
best_l after optimization: -36.18605422973633
beta sum per layer: [29.06845474243164, 433.884765625]
alpha/beta optimization time: 0.775702953338623
pruning_in_iteration open status: True
ratio of positive domain = 58 / 128 = 0.453125
pruning-in-iteration extra time: 0.04811382293701172
torch.Size([128, 1])
Time: prepare 0.0046    bound 0.7773    transfer 0.0006    finalize 0.0027    func 0.7854    
Accumulated time: func 7.5013    prepare 0.1350    bound 7.3944    transfer 0.0119    finalize 0.0432    
max lb tensor(9.99999975e-05) min lb tensor(-1.82625198)
Number of Verified Splits: 58 of 128
Current worst splitting domains lb-rhs (depth):
-4.61538 (5), -4.00999 (5), -3.97873 (5), -3.86147 (5), -3.85411 (6), -3.45791 (7), -3.42177 (6), -3.32680 (6), -3.25883 (7), -3.18871 (6), -3.09681 (6), -3.05868 (5), -2.99487 (6), -2.98430 (7), -2.91124 (8), -2.82198 (9), -2.77324 (6), -2.71785 (7), -2.67656 (9), -2.58799 (5), 
Length of domains: 220
Current (lb-rhs): -4.615375518798828
1126 domains visited
Time: pickout 0.0140    decision 0.1100    set_bounds 0.0044    solve 0.7861    add 0.0026    
Accumulated time: pickout 0.1450    decision 0.8723    set_bounds 0.0455    solve 7.5108    add 0.0261    
Cumulative time: 8.63463282585144

BaB round 13
batch: 64
splitting decisions: 
split level 0: [/input-3, 37] [/input-3, 37] [/input-3, 123] [/input-3, 37] [/input-3, 37] [/input-3, 74] [/input-3, 123] [/input-3, 74] [/input-3, 74] [/input-3, 74] 
best_l after optimization: -25.083187103271484
beta sum per layer: [17.281871795654297, 424.1878967285156]
alpha/beta optimization time: 0.6131415367126465
pruning_in_iteration open status: True
ratio of positive domain = 70 / 128 = 0.546875
pruning-in-iteration extra time: 0.03394484519958496
torch.Size([128, 1])
Time: prepare 0.0043    bound 0.6144    transfer 0.0005    finalize 0.0028    func 0.6221    
Accumulated time: func 8.1234    prepare 0.1421    bound 8.0088    transfer 0.0124    finalize 0.0460    
max lb tensor(9.99999975e-05) min lb tensor(-1.22535276)
Number of Verified Splits: 70 of 128
Current worst splitting domains lb-rhs (depth):
-4.61538 (5), -4.00999 (5), -3.97873 (5), -3.86147 (5), -3.85411 (6), -3.45791 (7), -3.42177 (6), -3.32680 (6), -3.25883 (7), -3.18871 (6), -3.09681 (6), -3.05868 (5), -2.99487 (6), -2.98430 (7), -2.91124 (8), -2.82198 (9), -2.77324 (6), -2.71785 (7), -2.67656 (9), -2.58799 (5), 
Length of domains: 214
Current (lb-rhs): -4.615375518798828
1254 domains visited
Time: pickout 0.0141    decision 0.0418    set_bounds 0.0041    solve 0.6232    add 0.0014    
Accumulated time: pickout 0.1591    decision 0.9141    set_bounds 0.0496    solve 8.1339    add 0.0275    
Time out!!!!!!!!
Result: unknown in 12.2250 seconds

 %%%%%%%%%%%%%%%%%%%%%%%%%%%%%%%%%%% idx: 4, vnnlib ID: 24 %%%%%%%%%%%%%%%%%%%%%%%%%%%%%%%%%%%
Finished vnnlib processing in 0.003479 seconds
Attack parameters: initialization=uniform, steps=100, restarts=30, alpha=0.012500002980232239, GAMA=False
PGD attack margin (first 2 examples and 10 specs):
 tensor([[13.24181557, 12.12924004, 14.28041649, 16.16123199, 11.79615498,
         14.63046074,  9.16501999, 14.24271393,  7.84549904]], device='cuda:0')
Total number of violation:  0
Processing batch 1/1...
  0%|          | 0/100 [00:00<?, ?it/s]  1%|          | 1/100 [00:00<00:01, 54.83it/s]
pgd early stop
PGD attack margin (first 2 examples and 10 specs):
 tensor([[ 4.21038628,  6.02530956,  5.49599648,  5.18034792,  1.31806588,
          5.43934536,  1.22147655,  3.24544692, -1.74285555]], device='cuda:0')
Total number of violation:  1
Attack finished in 0.0313 seconds.
PGD attack succeeded!

Checking and Saving Counterexample in check_and_save_cex

verified_status unsafe-pgd
verified_success True
Result: unsafe-pgd in 0.0358 seconds

 %%%%%%%%%%%%%%%%%%%%%%%%%%%%%%%%%%% idx: 5, vnnlib ID: 25 %%%%%%%%%%%%%%%%%%%%%%%%%%%%%%%%%%%
Finished vnnlib processing in 0.003403 seconds
Attack parameters: initialization=uniform, steps=100, restarts=30, alpha=0.012500002980232239, GAMA=False
PGD attack margin (first 2 examples and 10 specs):
 tensor([[25.04936409, 19.24198151, 26.34115791, 13.73813820, 22.65024948,
         15.72743225, 17.85951042, 18.86475372, 12.38229656]], device='cuda:0')
Total number of violation:  0
Processing batch 1/1...
  0%|          | 0/100 [00:00<?, ?it/s] 13%|█▎        | 13/100 [00:00<00:00, 125.75it/s] 26%|██▌       | 26/100 [00:00<00:00, 124.47it/s] 39%|███▉      | 39/100 [00:00<00:00, 124.91it/s] 54%|█████▍    | 54/100 [00:00<00:00, 131.36it/s] 68%|██████▊   | 68/100 [00:00<00:00, 131.37it/s] 82%|████████▏ | 82/100 [00:00<00:00, 133.37it/s] 96%|█████████▌| 96/100 [00:00<00:00, 134.69it/s]100%|██████████| 100/100 [00:00<00:00, 132.22it/s]
PGD attack margin (first 2 examples and 10 specs):
 tensor([[21.42655563, 15.94582462, 22.12070847,  7.66156769, 18.06893158,
         12.14462090, 12.28230381, 15.28002167,  7.90781784]], device='cuda:0')
Total number of violation:  0
Attack finished in 0.7729 seconds.
PGD attack failed
verified_status unknown
verified_success False
Model: BoundedModule(
  (/0): BoundInput(name=/0, inputs=[], perturbed=True)
  (/7): BoundParams(name=/7, inputs=[], perturbed=False)
  (/8): BoundParams(name=/8, inputs=[], perturbed=False)
  (/9): BoundParams(name=/9, inputs=[], perturbed=False)
  (/10): BoundParams(name=/10, inputs=[], perturbed=False)
  (/11): BoundParams(name=/11, inputs=[], perturbed=False)
  (/12): BoundParams(name=/12, inputs=[], perturbed=False)
  (/13): BoundFlatten(name=/13, inputs=[/0], perturbed=True)
  (/input): BoundLinear(name=/input, inputs=[/13, /7, /8], perturbed=True)
  (/15): BoundRelu(name=/15, inputs=[/input], perturbed=True)
  (/input-3): BoundLinear(name=/input-3, inputs=[/15, /9, /10], perturbed=True)
  (/17): BoundRelu(name=/17, inputs=[/input-3], perturbed=True)
  (/18): BoundLinear(name=/18, inputs=[/17, /11, /12], perturbed=True)
)
Original output in the first batch: tensor([[ 14.41205597, -10.94727993,  -5.15939903, -11.96157646,   0.44242120,
          -8.30482578,  -1.59069145,  -3.47471976,  -4.68909359,   1.98382866]],
       device='cuda:0')
Split layers:
Nonlinear functions:
   BoundRelu(name=/15, inputs=[/input], perturbed=True)
   BoundRelu(name=/17, inputs=[/input-3], perturbed=True)
build batch [1/1]
layer /15 using sparse-features alpha with shape [87]; unstable size 87; total size 256 ([1, 256])
layer /15 start_node /input-3 using sparse-spec alpha [2, 57, 1, 87] with unstable size 56 total_size 128 output_shape torch.Size([128])
layer /15 start_node /18 using full alpha [2, 9, 1, 87] with unstable size None total_size 9 output_shape 9
layer /17 using sparse-features alpha with shape [56]; unstable size 56; total size 128 ([1, 128])
layer /17 start_node /18 using full alpha [2, 9, 1, 56] with unstable size None total_size 9 output_shape 9
Optimizable variables initialized.
initial CROWN bounds (first 10 items): [17.521556854248047, 10.482877731323242, 18.097612380981445, 3.1984896659851074, 13.129590034484863, 8.97722053527832, 8.089956283569336, 10.524332046508789, 4.26370906829834]
Verified with initial CROWN!
verified with init bound!
Result: safe-incomplete in 0.9247 seconds

 %%%%%%%%%%%%%%%%%%%%%%%%%%%%%%%%%%% idx: 6, vnnlib ID: 26 %%%%%%%%%%%%%%%%%%%%%%%%%%%%%%%%%%%
Finished vnnlib processing in 0.003206 seconds
Attack parameters: initialization=uniform, steps=100, restarts=30, alpha=0.012500002980232239, GAMA=False
PGD attack margin (first 2 examples and 10 specs):
 tensor([[11.69169998, 13.76950264,  9.43405914,  8.51915741, 16.78897095,
         13.27435780, 24.33974075, 13.80850887,  7.28283739]], device='cuda:0')
Total number of violation:  0
Processing batch 1/1...
  0%|          | 0/100 [00:00<?, ?it/s]  1%|          | 1/100 [00:00<00:03, 32.37it/s]
pgd early stop
PGD attack margin (first 2 examples and 10 specs):
 tensor([[ 2.76906729,  7.55951023,  2.75841451,  0.46832490,  9.20362949,
          3.65362406, 12.72692680,  4.76918268, -0.01989269]], device='cuda:0')
Total number of violation:  1
Attack finished in 0.0736 seconds.
PGD attack succeeded!

Checking and Saving Counterexample in check_and_save_cex

verified_status unsafe-pgd
verified_success True
Result: unsafe-pgd in 0.0797 seconds

 %%%%%%%%%%%%%%%%%%%%%%%%%%%%%%%%%%% idx: 7, vnnlib ID: 27 %%%%%%%%%%%%%%%%%%%%%%%%%%%%%%%%%%%
Finished vnnlib processing in 0.017022 seconds
Attack parameters: initialization=uniform, steps=100, restarts=30, alpha=0.012500002980232239, GAMA=False
PGD attack margin (first 2 examples and 10 specs):
 tensor([[21.95048523, 19.70451164, 18.09600258, 22.87452316, 17.15947533,
         22.35968781, 17.05263710, 18.51417542, 12.05472851]], device='cuda:0')
Total number of violation:  0
Processing batch 1/1...
  0%|          | 0/100 [00:00<?, ?it/s]  6%|▌         | 6/100 [00:00<00:01, 57.19it/s] 12%|█▏        | 12/100 [00:00<00:01, 55.78it/s] 18%|█▊        | 18/100 [00:00<00:01, 57.54it/s] 24%|██▍       | 24/100 [00:00<00:01, 55.80it/s] 30%|███       | 30/100 [00:00<00:01, 55.04it/s] 37%|███▋      | 37/100 [00:00<00:01, 59.81it/s] 44%|████▍     | 44/100 [00:00<00:00, 61.99it/s] 51%|█████     | 51/100 [00:00<00:00, 62.68it/s] 58%|█████▊    | 58/100 [00:00<00:00, 64.66it/s] 65%|██████▌   | 65/100 [00:01<00:00, 63.34it/s] 72%|███████▏  | 72/100 [00:01<00:00, 62.51it/s] 80%|████████  | 80/100 [00:01<00:00, 66.96it/s] 87%|████████▋ | 87/100 [00:01<00:00, 67.12it/s] 94%|█████████▍| 94/100 [00:01<00:00, 67.75it/s]100%|██████████| 100/100 [00:01<00:00, 63.61it/s]
PGD attack margin (first 2 examples and 10 specs):
 tensor([[12.72605133, 12.13324547,  7.43871880, 10.78396130,  6.44322157,
         12.16955566,  9.17517281,  6.26085567,  2.49863386]], device='cuda:0')
Total number of violation:  0
Attack finished in 1.6396 seconds.
PGD attack failed
verified_status unknown
verified_success False
Model: BoundedModule(
  (/0): BoundInput(name=/0, inputs=[], perturbed=True)
  (/7): BoundParams(name=/7, inputs=[], perturbed=False)
  (/8): BoundParams(name=/8, inputs=[], perturbed=False)
  (/9): BoundParams(name=/9, inputs=[], perturbed=False)
  (/10): BoundParams(name=/10, inputs=[], perturbed=False)
  (/11): BoundParams(name=/11, inputs=[], perturbed=False)
  (/12): BoundParams(name=/12, inputs=[], perturbed=False)
  (/13): BoundFlatten(name=/13, inputs=[/0], perturbed=True)
  (/input): BoundLinear(name=/input, inputs=[/13, /7, /8], perturbed=True)
  (/15): BoundRelu(name=/15, inputs=[/input], perturbed=True)
  (/input-3): BoundLinear(name=/input-3, inputs=[/15, /9, /10], perturbed=True)
  (/17): BoundRelu(name=/17, inputs=[/input-3], perturbed=True)
  (/18): BoundLinear(name=/18, inputs=[/17, /11, /12], perturbed=True)
)
Original output in the first batch: tensor([[-7.69170189, -5.80410147, -3.40680552, -7.69510984, 12.92491150,
         -2.40049839, -8.08081722, -3.20192766, -3.44807506,  2.41698194]],
       device='cuda:0')
Split layers:
Nonlinear functions:
   BoundRelu(name=/15, inputs=[/input], perturbed=True)
   BoundRelu(name=/17, inputs=[/input-3], perturbed=True)
build batch [1/1]
layer /15 using sparse-features alpha with shape [163]; unstable size 163; total size 256 ([1, 256])
layer /15 start_node /input-3 using sparse-spec alpha [2, 90, 1, 163] with unstable size 89 total_size 128 output_shape torch.Size([128])
layer /15 start_node /18 using full alpha [2, 9, 1, 163] with unstable size None total_size 9 output_shape 9
layer /17 using sparse-features alpha with shape [89]; unstable size 89; total size 128 ([1, 128])
layer /17 start_node /18 using full alpha [2, 9, 1, 89] with unstable size None total_size 9 output_shape 9
Optimizable variables initialized.
initial CROWN bounds (first 10 items): [-2.8925094604492188, -1.5194616317749023, -7.849237442016602, -4.749131202697754, -10.104500770568848, -3.4410171508789062, -5.08430290222168, -7.533688545227051, -11.14900016784668]
prune_after_crown optimization in use
  original spec size = torch.Size([1, 9])
  pruned spec size = torch.Size([1, 9])
Using alpha-CROWN to initialize bounds.
best_l after optimization: -46.91078567504883
alpha/beta optimization time: 3.0631120204925537
initial alpha-crown bounds (first 10 items): [-2.246384620666504, -0.9502048492431641, -6.706509590148926, -4.086423873901367, -9.053206443786621, -2.4102516174316406, -4.522102355957031, -6.466886520385742, -10.468815803527832]
Global lower bound: -10.468815803527832
torch.Size([1, 9])
0 / 9 OR specs are verified.
Verified OR indices (first 10 items): []
Verified OR lbs (first 10 items): []
Unverified OR indices (first 10 items): [0, 1, 2, 3, 4, 5, 6, 7, 8]
Unverified OR lbs (first 10 items): [[-2.246384620666504], [-0.9502048492431641], [-6.706509590148926], [-4.086423873901367], [-9.053206443786621], [-2.4102516174316406], [-4.522102355957031], [-6.466886520385742], [-10.468815803527832]]
###### Verifying property Instance 7 ######
Batch size: 9
First 10 spec matrices
C: tensor([[[-1.,  0.,  0.,  0.,  1.,  0.,  0.,  0.,  0.,  0.]],

        [[ 0., -1.,  0.,  0.,  1.,  0.,  0.,  0.,  0.,  0.]],

        [[ 0.,  0., -1.,  0.,  1.,  0.,  0.,  0.,  0.,  0.]],

        [[ 0.,  0.,  0., -1.,  1.,  0.,  0.,  0.,  0.,  0.]],

        [[ 0.,  0.,  0.,  0.,  1., -1.,  0.,  0.,  0.,  0.]],

        [[ 0.,  0.,  0.,  0.,  1.,  0., -1.,  0.,  0.,  0.]],

        [[ 0.,  0.,  0.,  0.,  1.,  0.,  0., -1.,  0.,  0.]],

        [[ 0.,  0.,  0.,  0.,  1.,  0.,  0.,  0., -1.,  0.]],

        [[ 0.,  0.,  0.,  0.,  1.,  0.,  0.,  0.,  0., -1.]]], device='cuda:0')
RHS: tensor([[0.],
        [0.],
        [0.],
        [0.],
        [0.],
        [0.],
        [0.],
        [0.],
        [0.]], device='cuda:0')
OR spec sizes: tensor([1, 1, 1, 1, 1, 1, 1, 1, 1], device='cuda:0', dtype=torch.int32)
Remaining timeout: 6.762669086456299
Model prediction is: tensor([-7.69170189, -5.80410147, -3.40680552, -7.69510984, 12.92491150,
        -2.40049839, -8.08081722, -3.20192766, -3.44807506,  2.41698194],
       device='cuda:0')
Activation BaB batch 1/1 
build_with_refined_bounds batch [1/1]
Optimizable variables initialized.
all alpha initialized
directly get lb and ub from refined bounds
c shape: torch.Size([9, 1, 10])
lA shapes: [torch.Size([9, 1, 256]), torch.Size([9, 1, 128])]
torch.Size([9, 1])
(alpha-)CROWN with fixed intermediate bounds: tensor([[ -2.24638462],
        [ -0.95020485],
        [ -6.70650959],
        [ -4.08642387],
        [ -9.05320644],
        [ -2.41025162],
        [ -4.52210236],
        [ -6.46688652],
        [-10.46881580]], device='cuda:0') tensor([[inf],
        [inf],
        [inf],
        [inf],
        [inf],
        [inf],
        [inf],
        [inf],
        [inf]], device='cuda:0')
Intermediate layers: /input,/input-3
Keeping alphas for these layers: ['/18']
Node /15 input 0: size torch.Size([256]) unstable 163
Node /17 input 0: size torch.Size([128]) unstable 87
-----------------
# of unstable neurons: 250
-----------------

BaB round 1
batch: 9
splitting decisions: 
split level 0: [/input, 71] [/input, 4] [/input, 71] [/input, 71] [/input, 163] [/input-3, 102] [/input, 231] [/input, 163] [/input, 71] 
best_l after optimization: -83.25979614257812
beta sum per layer: [2.8975486755371094, 0.8448919653892517]
alpha/beta optimization time: 0.7942123413085938
pruning_in_iteration open status: False
ratio of positive domain = 0 / 18 = 0.0
pruning-in-iteration extra time: 0.0009999275207519531
torch.Size([18, 1])
Time: prepare 0.0037    bound 0.7962    transfer 0.0017    finalize 0.0082    func 0.8099    
Accumulated time: func 0.8099    prepare 0.0194    bound 0.7962    transfer 0.0017    finalize 0.0082    
max lb tensor(-0.15421963) min lb tensor(-10.02293682)
Number of Verified Splits: 0 of 18
Current worst splitting domains lb-rhs (depth):
-10.02294 (1), -9.99884 (1), -8.47227 (1), -8.32718 (1), -6.21589 (1), -6.08962 (1), -5.96081 (1), -5.86251 (1), -4.09964 (1), -3.96249 (1), -3.65091 (1), -3.38819 (1), -1.99301 (1), -1.81313 (1), -1.70660 (1), -1.05434 (1), -0.48722 (1), -0.15422 (1), 
Length of domains: 18
Current (lb-rhs): -10.022936820983887
18 domains visited
Time: pickout 0.0025    decision 0.0720    set_bounds 0.0022    solve 0.8113    add 0.0102    
Accumulated time: pickout 0.0025    decision 0.0720    set_bounds 0.0022    solve 0.8113    add 0.0102    
Cumulative time: 0.9461796283721924

BaB round 2
batch: 18
splitting decisions: 
split level 0: [/input-3, 11] [/input, 239] [/input-3, 25] [/input-3, 65] [/input, 4] [/input, 173] [/input, 71] [/input, 239] [/input, 141] [/input-3, 81] 
best_l after optimization: -146.3277130126953
beta sum per layer: [12.382871627807617, 6.334807872772217]
alpha/beta optimization time: 0.84517502784729
pruning_in_iteration open status: False
ratio of positive domain = 2 / 36 = 0.05555555555555558
pruning-in-iteration extra time: 0.0004999637603759766
torch.Size([36, 1])
Time: prepare 0.0066    bound 0.8479    transfer 0.0014    finalize 0.0050    func 0.8610    
Accumulated time: func 1.6708    prepare 0.0373    bound 1.6442    transfer 0.0031    finalize 0.0132    
max lb tensor(0.22603893) min lb tensor(-9.71557045)
Number of Verified Splits: 2 of 36
Current worst splitting domains lb-rhs (depth):
-9.71557 (2), -9.69518 (2), -9.28741 (2), -9.27226 (2), -7.91916 (2), -7.77248 (2), -7.64984 (2), -7.04732 (2), -5.80310 (2), -5.71720 (2), -5.70087 (2), -5.69804 (2), -5.53247 (2), -5.48967 (2), -5.48698 (2), -5.46759 (2), -3.69787 (2), -3.67892 (2), -3.56896 (2), -3.53028 (2), 
Length of domains: 34
Current (lb-rhs): -9.715570449829102
54 domains visited
Time: pickout 0.0275    decision 0.1071    set_bounds 0.0065    solve 0.8617    add 0.0020    
Accumulated time: pickout 0.0300    decision 0.1791    set_bounds 0.0087    solve 1.6730    add 0.0122    
Cumulative time: 1.9514195919036865

BaB round 3
batch: 34
splitting decisions: 
split level 0: [/input, 150] [/input, 239] [/input, 141] [/input, 135] [/input, 163] [/input, 141] [/input, 141] [/input, 150] [/input, 150] [/input-3, 7] 
best_l after optimization: -257.5846862792969
beta sum per layer: [52.093894958496094, 14.841354370117188]
alpha/beta optimization time: 0.8007321357727051
pruning_in_iteration open status: False
ratio of positive domain = 8 / 68 = 0.11764705882352944
pruning-in-iteration extra time: 0.0009996891021728516
torch.Size([68, 1])
Time: prepare 0.0041    bound 0.8026    transfer 0.0025    finalize 0.0069    func 0.8164    
Accumulated time: func 2.4872    prepare 0.0489    bound 2.4468    transfer 0.0055    finalize 0.0201    
max lb tensor(0.31878090) min lb tensor(-9.38803673)
Number of Verified Splits: 8 of 68
Current worst splitting domains lb-rhs (depth):
-9.38804 (3), -9.36544 (3), -9.36068 (3), -9.34883 (3), -8.96948 (3), -8.96122 (3), -8.92908 (3), -8.90068 (3), -7.38772 (3), -7.26630 (3), -7.21772 (3), -7.18589 (3), -6.57596 (3), -5.95174 (3), -5.55509 (3), -5.44100 (3), -5.43733 (3), -5.43544 (3), -5.41590 (3), -5.38507 (3), 
Length of domains: 60
Current (lb-rhs): -9.388036727905273
122 domains visited
Time: pickout 0.0181    decision 0.0887    set_bounds 0.0035    solve 0.8171    add 0.0026    
Accumulated time: pickout 0.0481    decision 0.2678    set_bounds 0.0122    solve 2.4902    add 0.0148    
Cumulative time: 2.881744861602783

BaB round 4
batch: 60
splitting decisions: 
split level 0: [/input-3, 81] [/input, 163] [/input, 163] [/input, 173] [/input, 123] [/input, 178] [/input-3, 104] [/input, 123] [/input-3, 11] [/input, 163] 
best_l after optimization: -442.8323059082031
beta sum per layer: [161.66073608398438, 37.1776008605957]
alpha/beta optimization time: 0.7330615520477295
pruning_in_iteration open status: False
ratio of positive domain = 8 / 120 = 0.06666666666666665
pruning-in-iteration extra time: 0.0006906986236572266
torch.Size([120, 1])
Time: prepare 0.0049    bound 0.7348    transfer 0.0011    finalize 0.0103    func 0.7513    
Accumulated time: func 3.2385    prepare 0.0676    bound 3.1816    transfer 0.0066    finalize 0.0303    
max lb tensor(0.39083099) min lb tensor(-9.11347866)
Number of Verified Splits: 8 of 120
Current worst splitting domains lb-rhs (depth):
-9.11348 (4), -9.09548 (4), -9.07625 (4), -9.05861 (4), -8.77259 (4), -8.73775 (4), -8.73579 (4), -8.63872 (4), -8.63358 (4), -8.60463 (4), -8.59229 (4), -8.48355 (4), -8.45143 (4), -8.43518 (4), -8.36188 (4), -7.58084 (4), -6.93389 (4), -6.92210 (4), -6.80672 (4), -6.80571 (4), 
Length of domains: 112
Current (lb-rhs): -9.113478660583496
242 domains visited
Time: pickout 0.0245    decision 0.1209    set_bounds 0.0045    solve 0.7521    add 0.0018    
Accumulated time: pickout 0.0726    decision 0.3886    set_bounds 0.0167    solve 3.2422    add 0.0167    
Cumulative time: 3.7857677936553955

BaB round 5
batch: 64
splitting decisions: 
split level 0: [/input-3, 42] [/input-3, 89] [/input, 151] [/input, 141] [/input-3, 0] [/input, 173] [/input-3, 97] [/input-3, 42] [/input-3, 89] [/input-3, 81] 
best_l after optimization: -434.891357421875
beta sum per layer: [234.75437927246094, 81.26313018798828]
alpha/beta optimization time: 0.7772352695465088
pruning_in_iteration open status: False
ratio of positive domain = 13 / 128 = 0.1015625
pruning-in-iteration extra time: 0.0012388229370117188
torch.Size([128, 1])
Time: prepare 0.0089    bound 0.7798    transfer 0.0010    finalize 0.0068    func 0.7966    
Accumulated time: func 4.0350    prepare 0.0904    bound 3.9614    transfer 0.0077    finalize 0.0371    
max lb tensor(0.54941368) min lb tensor(-8.44328308)
Number of Verified Splits: 13 of 128
Current worst splitting domains lb-rhs (depth):
-9.11348 (4), -9.09548 (4), -9.07625 (4), -9.05861 (4), -8.63872 (4), -8.63358 (4), -8.44328 (5), -8.41325 (5), -8.40543 (5), -8.33155 (5), -8.32624 (5), -8.24354 (5), -8.21893 (5), -8.17712 (5), -8.17419 (5), -8.14412 (5), -8.13524 (5), -8.06023 (5), -7.99248 (5), -7.88541 (5), 
Length of domains: 163
Current (lb-rhs): -9.113478660583496
370 domains visited
Time: pickout 0.0249    decision 0.1245    set_bounds 0.0065    solve 0.7976    add 0.0023    
Accumulated time: pickout 0.0976    decision 0.5131    set_bounds 0.0232    solve 4.0399    add 0.0190    
Cumulative time: 4.741858720779419

BaB round 6
batch: 64
splitting decisions: 
split level 0: [/input-3, 81] [/input-3, 126] [/input-3, 81] [/input, 163] [/input-3, 25] [/input-3, 25] [/input-3, 81] [/input-3, 126] [/input-3, 81] [/input-3, 81] 
best_l after optimization: -407.46826171875
beta sum per layer: [265.9296875, 135.33692932128906]
alpha/beta optimization time: 0.7259979248046875
pruning_in_iteration open status: False
ratio of positive domain = 17 / 128 = 0.1328125
pruning-in-iteration extra time: 0.0008754730224609375
torch.Size([128, 1])
Time: prepare 0.0050    bound 0.7279    transfer 0.0009    finalize 0.0053    func 0.7391    
Accumulated time: func 4.7742    prepare 0.1069    bound 4.6893    transfer 0.0086    finalize 0.0423    
max lb tensor(0.34262753) min lb tensor(-8.16756630)
Number of Verified Splits: 17 of 128
Current worst splitting domains lb-rhs (depth):
-9.11348 (4), -9.09548 (4), -9.07625 (4), -9.05861 (4), -8.63872 (4), -8.63358 (4), -8.32624 (5), -8.24354 (5), -8.21893 (5), -8.17712 (5), -8.16757 (6), -8.13376 (6), -8.11469 (6), -8.07314 (6), -7.99248 (5), -7.91003 (6), -7.88541 (5), -7.87029 (6), -7.86566 (6), -7.83048 (5), 
Length of domains: 210
Current (lb-rhs): -9.113478660583496
498 domains visited
Time: pickout 0.0233    decision 0.1240    set_bounds 0.0052    solve 0.7409    add 0.0029    
Accumulated time: pickout 0.1209    decision 0.6371    set_bounds 0.0284    solve 4.7808    add 0.0219    
Cumulative time: 5.63887882232666

BaB round 7
batch: 64
splitting decisions: 
split level 0: [/input, 123] [/input, 71] [/input-3, 65] [/input, 163] [/input, 141] [/input, 123] [/input, 71] [/input, 163] [/input-3, 97] [/input-3, 25] 
best_l after optimization: -403.8097839355469
beta sum per layer: [279.03399658203125, 162.43319702148438]
alpha/beta optimization time: 0.6855759620666504
pruning_in_iteration open status: False
ratio of positive domain = 12 / 128 = 0.09375
pruning-in-iteration extra time: 0.00015854835510253906
torch.Size([128, 1])
Time: prepare 0.0089    bound 0.6867    transfer 0.0005    finalize 0.0026    func 0.6988    
Accumulated time: func 5.4730    prepare 0.1240    bound 5.3760    transfer 0.0091    finalize 0.0450    
max lb tensor(0.39299202) min lb tensor(-7.64478874)
Number of Verified Splits: 12 of 128
Current worst splitting domains lb-rhs (depth):
-9.11348 (4), -9.09548 (4), -9.07625 (4), -9.05861 (4), -8.63872 (4), -8.63358 (4), -8.32624 (5), -8.24354 (5), -8.21893 (5), -8.17712 (5), -8.16757 (6), -8.13376 (6), -8.11469 (6), -8.07314 (6), -7.99248 (5), -7.91003 (6), -7.88541 (5), -7.86566 (6), -7.83048 (5), -7.64479 (7), 
Length of domains: 262
Current (lb-rhs): -9.113478660583496
626 domains visited
Time: pickout 0.0181    decision 0.1126    set_bounds 0.0054    solve 0.6995    add 0.0013    
Accumulated time: pickout 0.1390    decision 0.7498    set_bounds 0.0338    solve 5.4802    add 0.0231    
Cumulative time: 6.476031303405762

BaB round 8
batch: 64
splitting decisions: 
split level 0: [/input-3, 97] [/input-3, 71] [/input-3, 47] [/input, 163] [/input-3, 97] [/input-3, 25] [/input-3, 47] [/input, 163] [/input-3, 74] [/input-3, 74] 
best_l after optimization: -399.037841796875
beta sum per layer: [303.54107666015625, 168.5801239013672]
alpha/beta optimization time: 0.5228123664855957
pruning_in_iteration open status: False
ratio of positive domain = 16 / 128 = 0.125
pruning-in-iteration extra time: 0.00019669532775878906
torch.Size([128, 1])
Time: prepare 0.0046    bound 0.5240    transfer 0.0003    finalize 0.0025    func 0.5314    
Accumulated time: func 6.0044    prepare 0.1312    bound 5.9000    transfer 0.0094    finalize 0.0474    
max lb tensor(0.86452484) min lb tensor(-7.37186050)
Number of Verified Splits: 16 of 128
Current worst splitting domains lb-rhs (depth):
-9.11348 (4), -9.09548 (4), -9.07625 (4), -9.05861 (4), -8.63872 (4), -8.63358 (4), -8.32624 (5), -8.24354 (5), -8.21893 (5), -8.17712 (5), -8.16757 (6), -8.13376 (6), -8.11469 (6), -8.07314 (6), -7.99248 (5), -7.91003 (6), -7.88541 (5), -7.86566 (6), -7.83048 (5), -7.58055 (6), 
Length of domains: 310
Current (lb-rhs): -9.113478660583496
754 domains visited
Time: pickout 0.0148    decision 0.0416    set_bounds 0.0042    solve 0.5322    add 0.0014    
Accumulated time: pickout 0.1538    decision 0.7914    set_bounds 0.0380    solve 6.0124    add 0.0245    
Time out!!!!!!!!
Result: unknown in 12.3217 seconds

 %%%%%%%%%%%%%%%%%%%%%%%%%%%%%%%%%%% idx: 8, vnnlib ID: 28 %%%%%%%%%%%%%%%%%%%%%%%%%%%%%%%%%%%
Finished vnnlib processing in 0.004221 seconds
Attack parameters: initialization=uniform, steps=100, restarts=30, alpha=0.012500002980232239, GAMA=False
PGD attack margin (first 2 examples and 10 specs):
 tensor([[23.67714310, 13.68527603, 20.05683708, 24.82249832, 18.52486992,
         19.69601440, 17.89197540, 16.68419075, 14.48096466]], device='cuda:0')
Total number of violation:  0
Processing batch 1/1...
  0%|          | 0/100 [00:00<?, ?it/s] 12%|█▏        | 12/100 [00:00<00:00, 109.23it/s] 25%|██▌       | 25/100 [00:00<00:00, 120.45it/s] 41%|████      | 41/100 [00:00<00:00, 135.63it/s] 56%|█████▌    | 56/100 [00:00<00:00, 138.67it/s] 71%|███████   | 71/100 [00:00<00:00, 140.88it/s] 86%|████████▌ | 86/100 [00:00<00:00, 135.40it/s]100%|██████████| 100/100 [00:00<00:00, 137.86it/s]
PGD attack margin (first 2 examples and 10 specs):
 tensor([[19.18847656,  9.18940163, 14.78773308, 19.43251038, 13.93125534,
         16.08023834, 12.02525043, 12.92830181, 10.45640469]], device='cuda:0')
Total number of violation:  0
Attack finished in 0.7413 seconds.
PGD attack failed
verified_status unknown
verified_success False
Model: BoundedModule(
  (/0): BoundInput(name=/0, inputs=[], perturbed=True)
  (/7): BoundParams(name=/7, inputs=[], perturbed=False)
  (/8): BoundParams(name=/8, inputs=[], perturbed=False)
  (/9): BoundParams(name=/9, inputs=[], perturbed=False)
  (/10): BoundParams(name=/10, inputs=[], perturbed=False)
  (/11): BoundParams(name=/11, inputs=[], perturbed=False)
  (/12): BoundParams(name=/12, inputs=[], perturbed=False)
  (/13): BoundFlatten(name=/13, inputs=[/0], perturbed=True)
  (/input): BoundLinear(name=/input, inputs=[/13, /7, /8], perturbed=True)
  (/15): BoundRelu(name=/15, inputs=[/input], perturbed=True)
  (/input-3): BoundLinear(name=/input-3, inputs=[/15, /9, /10], perturbed=True)
  (/17): BoundRelu(name=/17, inputs=[/input-3], perturbed=True)
  (/18): BoundLinear(name=/18, inputs=[/17, /11, /12], perturbed=True)
)
Original output in the first batch: tensor([[ 14.63065815,  -9.67369080,   0.80711585,  -5.45805407, -11.05399418,
          -3.93348145,  -5.75949287,  -3.41120076,  -2.37214708,  -0.07468328]],
       device='cuda:0')
Split layers:
Nonlinear functions:
   BoundRelu(name=/15, inputs=[/input], perturbed=True)
   BoundRelu(name=/17, inputs=[/input-3], perturbed=True)
build batch [1/1]
layer /15 using sparse-features alpha with shape [122]; unstable size 122; total size 256 ([1, 256])
layer /15 start_node /input-3 using sparse-spec alpha [2, 71, 1, 122] with unstable size 70 total_size 128 output_shape torch.Size([128])
layer /15 start_node /18 using full alpha [2, 9, 1, 122] with unstable size None total_size 9 output_shape 9
layer /17 using sparse-features alpha with shape [70]; unstable size 70; total size 128 ([1, 128])
layer /17 start_node /18 using full alpha [2, 9, 1, 70] with unstable size None total_size 9 output_shape 9
Optimizable variables initialized.
initial CROWN bounds (first 10 items): [9.65966796875, 0.1971139907836914, 3.7828855514526367, 11.558423042297363, 3.433900833129883, 10.034012794494629, 2.892420768737793, 4.115972518920898, 3.029829978942871]
Verified with initial CROWN!
verified with init bound!
Result: safe-incomplete in 0.8900 seconds

 %%%%%%%%%%%%%%%%%%%%%%%%%%%%%%%%%%% idx: 9, vnnlib ID: 29 %%%%%%%%%%%%%%%%%%%%%%%%%%%%%%%%%%%
Finished vnnlib processing in 0.003242 seconds
Attack parameters: initialization=uniform, steps=100, restarts=30, alpha=0.012500002980232239, GAMA=False
PGD attack margin (first 2 examples and 10 specs):
 tensor([[15.19672871, 10.43448257,  6.56926250,  6.78472805,  8.33336830,
         11.57734299,  7.53667831,  6.40130568, 11.90912628]], device='cuda:0')
Total number of violation:  0
Processing batch 1/1...
  0%|          | 0/100 [00:00<?, ?it/s]  1%|          | 1/100 [00:00<00:01, 62.73it/s]
pgd early stop
PGD attack margin (first 2 examples and 10 specs):
 tensor([[ 6.11527967,  0.26650810, -4.43379450,  0.81415796, -1.33791876,
          3.57425451, -0.25431967, -2.13949108,  3.24678373]], device='cuda:0')
Total number of violation:  4
Attack finished in 0.0286 seconds.
PGD attack succeeded!

Checking and Saving Counterexample in check_and_save_cex

verified_status unsafe-pgd
verified_success True
Result: unsafe-pgd in 0.0326 seconds
############# Summary #############
Final verified acc: 20.0% (total 10 examples)
Problem instances count: 10 , total verified (safe/unsat): 2 , total falsified (unsafe/sat): 5 , timeout: 3
mean time for ALL instances (total 10):4.020439347518722, max time: 12.814320087432861
mean time for verified SAFE instances(total 2): 0.9073364734649658, max time: 0.92472243309021
mean time for verified (SAFE + UNSAFE) instances (total 7): 0.4061947890690395, max time: 0.92472243309021
mean time for verified SAFE + TIMEOUT instances (total 5): 7.835148620605469, max time: 12.814320087432861 
mean time for verified UNSAFE instances (total 5): 0.20573811531066893, max time: 0.8504040241241455
unsafe-pgd (total 5), index: [0, 1, 4, 6, 9]
unknown (total 3), index: [2, 3, 7]
safe-incomplete (total 2), index: [5, 8]
